Component: ARM Compiler 5.06 update 5 (build 528) Tool: armlink [4d35e2]

==============================================================================

Section Cross References

    startup_stm32f407xx.o(STACK) refers (Special) to heapauxi.o(.text) for __use_two_region_memory
    startup_stm32f407xx.o(HEAP) refers (Special) to heapauxi.o(.text) for __use_two_region_memory
    startup_stm32f407xx.o(RESET) refers (Special) to heapauxi.o(.text) for __use_two_region_memory
    startup_stm32f407xx.o(RESET) refers to startup_stm32f407xx.o(STACK) for __initial_sp
    startup_stm32f407xx.o(RESET) refers to startup_stm32f407xx.o(.text) for Reset_Handler
    startup_stm32f407xx.o(RESET) refers to stm32f4xx_it.o(i.NMI_Handler) for NMI_Handler
    startup_stm32f407xx.o(RESET) refers to stm32f4xx_it.o(i.HardFault_Handler) for HardFault_Handler
    startup_stm32f407xx.o(RESET) refers to stm32f4xx_it.o(i.MemManage_Handler) for MemManage_Handler
    startup_stm32f407xx.o(RESET) refers to stm32f4xx_it.o(i.BusFault_Handler) for BusFault_Handler
    startup_stm32f407xx.o(RESET) refers to stm32f4xx_it.o(i.UsageFault_Handler) for UsageFault_Handler
    startup_stm32f407xx.o(RESET) refers to stm32f4xx_it.o(i.SVC_Handler) for SVC_Handler
    startup_stm32f407xx.o(RESET) refers to stm32f4xx_it.o(i.DebugMon_Handler) for DebugMon_Handler
    startup_stm32f407xx.o(RESET) refers to stm32f4xx_it.o(i.PendSV_Handler) for PendSV_Handler
    startup_stm32f407xx.o(RESET) refers to stm32f4xx_it.o(i.SysTick_Handler) for SysTick_Handler
    startup_stm32f407xx.o(RESET) refers to stm32f4xx_it.o(i.EXTI0_IRQHandler) for EXTI0_IRQHandler
    startup_stm32f407xx.o(RESET) refers to stm32f4xx_it.o(i.EXTI1_IRQHandler) for EXTI1_IRQHandler
    startup_stm32f407xx.o(RESET) refers to stm32f4xx_it.o(i.EXTI4_IRQHandler) for EXTI4_IRQHandler
    startup_stm32f407xx.o(RESET) refers to bsp_uart.o(i.USART1_IRQHandler) for USART1_IRQHandler
    startup_stm32f407xx.o(RESET) refers to bsp_uart.o(i.USART2_IRQHandler) for USART2_IRQHandler
    startup_stm32f407xx.o(RESET) refers to bsp_uart.o(i.USART3_IRQHandler) for USART3_IRQHandler
    startup_stm32f407xx.o(RESET) refers to bsp_uart.o(i.UART4_IRQHandler) for UART4_IRQHandler
    startup_stm32f407xx.o(RESET) refers to bsp_uart.o(i.UART5_IRQHandler) for UART5_IRQHandler
    startup_stm32f407xx.o(RESET) refers to bsp_uart.o(i.USART6_IRQHandler) for USART6_IRQHandler
    startup_stm32f407xx.o(.text) refers (Special) to heapauxi.o(.text) for __use_two_region_memory
    startup_stm32f407xx.o(.text) refers to system_stm32f4xx.o(i.SystemInit) for SystemInit
    startup_stm32f407xx.o(.text) refers to __main.o(!!!main) for __main
    startup_stm32f407xx.o(.text) refers to startup_stm32f407xx.o(HEAP) for Heap_Mem
    startup_stm32f407xx.o(.text) refers to startup_stm32f407xx.o(STACK) for Stack_Mem
    main.o(i.App_ShowDataOnOLED) refers to _printf_pad.o(.text) for _printf_pre_padding
    main.o(i.App_ShowDataOnOLED) refers to _printf_percent.o(.ARM.Collect$$_printf_percent$$00000000) for _printf_percent
    main.o(i.App_ShowDataOnOLED) refers to _printf_u.o(.ARM.Collect$$_printf_percent$$0000000A) for _printf_u
    main.o(i.App_ShowDataOnOLED) refers to _printf_dec.o(.text) for _printf_int_dec
    main.o(i.App_ShowDataOnOLED) refers to rt_memclr_w.o(.text) for __aeabi_memclr4
    main.o(i.App_ShowDataOnOLED) refers to bsp_oled.o(i.OLED_Clear) for OLED_Clear
    main.o(i.App_ShowDataOnOLED) refers to bsp_oled.o(i.OLED_String) for OLED_String
    main.o(i.App_ShowDataOnOLED) refers to __2snprintf.o(.text) for __2snprintf
    main.o(i.App_ShowDataOnOLED) refers to main.o(.data) for .data
    main.o(i.Door_SetState) refers to main.o(i.Servo_SetAngle) for Servo_SetAngle
    main.o(i.HAL_GPIO_EXTI_Callback) refers to main.o(.data) for .data
    main.o(i.Servo_Init) refers to rt_memclr_w.o(.text) for __aeabi_memclr4
    main.o(i.Servo_Init) refers to stm32f4xx_hal_gpio.o(i.HAL_GPIO_Init) for HAL_GPIO_Init
    main.o(i.Servo_Init) refers to stm32f4xx_hal_tim.o(i.HAL_TIM_PWM_Init) for HAL_TIM_PWM_Init
    main.o(i.Servo_Init) refers to stm32f4xx_hal_tim.o(i.HAL_TIM_PWM_ConfigChannel) for HAL_TIM_PWM_ConfigChannel
    main.o(i.Servo_Init) refers to stm32f4xx_hal_tim.o(i.HAL_TIM_PWM_Start) for HAL_TIM_PWM_Start
    main.o(i.Servo_Init) refers to main.o(.bss) for .bss
    main.o(i.Servo_SetAngle) refers to main.o(.bss) for .bss
    main.o(i.SystemClock_Config) refers to rt_memclr_w.o(.text) for __aeabi_memclr4
    main.o(i.SystemClock_Config) refers to stm32f4xx_hal_rcc.o(i.HAL_RCC_OscConfig) for HAL_RCC_OscConfig
    main.o(i.SystemClock_Config) refers to stm32f4xx_hal_rcc.o(i.HAL_RCC_ClockConfig) for HAL_RCC_ClockConfig
    main.o(i.main) refers to _printf_percent.o(.ARM.Collect$$_printf_percent$$00000000) for _printf_percent
    main.o(i.main) refers to _printf_s.o(.ARM.Collect$$_printf_percent$$00000014) for _printf_s
    main.o(i.main) refers to _printf_str.o(.text) for _printf_str
[...]
    ../clib/signal.c                         0x00000000   Number         0  defsig_segv_inner.o ABSOLUTE
    ../clib/signal.c                         0x00000000   Number         0  defsig_other.o ABSOLUTE
    ../clib/signal.c                         0x00000000   Number         0  defsig_cppl_inner.o ABSOLUTE
    ../clib/signal.c                         0x00000000   Number         0  defsig_rtmem_outer.o ABSOLUTE
    ../clib/signal.c                         0x00000000   Number         0  defsig_fpe_formal.o ABSOLUTE
    ../clib/signal.c                         0x00000000   Number         0  defsig_fpe_outer.o ABSOLUTE
    ../clib/signal.s                         0x00000000   Number         0  defsig.o ABSOLUTE
    ../clib/stdio.c                          0x00000000   Number         0  ferror.o ABSOLUTE
    ../clib/stdio.c                          0x00000000   Number         0  ferror_locked.o ABSOLUTE
    ../clib/stdlib.c                         0x00000000   Number         0  exit.o ABSOLUTE
    ../clib/string.c                         0x00000000   Number         0  strstr.o ABSOLUTE
    ../clib/string.c                         0x00000000   Number         0  strlen.o ABSOLUTE
    ../fplib/fpinit.s                        0x00000000   Number         0  fpinit.o ABSOLUTE
    ../fplib/istatus.s                       0x00000000   Number         0  istatus.o ABSOLUTE
    ../fplib/printf1.s                       0x00000000   Number         0  printf1.o ABSOLUTE
    ../fplib/printf2.s                       0x00000000   Number         0  printf2.o ABSOLUTE
    ../fplib/printf2a.s                      0x00000000   Number         0  printf2a.o ABSOLUTE
    ../fplib/printf2b.s                      0x00000000   Number         0  printf2b.o ABSOLUTE
    ../fplib/usenofp.s                       0x00000000   Number         0  usenofp.o ABSOLUTE
    ../mathlib/fpclassify.c                  0x00000000   Number         0  fpclassify.o ABSOLUTE
    ..\Bsp\DHT11\dht11.c                     0x00000000   Number         0  dht11.o ABSOLUTE
    ..\Bsp\OLED_0.96_4P\bsp_OLED.c           0x00000000   Number         0  bsp_oled.o ABSOLUTE
    ..\Bsp\UART\bsp_UART.c                   0x00000000   Number         0  bsp_uart.o ABSOLUTE
    ..\Bsp\W25Q128\bsp_W25Q128.c             0x00000000   Number         0  bsp_w25q128.o ABSOLUTE
    ..\Core\Src\gpio.c                       0x00000000   Number         0  gpio.o ABSOLUTE
    ..\Core\Src\main.c                       0x00000000   Number         0  main.o ABSOLUTE
    ..\Core\Src\stm32f4xx_hal_msp.c          0x00000000   Number         0  stm32f4xx_hal_msp.o ABSOLUTE
    ..\Core\Src\stm32f4xx_it.c               0x00000000   Number         0  stm32f4xx_it.o ABSOLUTE
    ..\Core\Src\system_stm32f4xx.c           0x00000000   Number         0  system_stm32f4xx.o ABSOLUTE
    ..\Core\Src\usart.c                      0x00000000   Number         0  usart.o ABSOLUTE
    ..\Drivers\STM32F4xx_HAL_Driver\Src\stm32f4xx_hal.c 0x00000000   Number         0  stm32f4xx_hal.o ABSOLUTE
    ..\Drivers\STM32F4xx_HAL_Driver\Src\stm32f4xx_hal_cortex.c 0x00000000   Number         0  stm32f4xx_hal_cortex.o ABSOLUTE
    ..\Drivers\STM32F4xx_HAL_Driver\Src\stm32f4xx_hal_dma.c 0x00000000   Number         0  stm32f4xx_hal_dma.o ABSOLUTE
    ..\Drivers\STM32F4xx_HAL_Driver\Src\stm32f4xx_hal_dma_ex.c 0x00000000   Number         0  stm32f4xx_hal_dma_ex.o ABSOLUTE
    ..\Drivers\STM32F4xx_HAL_Driver\Src\stm32f4xx_hal_exti.c 0x00000000   Number         0  stm32f4xx_hal_exti.o ABSOLUTE
    ..\Drivers\STM32F4xx_HAL_Driver\Src\stm32f4xx_hal_flash.c 0x00000000   Number         0  stm32f4xx_hal_flash.o ABSOLUTE
    ..\Drivers\STM32F4xx_HAL_Driver\Src\stm32f4xx_hal_flash_ex.c 0x00000000   Number         0  stm32f4xx_hal_flash_ex.o ABSOLUTE
    ..\Drivers\STM32F4xx_HAL_Driver\Src\stm32f4xx_hal_flash_ramfunc.c 0x00000000   Number         0  stm32f4xx_hal_flash_ramfunc.o ABSOLUTE
    ..\Drivers\STM32F4xx_HAL_Driver\Src\stm32f4xx_hal_gpio.c 0x00000000   Number         0  stm32f4xx_hal_gpio.o ABSOLUTE
    ..\Drivers\STM32F4xx_HAL_Driver\Src\stm32f4xx_hal_pwr.c 0x00000000   Number         0  stm32f4xx_hal_pwr.o ABSOLUTE
    ..\Drivers\STM32F4xx_HAL_Driver\Src\stm32f4xx_hal_pwr_ex.c 0x00000000   Number         0  stm32f4xx_hal_pwr_ex.o ABSOLUTE
    ..\Drivers\STM32F4xx_HAL_Driver\Src\stm32f4xx_hal_rcc.c 0x00000000   Number         0  stm32f4xx_hal_rcc.o ABSOLUTE
    ..\Drivers\STM32F4xx_HAL_Driver\Src\stm32f4xx_hal_rcc_ex.c 0x00000000   Number         0  stm32f4xx_hal_rcc_ex.o ABSOLUTE
    ..\Drivers\STM32F4xx_HAL_Driver\Src\stm32f4xx_hal_tim.c 0x00000000   Number         0  stm32f4xx_hal_tim.o ABSOLUTE
    ..\Drivers\STM32F4xx_HAL_Driver\Src\stm32f4xx_hal_tim_ex.c 0x00000000   Number         0  stm32f4xx_hal_tim_ex.o ABSOLUTE
    ..\Drivers\STM32F4xx_HAL_Driver\Src\stm32f4xx_hal_uart.c 0x00000000   Number         0  stm32f4xx_hal_uart.o ABSOLUTE
    ..\\Bsp\\DHT11\\dht11.c                  0x00000000   Number         0  dht11.o ABSOLUTE
    ..\\Bsp\\OLED_0.96_4P\\bsp_OLED.c        0x00000000   Number         0  bsp_oled.o ABSOLUTE
    ..\\Bsp\\UART\\bsp_UART.c                0x00000000   Number         0  bsp_uart.o ABSOLUTE
    ..\\Bsp\\W25Q128\\bsp_W25Q128.c          0x00000000   Number         0  bsp_w25q128.o ABSOLUTE
    dc.s                                     0x00000000   Number         0  dc.o ABSOLUTE
    startup_stm32f407xx.s                    0x00000000   Number         0  startup_stm32f407xx.o ABSOLUTE
    RESET                                    0x08000000   Section      392  startup_stm32f407xx.o(RESET)
    !!!main                                  0x08000188   Section        8  __main.o(!!!main)
    !!!scatter                               0x08000190   Section       52  __scatter.o(!!!scatter)
    !!handler_copy                           0x080001c4   Section       26  __scatter_copy.o(!!handler_copy)
    !!handler_zi                             0x080001e0   Section       28  __scatter_zi.o(!!handler_zi)
    .ARM.Collect$$_printf_percent$$00000000  0x080001fc   Section        0  _printf_percent.o(.ARM.Collect$$_printf_percent$$00000000)
    .ARM.Collect$$_printf_percent$$00000009  0x080001fc   Section        6  _printf_d.o(.ARM.Collect$$_printf_percent$$00000009)
    .ARM.Collect$$_printf_percent$$0000000A  0x08000202   Section        6  _printf_u.o(.ARM.Collect$$_printf_percent$$0000000A)
    .ARM.Collect$$_printf_percent$$00000014  0x08000208   Section        6  _printf_s.o(.ARM.Collect$$_printf_percent$$00000014)
    .ARM.Collect$$_printf_percent$$00000017  0x0800020e   Section        4  _printf_percent_end.o(.ARM.Collect$$_printf_percent$$00000017)
    .ARM.Collect$$libinit$$00000000          0x08000212   Section        2  libinit.o(.ARM.Collect$$libinit$$00000000)
    .ARM.Collect$$libinit$$00000001          0x08000214   Section        4  libinit2.o(.ARM.Collect$$libinit$$00000001)
    .ARM.Collect$$libinit$$00000004          0x08000218   Section        0  libinit2.o(.ARM.Collect$$libinit$$00000004)
    .ARM.Collect$$libinit$$0000000A          0x08000218   Section        0  libinit2.o(.ARM.Collect$$libinit$$0000000A)
    .ARM.Collect$$libinit$$0000000C          0x08000218   Section        0  libinit2.o(.ARM.Collect$$libinit$$0000000C)
    .ARM.Collect$$libinit$$0000000E          0x08000218   Section        0  libinit2.o(.ARM.Collect$$libinit$$0000000E)
    .ARM.Collect$$libinit$$00000011          0x08000218   Section        0  libinit2.o(.ARM.Collect$$libinit$$00000011)
    .ARM.Collect$$libinit$$00000013          0x08000218   Section        0  libinit2.o(.ARM.Collect$$libinit$$00000013)
    .ARM.Collect$$libinit$$00000015          0x08000218   Section        0  libinit2.o(.ARM.Collect$$libinit$$00000015)
    .ARM.Collect$$libinit$$00000017          0x08000218   Section        0  libinit2.o(.ARM.Collect$$libinit$$00000017)
    .ARM.Collect$$libinit$$00000019          0x08000218   Section        0  libinit2.o(.ARM.Collect$$libinit$$00000019)
    .ARM.Collect$$libinit$$0000001B          0x08000218   Section        0  libinit2.o(.ARM.Collect$$libinit$$0000001B)
    .ARM.Collect$$libinit$$0000001D          0x08000218   Section        0  libinit2.o(.ARM.Collect$$libinit$$0000001D)
    .ARM.Collect$$libinit$$0000001F          0x08000218   Section        0  libinit2.o(.ARM.Collect$$libinit$$0000001F)
    .ARM.Collect$$libinit$$00000021          0x08000218   Section        0  libinit2.o(.ARM.Collect$$libinit$$00000021)
    .ARM.Collect$$libinit$$00000023          0x08000218   Section        0  libinit2.o(.ARM.Collect$$libinit$$00000023)
    .ARM.Collect$$libinit$$00000025          0x08000218   Section        0  libinit2.o(.ARM.Collect$$libinit$$00000025)
    .ARM.Collect$$libinit$$0000002C          0x08000218   Section        0  libinit2.o(.ARM.Collect$$libinit$$0000002C)
    .ARM.Collect$$libinit$$0000002E          0x08000218   Section        0  libinit2.o(.ARM.Collect$$libinit$$0000002E)
    .ARM.Collect$$libinit$$00000030          0x08000218   Section        0  libinit2.o(.ARM.Collect$$libinit$$00000030)
    .ARM.Collect$$libinit$$00000032          0x08000218   Section        0  libinit2.o(.ARM.Collect$$libinit$$00000032)
    .ARM.Collect$$libinit$$00000033          0x08000218   Section        2  libinit2.o(.ARM.Collect$$libinit$$00000033)
    .ARM.Collect$$libshutdown$$00000000      0x0800021a   Section        2  libshutdown.o(.ARM.Collect$$libshutdown$$00000000)
    .ARM.Collect$$libshutdown$$00000002      0x0800021c   Section        0  libshutdown2.o(.ARM.Collect$$libshutdown$$00000002)
    .ARM.Collect$$libshutdown$$00000004      0x0800021c   Section        0  libshutdown2.o(.ARM.Collect$$libshutdown$$00000004)
    .ARM.Collect$$libshutdown$$00000007      0x0800021c   Section        0  libshutdown2.o(.ARM.Collect$$libshutdown$$00000007)
    .ARM.Collect$$libshutdown$$0000000A      0x0800021c   Section        0  libshutdown2.o(.ARM.Collect$$libshutdown$$0000000A)
    .ARM.Collect$$libshutdown$$0000000C      0x0800021c   Section        0  libshutdown2.o(.ARM.Collect$$libshutdown$$0000000C)
    .ARM.Collect$$libshutdown$$0000000F      0x0800021c   Section        0  libshutdown2.o(.ARM.Collect$$libshutdown$$0000000F)
    .ARM.Collect$$libshutdown$$00000010      0x0800021c   Section        2  libshutdown2.o(.ARM.Collect$$libshutdown$$00000010)
    .ARM.Collect$$rtentry$$00000000          0x0800021e   Section        0  __rtentry.o(.ARM.Collect$$rtentry$$00000000)
    .ARM.Collect$$rtentry$$00000002          0x0800021e   Section        0  __rtentry2.o(.ARM.Collect$$rtentry$$00000002)
    .ARM.Collect$$rtentry$$00000004          0x0800021e   Section        6  __rtentry4.o(.ARM.Collect$$rtentry$$00000004)
    .ARM.Collect$$rtentry$$00000009          0x08000224   Section        0  __rtentry2.o(.ARM.Collect$$rtentry$$00000009)
    .ARM.Collect$$rtentry$$0000000A          0x08000224   Section        4  __rtentry2.o(.ARM.Collect$$rtentry$$0000000A)
    .ARM.Collect$$rtentry$$0000000C          0x08000228   Section        0  __rtentry2.o(.ARM.Collect$$rtentry$$0000000C)
    .ARM.Collect$$rtentry$$0000000D          0x08000228   Section        8  __rtentry2.o(.ARM.Collect$$rtentry$$0000000D)
    .ARM.Collect$$rtexit$$00000000           0x08000230   Section        2  rtexit.o(.ARM.Collect$$rtexit$$00000000)
    .ARM.Collect$$rtexit$$00000002           0x08000232   Section        0  rtexit2.o(.ARM.Collect$$rtexit$$00000002)
    .ARM.Collect$$rtexit$$00000003           0x08000232   Section        4  rtexit2.o(.ARM.Collect$$rtexit$$00000003)
    .ARM.Collect$$rtexit$$00000004           0x08000236   Section        6  rtexit2.o(.ARM.Collect$$rtexit$$00000004)
    .text                                    0x0800023c   Section       64  startup_stm32f407xx.o(.text)
    $v0                                      0x0800023c   Number         0  startup_stm32f407xx.o(.text)
    .text                                    0x0800027c   Section        2  use_no_semi_2.o(.text)
    .text                                    0x0800027e   Section      238  lludivv7m.o(.text)
    .text                                    0x0800036c   Section        0  __2printf.o(.text)
    .text                                    0x08000384   Section        0  __2snprintf.o(.text)
    .text                                    0x080003bc   Section        0  _printf_pad.o(.text)
    .text                                    0x0800040a   Section        0  _printf_str.o(.text)
    .text                                    0x0800045c   Section        0  _printf_dec.o(.text)
    .text                                    0x080004d4   Section        0  __printf_flags_ss_wp.o(.text)
    .text                                    0x0800065c   Section      138  rt_memcpy_v6.o(.text)
    .text                                    0x080006e6   Section       68  rt_memclr.o(.text)
    .text                                    0x0800072a   Section       78  rt_memclr_w.o(.text)
    .text                                    0x08000778   Section        0  heapauxi.o(.text)
    .text                                    0x0800077e   Section        2  use_no_semi.o(.text)
    .text                                    0x08000780   Section        0  _printf_intcommon.o(.text)
    .text                                    0x08000834   Section        0  _printf_char_common.o(.text)
    _printf_input_char                       0x08000835   Thumb Code    10  _printf_char_common.o(.text)
    .text                                    0x08000864   Section        0  _sputc.o(.text)
    .text                                    0x0800086e   Section        0  _snputc.o(.text)
    .text                                    0x0800087e   Section        0  _printf_char.o(.text)
    .text                                    0x080008ac   Section        0  _printf_char_file.o(.text)
    .text                                    0x080008d0   Section      100  rt_memcpy_w.o(.text)
    .text                                    0x08000934   Section        0  ferror.o(.text)
    .text                                    0x0800093c   Section       74  sys_stackheap_outer.o(.text)
    .text                                    0x08000986   Section        0  exit.o(.text)
    .text                                    0x08000998   Section        8  libspace.o(.text)
    i.App_ShowDataOnOLED                     0x080009a0   Section        0  main.o(i.App_ShowDataOnOLED)
    App_ShowDataOnOLED                       0x080009a1   Thumb Code   210  main.o(i.App_ShowDataOnOLED)
    i.BusFault_Handler                       0x08000ac0   Section        0  stm32f4xx_it.o(i.BusFault_Handler)
    i.DHT11_Check                            0x08000ac4   Section        0  dht11.o(i.DHT11_Check)
    DHT11_Check                              0x08000ac5   Thumb Code   100  dht11.o(i.DHT11_Check)
    i.DHT11_DelayUs                          0x08000b2c   Section        0  dht11.o(i.DHT11_DelayUs)
    DHT11_DelayUs                            0x08000b2d   Thumb Code    30  dht11.o(i.DHT11_DelayUs)
    i.DHT11_Init                             0x08000b54   Section        0  dht11.o(i.DHT11_Init)
    i.DHT11_Read_Byte                        0x08000ba0   Section        0  dht11.o(i.DHT11_Read_Byte)
    DHT11_Read_Byte                          0x08000ba1   Thumb Code   106  dht11.o(i.DHT11_Read_Byte)
    i.DHT11_Read_Data                        0x08000c10   Section        0  dht11.o(i.DHT11_Read_Data)
    i.DHT11_Rst                              0x08000c68   Section        0  dht11.o(i.DHT11_Rst)
    DHT11_Rst                                0x08000c69   Thumb Code    74  dht11.o(i.DHT11_Rst)
    i.DebugMon_Handler                       0x08000cb8   Section        0  stm32f4xx_it.o(i.DebugMon_Handler)
    i.Door_SetState                          0x08000cba   Section        0  main.o(i.Door_SetState)
    Door_SetState                            0x08000cbb   Thumb Code    36  main.o(i.Door_SetState)
    i.EXTI0_IRQHandler                       0x08000cde   Section        0  stm32f4xx_it.o(i.EXTI0_IRQHandler)
    i.EXTI1_IRQHandler                       0x08000ce4   Section        0  stm32f4xx_it.o(i.EXTI1_IRQHandler)
    i.EXTI4_IRQHandler                       0x08000cea   Section        0  stm32f4xx_it.o(i.EXTI4_IRQHandler)
    i.Error_Handler                          0x08000cf0   Section        0  main.o(i.Error_Handler)
    i.HAL_Delay                              0x08000cf4   Section        0  stm32f4xx_hal.o(i.HAL_Delay)
    i.HAL_GPIO_EXTI_Callback                 0x08000d18   Section        0  main.o(i.HAL_GPIO_EXTI_Callback)
    i.HAL_GPIO_EXTI_IRQHandler               0x08000d28   Section        0  stm32f4xx_hal_gpio.o(i.HAL_GPIO_EXTI_IRQHandler)
    i.HAL_GPIO_Init                          0x08000d40   Section        0  stm32f4xx_hal_gpio.o(i.HAL_GPIO_Init)
    i.HAL_GPIO_ReadPin                       0x08000f30   Section        0  stm32f4xx_hal_gpio.o(i.HAL_GPIO_ReadPin)
    i.HAL_GPIO_TogglePin                     0x08000f3a   Section        0  stm32f4xx_hal_gpio.o(i.HAL_GPIO_TogglePin)
    i.HAL_GPIO_WritePin                      0x08000f4a   Section        0  stm32f4xx_hal_gpio.o(i.HAL_GPIO_WritePin)
    i.HAL_GetTick                            0x08000f54   Section        0  stm32f4xx_hal.o(i.HAL_GetTick)
    i.HAL_IncTick                            0x08000f60   Section        0  stm32f4xx_hal.o(i.HAL_IncTick)
    i.HAL_Init                               0x08000f70   Section        0  stm32f4xx_hal.o(i.HAL_Init)
    i.HAL_InitTick                           0x08000fa4   Section        0  stm32f4xx_hal.o(i.HAL_InitTick)
    i.HAL_MspInit                            0x08000fe4   Section        0  stm32f4xx_hal_msp.o(i.HAL_MspInit)
    i.HAL_NVIC_EnableIRQ                     0x08001014   Section        0  stm32f4xx_hal_cortex.o(i.HAL_NVIC_EnableIRQ)
    i.HAL_NVIC_SetPriority                   0x08001030   Section        0  stm32f4xx_hal_cortex.o(i.HAL_NVIC_SetPriority)
    i.HAL_NVIC_SetPriorityGrouping           0x08001070   Section        0  stm32f4xx_hal_cortex.o(i.HAL_NVIC_SetPriorityGrouping)
    i.HAL_RCC_ClockConfig                    0x08001094   Section        0  stm32f4xx_hal_rcc.o(i.HAL_RCC_ClockConfig)
    i.HAL_RCC_GetHCLKFreq                    0x080011c8   Section        0  stm32f4xx_hal_rcc.o(i.HAL_RCC_GetHCLKFreq)
    i.HAL_RCC_GetPCLK1Freq                   0x080011d4   Section        0  stm32f4xx_hal_rcc.o(i.HAL_RCC_GetPCLK1Freq)
    i.HAL_RCC_GetPCLK2Freq                   0x080011f4   Section        0  stm32f4xx_hal_rcc.o(i.HAL_RCC_GetPCLK2Freq)
    i.HAL_RCC_GetSysClockFreq                0x08001214   Section        0  stm32f4xx_hal_rcc.o(i.HAL_RCC_GetSysClockFreq)
    i.HAL_RCC_OscConfig                      0x08001274   Section        0  stm32f4xx_hal_rcc.o(i.HAL_RCC_OscConfig)
    i.HAL_SYSTICK_Config                     0x080015e0   Section        0  stm32f4xx_hal_cortex.o(i.HAL_SYSTICK_Config)
    i.HAL_TIM_PWM_ConfigChannel              0x08001608   Section        0  stm32f4xx_hal_tim.o(i.HAL_TIM_PWM_ConfigChannel)
    i.HAL_TIM_PWM_Init                       0x080016d4   Section        0  stm32f4xx_hal_tim.o(i.HAL_TIM_PWM_Init)
    i.HAL_TIM_PWM_MspInit                    0x0800172e   Section        0  stm32f4xx_hal_tim.o(i.HAL_TIM_PWM_MspInit)
    i.HAL_TIM_PWM_Start                      0x08001730   Section        0  stm32f4xx_hal_tim.o(i.HAL_TIM_PWM_Start)
    i.HAL_UART_Init                          0x080017f8   Section        0  stm32f4xx_hal_uart.o(i.HAL_UART_Init)
    i.HAL_UART_MspInit                       0x0800185c   Section        0  usart.o(i.HAL_UART_MspInit)
    i.HardFault_Handler                      0x080018c8   Section        0  stm32f4xx_it.o(i.HardFault_Handler)
    i.MX_GPIO_Init                           0x080018cc   Section        0  gpio.o(i.MX_GPIO_Init)
    i.MX_USART1_UART_Init                    0x080019ec   Section        0  usart.o(i.MX_USART1_UART_Init)
    i.MemManage_Handler                      0x08001a24   Section        0  stm32f4xx_it.o(i.MemManage_Handler)
    i.NMI_Handler                            0x08001a26   Section        0  stm32f4xx_it.o(i.NMI_Handler)
    i.OLED_Clear                             0x08001a28   Section        0  bsp_oled.o(i.OLED_Clear)
    i.OLED_Init                              0x08001a40   Section        0  bsp_oled.o(i.OLED_Init)
    i.OLED_Refresh                           0x08001b64   Section        0  bsp_oled.o(i.OLED_Refresh)
    i.OLED_String                            0x08001bc4   Section        0  bsp_oled.o(i.OLED_String)
    i.PendSV_Handler                         0x08001c4c   Section        0  stm32f4xx_it.o(i.PendSV_Handler)
    i.SVC_Handler                            0x08001c4e   Section        0  stm32f4xx_it.o(i.SVC_Handler)
    i.Servo_Init                             0x08001c50   Section        0  main.o(i.Servo_Init)
    Servo_Init                               0x08001c51   Thumb Code   166  main.o(i.Servo_Init)
    i.Servo_SetAngle                         0x08001d04   Section        0  main.o(i.Servo_SetAngle)
    Servo_SetAngle                           0x08001d05   Thumb Code    54  main.o(i.Servo_SetAngle)
    i.SysTick_Handler                        0x08001d40   Section        0  stm32f4xx_it.o(i.SysTick_Handler)
    i.SystemClock_Config                     0x08001d44   Section        0  main.o(i.SystemClock_Config)
    i.SystemCoreClockUpdate                  0x08001dd8   Section        0  system_stm32f4xx.o(i.SystemCoreClockUpdate)
    i.SystemInit                             0x08001e50   Section        0  system_stm32f4xx.o(i.SystemInit)
    i.TIM_Base_SetConfig                     0x08001e60   Section        0  stm32f4xx_hal_tim.o(i.TIM_Base_SetConfig)
    i.TIM_CCxChannelCmd                      0x08001f38   Section        0  stm32f4xx_hal_tim.o(i.TIM_CCxChannelCmd)
    i.TIM_OC1_SetConfig                      0x08001f54   Section        0  stm32f4xx_hal_tim.o(i.TIM_OC1_SetConfig)
    TIM_OC1_SetConfig                        0x08001f55   Thumb Code    88  stm32f4xx_hal_tim.o(i.TIM_OC1_SetConfig)
    i.TIM_OC2_SetConfig                      0x08001fb4   Section        0  stm32f4xx_hal_tim.o(i.TIM_OC2_SetConfig)
    i.TIM_OC3_SetConfig                      0x08002020   Section        0  stm32f4xx_hal_tim.o(i.TIM_OC3_SetConfig)
    TIM_OC3_SetConfig                        0x08002021   Thumb Code    96  stm32f4xx_hal_tim.o(i.TIM_OC3_SetConfig)
    i.TIM_OC4_SetConfig                      0x08002088   Section        0  stm32f4xx_hal_tim.o(i.TIM_OC4_SetConfig)
    TIM_OC4_SetConfig                        0x08002089   Thumb Code    70  stm32f4xx_hal_tim.o(i.TIM_OC4_SetConfig)
    i.UART1_Init                             0x080020d8   Section        0  bsp_uart.o(i.UART1_Init)
    i.UART1_SendData                         0x0800228c   Section        0  bsp_uart.o(i.UART1_SendData)
    i.UART4_IRQHandler                       0x080022d0   Section        0  bsp_uart.o(i.UART4_IRQHandler)
    i.UART5_IRQHandler                       0x080023ac   Section        0  bsp_uart.o(i.UART5_IRQHandler)
    i.UART_SetConfig                         0x08002478   Section        0  stm32f4xx_hal_uart.o(i.UART_SetConfig)
    UART_SetConfig                           0x08002479   Thumb Code   258  stm32f4xx_hal_uart.o(i.UART_SetConfig)
    i.USART1_IRQHandler                      0x08002584   Section        0  bsp_uart.o(i.USART1_IRQHandler)
    i.USART2_IRQHandler                      0x08002650   Section        0  bsp_uart.o(i.USART2_IRQHandler)
    i.USART3_IRQHandler                      0x0800272c   Section        0  bsp_uart.o(i.USART3_IRQHandler)
    i.USART6_IRQHandler                      0x08002808   Section        0  bsp_uart.o(i.USART6_IRQHandler)
    i.UsageFault_Handler                     0x080028e4   Section        0  stm32f4xx_it.o(i.UsageFault_Handler)
    i.W25Q128_ReadData                       0x080028e8   Section        0  bsp_w25q128.o(i.W25Q128_ReadData)
    i.W25Q128_ReadFontData                   0x08002944   Section        0  bsp_w25q128.o(i.W25Q128_ReadFontData)
    i.__NVIC_SetPriority                     0x080029e8   Section        0  stm32f4xx_hal_cortex.o(i.__NVIC_SetPriority)
    __NVIC_SetPriority                       0x080029e9   Thumb Code    32  stm32f4xx_hal_cortex.o(i.__NVIC_SetPriority)
    i._is_digit                              0x08002a08   Section        0  __printf_wp.o(i._is_digit)
    i._sys_exit                              0x08002a16   Section        0  bsp_uart.o(i._sys_exit)
    i.delay                                  0x08002a18   Section        0  bsp_oled.o(i.delay)
    delay                                    0x08002a19   Thumb Code    16  bsp_oled.o(i.delay)
    i.drawAscii                              0x08002a2c   Section        0  bsp_oled.o(i.drawAscii)
    drawAscii                                0x08002a2d   Thumb Code   204  bsp_oled.o(i.drawAscii)
    i.drawGBK                                0x08002b0c   Section        0  bsp_oled.o(i.drawGBK)
    drawGBK                                  0x08002b0d   Thumb Code   140  bsp_oled.o(i.drawGBK)
    i.drawPoint                              0x08002ba0   Section        0  bsp_oled.o(i.drawPoint)
    drawPoint                                0x08002ba1   Thumb Code    40  bsp_oled.o(i.drawPoint)
    i.fputc                                  0x08002bcc   Section        0  bsp_uart.o(i.fputc)
    i.main                                   0x08002bdc   Section        0  main.o(i.main)
    i.sendByte                               0x08002e34   Section        0  bsp_oled.o(i.sendByte)
    sendByte                                 0x08002e35   Thumb Code    66  bsp_oled.o(i.sendByte)
    i.sendByte                               0x08002e7c   Section        0  bsp_w25q128.o(i.sendByte)
    sendByte                                 0x08002e7d   Thumb Code    56  bsp_w25q128.o(i.sendByte)
    i.start                                  0x08002eb8   Section        0  bsp_oled.o(i.start)
    start                                    0x08002eb9   Thumb Code    42  bsp_oled.o(i.start)
    i.stop                                   0x08002ee8   Section        0  bsp_oled.o(i.stop)
    stop                                     0x08002ee9   Thumb Code    24  bsp_oled.o(i.stop)
    i.waitACK                                0x08002f04   Section        0  bsp_oled.o(i.waitACK)
    waitACK                                  0x08002f05   Thumb Code    36  bsp_oled.o(i.waitACK)
    i.writeCMD                               0x08002f2c   Section        0  bsp_oled.o(i.writeCMD)
    writeCMD                                 0x08002f2d   Thumb Code    46  bsp_oled.o(i.writeCMD)
    x$fpl$fpinit                             0x08002f5a   Section       10  fpinit.o(x$fpl$fpinit)
    $v0                                      0x08002f5a   Number         0  fpinit.o(x$fpl$fpinit)
    .constdata                               0x08002f64   Section       16  system_stm32f4xx.o(.constdata)
    .constdata                               0x08002f74   Section        8  system_stm32f4xx.o(.constdata)
    .constdata                               0x08002f7c   Section    13216  bsp_oled.o(.constdata)
    .constdata                               0x0800631c   Section       17  __printf_flags_ss_wp.o(.constdata)
    maptable                                 0x0800631c   Data          17  __printf_flags_ss_wp.o(.constdata)
    .conststring                             0x08006330   Section       66  bsp_uart.o(.conststring)
    .data                                    0x20000000   Section        6  main.o(.data)
    g_key0_irq_event                         0x20000000   Data           1  main.o(.data)
    inited                                   0x20000001   Data           1  main.o(.data)
    lastTemp                                 0x20000002   Data           1  main.o(.data)
    lastHumi                                 0x20000003   Data           1  main.o(.data)
    lastOk                                   0x20000004   Data           1  main.o(.data)
    lastAQ                                   0x20000005   Data           1  main.o(.data)
    .data                                    0x20000008   Section       12  stm32f4xx_hal.o(.data)
    .data                                    0x20000014   Section        4  system_stm32f4xx.o(.data)
    .data                                    0x20000018   Section       16  bsp_uart.o(.data)
    cnt                                      0x20000018   Data           2  bsp_uart.o(.data)
    cnt                                      0x2000001a   Data           2  bsp_uart.o(.data)
    cnt                                      0x2000001c   Data           2  bsp_uart.o(.data)
    cnt                                      0x2000001e   Data           2  bsp_uart.o(.data)
    cnt                                      0x20000020   Data           2  bsp_uart.o(.data)
    cnt                                      0x20000022   Data           2  bsp_uart.o(.data)
    ulTimesMS                                0x20000024   Data           4  bsp_uart.o(.data)
    .data                                    0x20000028   Section        4  bsp_uart.o(.data)
    .data                                    0x2000002c   Section       22  bsp_oled.o(.data)
    temp                                     0x2000002c   Data           1  bsp_oled.o(.data)
    csize                                    0x2000002d   Data           1  bsp_oled.o(.data)
    temp                                     0x2000002e   Data           1  bsp_oled.o(.data)
    csize                                    0x2000002f   Data           1  bsp_oled.o(.data)
    y0                                       0x20000030   Data           2  bsp_oled.o(.data)
    y0                                       0x20000032   Data           2  bsp_oled.o(.data)
    ulTimesMS                                0x20000034   Data           4  bsp_oled.o(.data)
    ulTimesUS                                0x20000038   Data           4  bsp_oled.o(.data)
    .bss                                     0x20000044   Section       72  main.o(.bss)
    htim2                                    0x20000044   Data          72  main.o(.bss)
    .bss                                     0x2000008c   Section       72  usart.o(.bss)
    .bss                                     0x200000d4   Section    15456  bsp_uart.o(.bss)
    xUART1                                   0x200000d4   Data          16  bsp_uart.o(.bss)
    xUART2                                   0x200000e4   Data          16  bsp_uart.o(.bss)
    xUART3                                   0x200000f4   Data          16  bsp_uart.o(.bss)
    xUART4                                   0x20000104   Data          16  bsp_uart.o(.bss)
    xUART5                                   0x20000114   Data          16  bsp_uart.o(.bss)
    xUART6                                   0x20000124   Data          16  bsp_uart.o(.bss)
    rxTemp                                   0x20000134   Data        2048  bsp_uart.o(.bss)
    rxTemp                                   0x20000934   Data         512  bsp_uart.o(.bss)
    rxTemp                                   0x20000b34   Data        1024  bsp_uart.o(.bss)
    rxTemp                                   0x20000f34   Data         512  bsp_uart.o(.bss)
    rxTemp                                   0x20001134   Data         512  bsp_uart.o(.bss)
    rxTemp                                   0x20001334   Data         512  bsp_uart.o(.bss)
    uaUART1RxData                            0x20001534   Data        2048  bsp_uart.o(.bss)
    uaUART1TxFiFoData                        0x20001d34   Data        2048  bsp_uart.o(.bss)
    uaUART2RxData                            0x20002534   Data         512  bsp_uart.o(.bss)
    uaUART2TxFiFoData                        0x20002734   Data         512  bsp_uart.o(.bss)
    uaUart3RxData                            0x20002934   Data        1024  bsp_uart.o(.bss)
    uaUart3TxFiFoData                        0x20002d34   Data        1024  bsp_uart.o(.bss)
    uaUart4RxData                            0x20003134   Data         512  bsp_uart.o(.bss)
    uaUart4TxFiFoData                        0x20003334   Data         512  bsp_uart.o(.bss)
    uaUart5RxData                            0x20003534   Data         512  bsp_uart.o(.bss)
    uaUart5TxFiFoData                        0x20003734   Data         512  bsp_uart.o(.bss)
    uaUart6RxData                            0x20003934   Data         512  bsp_uart.o(.bss)
    uaUart6TxFiFoData                        0x20003b34   Data         512  bsp_uart.o(.bss)
    .bss                                     0x20003d34   Section     1152  bsp_oled.o(.bss)
    GBK                                      0x20003d34   Data         128  bsp_oled.o(.bss)
    .bss                                     0x200041b4   Section     4120  bsp_w25q128.o(.bss)
    .bss                                     0x200051cc   Section       96  libspace.o(.bss)
    HEAP                                     0x20005230   Section      512  startup_stm32f407xx.o(HEAP)
    Heap_Mem                                 0x20005230   Data         512  startup_stm32f407xx.o(HEAP)
    STACK                                    0x20005430   Section     1024  startup_stm32f407xx.o(STACK)
    Stack_Mem                                0x20005430   Data        1024  startup_stm32f407xx.o(STACK)
    __initial_sp                             0x20005830   Data           0  startup_stm32f407xx.o(STACK)

    Global Symbols

    Symbol Name                              Value     Ov Type        Size  Object(Section)

    BuildAttributes$$THM_ISAv4$E$P$D$K$B$S$7EM$VFPi3$EXTD16$VFPS$VFMA$PE$A:L22UL41UL21$X:L11$S22US41US21$IEEE1$IW$USESV6$~STKCKD$USESV7$~SHL$OTIME$ROPI$IEEEJ$EBA8$UX$STANDARDLIB$REQ8$PRES8$EABIv2 0x00000000   Number         0  anon$$obj.o ABSOLUTE
    __ARM_use_no_argv                        0x00000000   Number         0  main.o ABSOLUTE
    _printf_flags                            0x00000000   Number         0  printf_stubs.o ABSOLUTE
    _printf_return_value                     0x00000000   Number         0  printf_stubs.o ABSOLUTE
    _printf_sizespec                         0x00000000   Number         0  printf_stubs.o ABSOLUTE
    _printf_widthprec                        0x00000000   Number         0  printf_stubs.o ABSOLUTE
    __ARM_exceptions_init                     - Undefined Weak Reference
    __alloca_initialize                       - Undefined Weak Reference
    __arm_preinit_                            - Undefined Weak Reference
    __cpp_initialize__aeabi_                  - Undefined Weak Reference
    __cxa_finalize                            - Undefined Weak Reference
    __sigvec_lookup                           - Undefined Weak Reference
    _atexit_init                              - Undefined Weak Reference
    _call_atexit_fns                          - Undefined Weak Reference
    _clock_init                               - Undefined Weak Reference
    _fp_trap_init                             - Undefined Weak Reference
    _fp_trap_shutdown                         - Undefined Weak Reference
    _get_lc_collate                           - Undefined Weak Reference
    _get_lc_monetary                          - Undefined Weak Reference
    _get_lc_time                              - Undefined Weak Reference
    _getenv_init                              - Undefined Weak Reference
    _handle_redirection                       - Undefined Weak Reference
    _init_alloc                               - Undefined Weak Reference
    _init_user_alloc                          - Undefined Weak Reference
    _initio                                   - Undefined Weak Reference
    _mutex_acquire                            - Undefined Weak Reference
    _mutex_release                            - Undefined Weak Reference
    _printf_mbtowc                            - Undefined Weak Reference
    _printf_wc                                - Undefined Weak Reference
    _rand_init                                - Undefined Weak Reference
    _signal_finish                            - Undefined Weak Reference
    _signal_init                              - Undefined Weak Reference
    _terminate_alloc                          - Undefined Weak Reference
    _terminate_user_alloc                     - Undefined Weak Reference
    _terminateio                              - Undefined Weak Reference
    __Vectors_Size                           0x00000188   Number         0  startup_stm32f407xx.o ABSOLUTE
    __Vectors                                0x08000000   Data           4  startup_stm32f407xx.o(RESET)
    __Vectors_End                            0x08000188   Data           0  startup_stm32f407xx.o(RESET)
    __main                                   0x08000189   Thumb Code     8  __main.o(!!!main)
    __scatterload                            0x08000191   Thumb Code     0  __scatter.o(!!!scatter)
    __scatterload_rt2                        0x08000191   Thumb Code    44  __scatter.o(!!!scatter)
    __scatterload_rt2_thumb_only             0x08000191   Thumb Code     0  __scatter.o(!!!scatter)
    __scatterload_null                       0x0800019f   Thumb Code     0  __scatter.o(!!!scatter)
    __scatterload_copy                       0x080001c5   Thumb Code    26  __scatter_copy.o(!!handler_copy)
    __scatterload_zeroinit                   0x080001e1   Thumb Code    28  __scatter_zi.o(!!handler_zi)
    _printf_d                                0x080001fd   Thumb Code     0  _printf_d.o(.ARM.Collect$$_printf_percent$$00000009)
    _printf_percent                          0x080001fd   Thumb Code     0  _printf_percent.o(.ARM.Collect$$_printf_percent$$00000000)
    _printf_u                                0x08000203   Thumb Code     0  _printf_u.o(.ARM.Collect$$_printf_percent$$0000000A)
    _printf_s                                0x08000209   Thumb Code     0  _printf_s.o(.ARM.Collect$$_printf_percent$$00000014)
    _printf_percent_end                      0x0800020f   Thumb Code     0  _printf_percent_end.o(.ARM.Collect$$_printf_percent$$00000017)
    __rt_lib_init                            0x08000213   Thumb Code     0  libinit.o(.ARM.Collect$$libinit$$00000000)
    __rt_lib_init_fp_1                       0x08000215   Thumb Code     0  libinit2.o(.ARM.Collect$$libinit$$00000001)
    __rt_lib_init_alloca_1                   0x08000219   Thumb Code     0  libinit2.o(.ARM.Collect$$libinit$$0000002E)
    __rt_lib_init_argv_1                     0x08000219   Thumb Code     0  libinit2.o(.ARM.Collect$$libinit$$0000002C)
    __rt_lib_init_atexit_1                   0x08000219   Thumb Code     0  libinit2.o(.ARM.Collect$$libinit$$0000001B)
    __rt_lib_init_clock_1                    0x08000219   Thumb Code     0  libinit2.o(.ARM.Collect$$libinit$$00000021)
    __rt_lib_init_cpp_1                      0x08000219   Thumb Code     0  libinit2.o(.ARM.Collect$$libinit$$00000032)
    __rt_lib_init_exceptions_1               0x08000219   Thumb Code     0  libinit2.o(.ARM.Collect$$libinit$$00000030)
    __rt_lib_init_fp_trap_1                  0x08000219   Thumb Code     0  libinit2.o(.ARM.Collect$$libinit$$0000001F)
    __rt_lib_init_getenv_1                   0x08000219   Thumb Code     0  libinit2.o(.ARM.Collect$$libinit$$00000023)
    __rt_lib_init_heap_1                     0x08000219   Thumb Code     0  libinit2.o(.ARM.Collect$$libinit$$0000000A)
    __rt_lib_init_lc_collate_1               0x08000219   Thumb Code     0  libinit2.o(.ARM.Collect$$libinit$$00000011)
    __rt_lib_init_lc_ctype_1                 0x08000219   Thumb Code     0  libinit2.o(.ARM.Collect$$libinit$$00000013)
    __rt_lib_init_lc_monetary_1              0x08000219   Thumb Code     0  libinit2.o(.ARM.Collect$$libinit$$00000015)
    __rt_lib_init_lc_numeric_1               0x08000219   Thumb Code     0  libinit2.o(.ARM.Collect$$libinit$$00000017)
    __rt_lib_init_lc_time_1                  0x08000219   Thumb Code     0  libinit2.o(.ARM.Collect$$libinit$$00000019)
    __rt_lib_init_preinit_1                  0x08000219   Thumb Code     0  libinit2.o(.ARM.Collect$$libinit$$00000004)
    __rt_lib_init_rand_1                     0x08000219   Thumb Code     0  libinit2.o(.ARM.Collect$$libinit$$0000000E)
    __rt_lib_init_return                     0x08000219   Thumb Code     0  libinit2.o(.ARM.Collect$$libinit$$00000033)
    __rt_lib_init_signal_1                   0x08000219   Thumb Code     0  libinit2.o(.ARM.Collect$$libinit$$0000001D)
    __rt_lib_init_stdio_1                    0x08000219   Thumb Code     0  libinit2.o(.ARM.Collect$$libinit$$00000025)
    __rt_lib_init_user_alloc_1               0x08000219   Thumb Code     0  libinit2.o(.ARM.Collect$$libinit$$0000000C)
    __rt_lib_shutdown                        0x0800021b   Thumb Code     0  libshutdown.o(.ARM.Collect$$libshutdown$$00000000)
    __rt_lib_shutdown_cpp_1                  0x0800021d   Thumb Code     0  libshutdown2.o(.ARM.Collect$$libshutdown$$00000002)
    __rt_lib_shutdown_fp_trap_1              0x0800021d   Thumb Code     0  libshutdown2.o(.ARM.Collect$$libshutdown$$00000007)
    __rt_lib_shutdown_heap_1                 0x0800021d   Thumb Code     0  libshutdown2.o(.ARM.Collect$$libshutdown$$0000000F)
    __rt_lib_shutdown_return                 0x0800021d   Thumb Code     0  libshutdown2.o(.ARM.Collect$$libshutdown$$00000010)
    __rt_lib_shutdown_signal_1               0x0800021d   Thumb Code     0  libshutdown2.o(.ARM.Collect$$libshutdown$$0000000A)
    __rt_lib_shutdown_stdio_1                0x0800021d   Thumb Code     0  libshutdown2.o(.ARM.Collect$$libshutdown$$00000004)
    __rt_lib_shutdown_user_alloc_1           0x0800021d   Thumb Code     0  libshutdown2.o(.ARM.Collect$$libshutdown$$0000000C)
    __rt_entry                               0x0800021f   Thumb Code     0  __rtentry.o(.ARM.Collect$$rtentry$$00000000)
    __rt_entry_presh_1                       0x0800021f   Thumb Code     0  __rtentry2.o(.ARM.Collect$$rtentry$$00000002)
    __rt_entry_sh                            0x0800021f   Thumb Code     0  __rtentry4.o(.ARM.Collect$$rtentry$$00000004)
    __rt_entry_li                            0x08000225   Thumb Code     0  __rtentry2.o(.ARM.Collect$$rtentry$$0000000A)
    __rt_entry_postsh_1                      0x08000225   Thumb Code     0  __rtentry2.o(.ARM.Collect$$rtentry$$00000009)
    __rt_entry_main                          0x08000229   Thumb Code     0  __rtentry2.o(.ARM.Collect$$rtentry$$0000000D)
    __rt_entry_postli_1                      0x08000229   Thumb Code     0  __rtentry2.o(.ARM.Collect$$rtentry$$0000000C)
    __rt_exit                                0x08000231   Thumb Code     0  rtexit.o(.ARM.Collect$$rtexit$$00000000)
    __rt_exit_ls                             0x08000233   Thumb Code     0  rtexit2.o(.ARM.Collect$$rtexit$$00000003)
    __rt_exit_prels_1                        0x08000233   Thumb Code     0  rtexit2.o(.ARM.Collect$$rtexit$$00000002)
    __rt_exit_exit                           0x08000237   Thumb Code     0  rtexit2.o(.ARM.Collect$$rtexit$$00000004)
    Reset_Handler                            0x0800023d   Thumb Code     8  startup_stm32f407xx.o(.text)
    ADC_IRQHandler                           0x08000257   Thumb Code     0  startup_stm32f407xx.o(.text)
    CAN1_RX0_IRQHandler                      0x08000257   Thumb Code     0  startup_stm32f407xx.o(.text)
    CAN1_RX1_IRQHandler                      0x08000257   Thumb Code     0  startup_stm32f407xx.o(.text)
    CAN1_SCE_IRQHandler                      0x08000257   Thumb Code     0  startup_stm32f407xx.o(.text)
    CAN1_TX_IRQHandler                       0x08000257   Thumb Code     0  startup_stm32f407xx.o(.text)
    CAN2_RX0_IRQHandler                      0x08000257   Thumb Code     0  startup_stm32f407xx.o(.text)
    CAN2_RX1_IRQHandler                      0x08000257   Thumb Code     0  startup_stm32f407xx.o(.text)
    CAN2_SCE_IRQHandler                      0x08000257   Thumb Code     0  startup_stm32f407xx.o(.text)
    CAN2_TX_IRQHandler                       0x08000257   Thumb Code     0  startup_stm32f407xx.o(.text)
    DCMI_IRQHandler                          0x08000257   Thumb Code     0  startup_stm32f407xx.o(.text)
    DMA1_Stream0_IRQHandler                  0x08000257   Thumb Code     0  startup_stm32f407xx.o(.text)
    DMA1_Stream1_IRQHandler                  0x08000257   Thumb Code     0  startup_stm32f407xx.o(.text)
    DMA1_Stream2_IRQHandler                  0x08000257   Thumb Code     0  startup_stm32f407xx.o(.text)
    DMA1_Stream3_IRQHandler                  0x08000257   Thumb Code     0  startup_stm32f407xx.o(.text)
    DMA1_Stream4_IRQHandler                  0x08000257   Thumb Code     0  startup_stm32f407xx.o(.text)
    DMA1_Stream5_IRQHandler                  0x08000257   Thumb Code     0  startup_stm32f407xx.o(.text)
    DMA1_Stream6_IRQHandler                  0x08000257   Thumb Code     0  startup_stm32f407xx.o(.text)
    DMA1_Stream7_IRQHandler                  0x08000257   Thumb Code     0  startup_stm32f407xx.o(.text)
    DMA2_Stream0_IRQHandler                  0x08000257   Thumb Code     0  startup_stm32f407xx.o(.text)
    DMA2_Stream1_IRQHandler                  0x08000257   Thumb Code     0  startup_stm32f407xx.o(.text)
    DMA2_Stream2_IRQHandler                  0x08000257   Thumb Code     0  startup_stm32f407xx.o(.text)
    DMA2_Stream3_IRQHandler                  0x08000257   Thumb Code     0  startup_stm32f407xx.o(.text)
    DMA2_Stream4_IRQHandler                  0x08000257   Thumb Code     0  startup_stm32f407xx.o(.text)
    DMA2_Stream5_IRQHandler                  0x08000257   Thumb Code     0  startup_stm32f407xx.o(.text)
    DMA2_Stream6_IRQHandler                  0x08000257   Thumb Code     0  startup_stm32f407xx.o(.text)
    DMA2_Stream7_IRQHandler                  0x08000257   Thumb Code     0  startup_stm32f407xx.o(.text)
    ETH_IRQHandler                           0x08000257   Thumb Code     0  startup_stm32f407xx.o(.text)
    ETH_WKUP_IRQHandler                      0x08000257   Thumb Code     0  startup_stm32f407xx.o(.text)
    EXTI15_10_IRQHandler                     0x08000257   Thumb Code     0  startup_stm32f407xx.o(.text)
    EXTI2_IRQHandler                         0x08000257   Thumb Code     0  startup_stm32f407xx.o(.text)
    EXTI3_IRQHandler                         0x08000257   Thumb Code     0  startup_stm32f407xx.o(.text)
    EXTI9_5_IRQHandler                       0x08000257   Thumb Code     0  startup_stm32f407xx.o(.text)
    FLASH_IRQHandler                         0x08000257   Thumb Code     0  startup_stm32f407xx.o(.text)
    FMC_IRQHandler                           0x08000257   Thumb Code     0  startup_stm32f407xx.o(.text)
    FPU_IRQHandler                           0x08000257   Thumb Code     0  startup_stm32f407xx.o(.text)
    HASH_RNG_IRQHandler                      0x08000257   Thumb Code     0  startup_stm32f407xx.o(.text)
    I2C1_ER_IRQHandler                       0x08000257   Thumb Code     0  startup_stm32f407xx.o(.text)
    I2C1_EV_IRQHandler                       0x08000257   Thumb Code     0  startup_stm32f407xx.o(.text)
    I2C2_ER_IRQHandler                       0x08000257   Thumb Code     0  startup_stm32f407xx.o(.text)
    I2C2_EV_IRQHandler                       0x08000257   Thumb Code     0  startup_stm32f407xx.o(.text)
    I2C3_ER_IRQHandler                       0x08000257   Thumb Code     0  startup_stm32f407xx.o(.text)
    I2C3_EV_IRQHandler                       0x08000257   Thumb Code     0  startup_stm32f407xx.o(.text)
    OTG_FS_IRQHandler                        0x08000257   Thumb Code     0  startup_stm32f407xx.o(.text)
    OTG_FS_WKUP_IRQHandler                   0x08000257   Thumb Code     0  startup_stm32f407xx.o(.text)
    OTG_HS_EP1_IN_IRQHandler                 0x08000257   Thumb Code     0  startup_stm32f407xx.o(.text)
    OTG_HS_EP1_OUT_IRQHandler                0x08000257   Thumb Code     0  startup_stm32f407xx.o(.text)
    OTG_HS_IRQHandler                        0x08000257   Thumb Code     0  startup_stm32f407xx.o(.text)
    OTG_HS_WKUP_IRQHandler                   0x08000257   Thumb Code     0  startup_stm32f407xx.o(.text)
    PVD_IRQHandler                           0x08000257   Thumb Code     0  startup_stm32f407xx.o(.text)
    RCC_IRQHandler                           0x08000257   Thumb Code     0  startup_stm32f407xx.o(.text)
    RTC_Alarm_IRQHandler                     0x08000257   Thumb Code     0  startup_stm32f407xx.o(.text)
    RTC_WKUP_IRQHandler                      0x08000257   Thumb Code     0  startup_stm32f407xx.o(.text)
    SDIO_IRQHandler                          0x08000257   Thumb Code     0  startup_stm32f407xx.o(.text)
    SPI1_IRQHandler                          0x08000257   Thumb Code     0  startup_stm32f407xx.o(.text)
    SPI2_IRQHandler                          0x08000257   Thumb Code     0  startup_stm32f407xx.o(.text)
    SPI3_IRQHandler                          0x08000257   Thumb Code     0  startup_stm32f407xx.o(.text)
    TAMP_STAMP_IRQHandler                    0x08000257   Thumb Code     0  startup_stm32f407xx.o(.text)
    TIM1_BRK_TIM9_IRQHandler                 0x08000257   Thumb Code     0  startup_stm32f407xx.o(.text)
    TIM1_CC_IRQHandler                       0x08000257   Thumb Code     0  startup_stm32f407xx.o(.text)
    TIM1_TRG_COM_TIM11_IRQHandler            0x08000257   Thumb Code     0  startup_stm32f407xx.o(.text)
    TIM1_UP_TIM10_IRQHandler                 0x08000257   Thumb Code     0  startup_stm32f407xx.o(.text)
    TIM2_IRQHandler                          0x08000257   Thumb Code     0  startup_stm32f407xx.o(.text)
    TIM3_IRQHandler                          0x08000257   Thumb Code     0  startup_stm32f407xx.o(.text)
    TIM4_IRQHandler                          0x08000257   Thumb Code     0  startup_stm32f407xx.o(.text)
    TIM5_IRQHandler                          0x08000257   Thumb Code     0  startup_stm32f407xx.o(.text)
    TIM6_DAC_IRQHandler                      0x08000257   Thumb Code     0  startup_stm32f407xx.o(.text)
    TIM7_IRQHandler                          0x08000257   Thumb Code     0  startup_stm32f407xx.o(.text)
    TIM8_BRK_TIM12_IRQHandler                0x08000257   Thumb Code     0  startup_stm32f407xx.o(.text)
    TIM8_CC_IRQHandler                       0x08000257   Thumb Code     0  startup_stm32f407xx.o(.text)
    TIM8_TRG_COM_TIM14_IRQHandler            0x08000257   Thumb Code     0  startup_stm32f407xx.o(.text)
    TIM8_UP_TIM13_IRQHandler                 0x08000257   Thumb Code     0  startup_stm32f407xx.o(.text)
    WWDG_IRQHandler                          0x08000257   Thumb Code     0  startup_stm32f407xx.o(.text)
    __user_initial_stackheap                 0x08000259   Thumb Code     0  startup_stm32f407xx.o(.text)
    __use_no_semihosting                     0x0800027d   Thumb Code     2  use_no_semi_2.o(.text)
    __aeabi_uldivmod                         0x0800027f   Thumb Code     0  lludivv7m.o(.text)
    _ll_udiv                                 0x0800027f   Thumb Code   238  lludivv7m.o(.text)
    __2printf                                0x0800036d   Thumb Code    20  __2printf.o(.text)
    __2snprintf                              0x08000385   Thumb Code    50  __2snprintf.o(.text)
    _printf_pre_padding                      0x080003bd   Thumb Code    44  _printf_pad.o(.text)
    _printf_post_padding                     0x080003e9   Thumb Code    34  _printf_pad.o(.text)
    _printf_str                              0x0800040b   Thumb Code    82  _printf_str.o(.text)
    _printf_int_dec                          0x0800045d   Thumb Code   104  _printf_dec.o(.text)
    __printf                                 0x080004d5   Thumb Code   388  __printf_flags_ss_wp.o(.text)
    __aeabi_memcpy                           0x0800065d   Thumb Code     0  rt_memcpy_v6.o(.text)
    __rt_memcpy                              0x0800065d   Thumb Code   138  rt_memcpy_v6.o(.text)
    _memcpy_lastbytes                        0x080006c3   Thumb Code     0  rt_memcpy_v6.o(.text)
    __aeabi_memclr                           0x080006e7   Thumb Code     0  rt_memclr.o(.text)
    __rt_memclr                              0x080006e7   Thumb Code    68  rt_memclr.o(.text)
    _memset                                  0x080006eb   Thumb Code     0  rt_memclr.o(.text)
    __aeabi_memclr4                          0x0800072b   Thumb Code     0  rt_memclr_w.o(.text)
    __aeabi_memclr8                          0x0800072b   Thumb Code     0  rt_memclr_w.o(.text)
    __rt_memclr_w                            0x0800072b   Thumb Code    78  rt_memclr_w.o(.text)
    _memset_w                                0x0800072f   Thumb Code     0  rt_memclr_w.o(.text)
    __use_two_region_memory                  0x08000779   Thumb Code     2  heapauxi.o(.text)
    __rt_heap_escrow$2region                 0x0800077b   Thumb Code     2  heapauxi.o(.text)
    __rt_heap_expand$2region                 0x0800077d   Thumb Code     2  heapauxi.o(.text)
    __I$use$semihosting                      0x0800077f   Thumb Code     0  use_no_semi.o(.text)
    __use_no_semihosting_swi                 0x0800077f   Thumb Code     2  use_no_semi.o(.text)
    _printf_int_common                       0x08000781   Thumb Code   178  _printf_intcommon.o(.text)
    _printf_char_common                      0x0800083f   Thumb Code    32  _printf_char_common.o(.text)
    _sputc                                   0x08000865   Thumb Code    10  _sputc.o(.text)
    _snputc                                  0x0800086f   Thumb Code    16  _snputc.o(.text)
    _printf_cs_common                        0x0800087f   Thumb Code    20  _printf_char.o(.text)
    _printf_char                             0x08000893   Thumb Code    16  _printf_char.o(.text)
    _printf_string                           0x080008a3   Thumb Code     8  _printf_char.o(.text)
    _printf_char_file                        0x080008ad   Thumb Code    32  _printf_char_file.o(.text)
    __aeabi_memcpy4                          0x080008d1   Thumb Code     0  rt_memcpy_w.o(.text)
    __aeabi_memcpy8                          0x080008d1   Thumb Code     0  rt_memcpy_w.o(.text)
    __rt_memcpy_w                            0x080008d1   Thumb Code   100  rt_memcpy_w.o(.text)
    _memcpy_lastbytes_aligned                0x08000919   Thumb Code     0  rt_memcpy_w.o(.text)
    ferror                                   0x08000935   Thumb Code     8  ferror.o(.text)
    __user_setup_stackheap                   0x0800093d   Thumb Code    74  sys_stackheap_outer.o(.text)
    exit                                     0x08000987   Thumb Code    18  exit.o(.text)
    __user_libspace                          0x08000999   Thumb Code     8  libspace.o(.text)
    __user_perproc_libspace                  0x08000999   Thumb Code     0  libspace.o(.text)
    __user_perthread_libspace                0x08000999   Thumb Code     0  libspace.o(.text)
    BusFault_Handler                         0x08000ac1   Thumb Code     2  stm32f4xx_it.o(i.BusFault_Handler)
    DHT11_Init                               0x08000b55   Thumb Code    62  dht11.o(i.DHT11_Init)
    DHT11_Read_Data                          0x08000c11   Thumb Code    88  dht11.o(i.DHT11_Read_Data)
    DebugMon_Handler                         0x08000cb9   Thumb Code     2  stm32f4xx_it.o(i.DebugMon_Handler)
    EXTI0_IRQHandler                         0x08000cdf   Thumb Code     6  stm32f4xx_it.o(i.EXTI0_IRQHandler)
    EXTI1_IRQHandler                         0x08000ce5   Thumb Code     6  stm32f4xx_it.o(i.EXTI1_IRQHandler)
    EXTI4_IRQHandler                         0x08000ceb   Thumb Code     6  stm32f4xx_it.o(i.EXTI4_IRQHandler)
    Error_Handler                            0x08000cf1   Thumb Code     4  main.o(i.Error_Handler)
    HAL_Delay                                0x08000cf5   Thumb Code    32  stm32f4xx_hal.o(i.HAL_Delay)
    HAL_GPIO_EXTI_Callback                   0x08000d19   Thumb Code    10  main.o(i.HAL_GPIO_EXTI_Callback)
    HAL_GPIO_EXTI_IRQHandler                 0x08000d29   Thumb Code    18  stm32f4xx_hal_gpio.o(i.HAL_GPIO_EXTI_IRQHandler)
    HAL_GPIO_Init                            0x08000d41   Thumb Code   450  stm32f4xx_hal_gpio.o(i.HAL_GPIO_Init)
    HAL_GPIO_ReadPin                         0x08000f31   Thumb Code    10  stm32f4xx_hal_gpio.o(i.HAL_GPIO_ReadPin)
    HAL_GPIO_TogglePin                       0x08000f3b   Thumb Code    16  stm32f4xx_hal_gpio.o(i.HAL_GPIO_TogglePin)
    HAL_GPIO_WritePin                        0x08000f4b   Thumb Code    10  stm32f4xx_hal_gpio.o(i.HAL_GPIO_WritePin)
    HAL_GetTick                              0x08000f55   Thumb Code     6  stm32f4xx_hal.o(i.HAL_GetTick)
    HAL_IncTick                              0x08000f61   Thumb Code    12  stm32f4xx_hal.o(i.HAL_IncTick)
    HAL_Init                                 0x08000f71   Thumb Code    48  stm32f4xx_hal.o(i.HAL_Init)
    HAL_InitTick                             0x08000fa5   Thumb Code    54  stm32f4xx_hal.o(i.HAL_InitTick)
    HAL_MspInit                              0x08000fe5   Thumb Code    42  stm32f4xx_hal_msp.o(i.HAL_MspInit)
    HAL_NVIC_EnableIRQ                       0x08001015   Thumb Code    26  stm32f4xx_hal_cortex.o(i.HAL_NVIC_EnableIRQ)
    HAL_NVIC_SetPriority                     0x08001031   Thumb Code    60  stm32f4xx_hal_cortex.o(i.HAL_NVIC_SetPriority)
    HAL_NVIC_SetPriorityGrouping             0x08001071   Thumb Code    26  stm32f4xx_hal_cortex.o(i.HAL_NVIC_SetPriorityGrouping)
    HAL_RCC_ClockConfig                      0x08001095   Thumb Code   288  stm32f4xx_hal_rcc.o(i.HAL_RCC_ClockConfig)
    HAL_RCC_GetHCLKFreq                      0x080011c9   Thumb Code     6  stm32f4xx_hal_rcc.o(i.HAL_RCC_GetHCLKFreq)
    HAL_RCC_GetPCLK1Freq                     0x080011d5   Thumb Code    20  stm32f4xx_hal_rcc.o(i.HAL_RCC_GetPCLK1Freq)
    HAL_RCC_GetPCLK2Freq                     0x080011f5   Thumb Code    20  stm32f4xx_hal_rcc.o(i.HAL_RCC_GetPCLK2Freq)
    HAL_RCC_GetSysClockFreq                  0x08001215   Thumb Code    88  stm32f4xx_hal_rcc.o(i.HAL_RCC_GetSysClockFreq)
    HAL_RCC_OscConfig                        0x08001275   Thumb Code   856  stm32f4xx_hal_rcc.o(i.HAL_RCC_OscConfig)
    HAL_SYSTICK_Config                       0x080015e1   Thumb Code    40  stm32f4xx_hal_cortex.o(i.HAL_SYSTICK_Config)
    HAL_TIM_PWM_ConfigChannel                0x08001609   Thumb Code   204  stm32f4xx_hal_tim.o(i.HAL_TIM_PWM_ConfigChannel)
    HAL_TIM_PWM_Init                         0x080016d5   Thumb Code    90  stm32f4xx_hal_tim.o(i.HAL_TIM_PWM_Init)
    HAL_TIM_PWM_MspInit                      0x0800172f   Thumb Code     2  stm32f4xx_hal_tim.o(i.HAL_TIM_PWM_MspInit)
    HAL_TIM_PWM_Start                        0x08001731   Thumb Code   172  stm32f4xx_hal_tim.o(i.HAL_TIM_PWM_Start)
    HAL_UART_Init                            0x080017f9   Thumb Code   100  stm32f4xx_hal_uart.o(i.HAL_UART_Init)
    HAL_UART_MspInit                         0x0800185d   Thumb Code    94  usart.o(i.HAL_UART_MspInit)
    HardFault_Handler                        0x080018c9   Thumb Code     2  stm32f4xx_it.o(i.HardFault_Handler)
    MX_GPIO_Init                             0x080018cd   Thumb Code   270  gpio.o(i.MX_GPIO_Init)
    MX_USART1_UART_Init                      0x080019ed   Thumb Code    48  usart.o(i.MX_USART1_UART_Init)
    MemManage_Handler                        0x08001a25   Thumb Code     2  stm32f4xx_it.o(i.MemManage_Handler)
    NMI_Handler                              0x08001a27   Thumb Code     2  stm32f4xx_it.o(i.NMI_Handler)
    OLED_Clear                               0x08001a29   Thumb Code    20  bsp_oled.o(i.OLED_Clear)
    OLED_Init                                0x08001a41   Thumb Code   276  bsp_oled.o(i.OLED_Init)
    OLED_Refresh                             0x08001b65   Thumb Code    92  bsp_oled.o(i.OLED_Refresh)
    OLED_String                              0x08001bc5   Thumb Code   132  bsp_oled.o(i.OLED_String)
    PendSV_Handler                           0x08001c4d   Thumb Code     2  stm32f4xx_it.o(i.PendSV_Handler)
    SVC_Handler                              0x08001c4f   Thumb Code     2  stm32f4xx_it.o(i.SVC_Handler)
    SysTick_Handler                          0x08001d41   Thumb Code     4  stm32f4xx_it.o(i.SysTick_Handler)
    SystemClock_Config                       0x08001d45   Thumb Code   138  main.o(i.SystemClock_Config)
    SystemCoreClockUpdate                    0x08001dd9   Thumb Code   104  system_stm32f4xx.o(i.SystemCoreClockUpdate)
    SystemInit                               0x08001e51   Thumb Code    12  system_stm32f4xx.o(i.SystemInit)
    TIM_Base_SetConfig                       0x08001e61   Thumb Code   170  stm32f4xx_hal_tim.o(i.TIM_Base_SetConfig)
    TIM_CCxChannelCmd                        0x08001f39   Thumb Code    26  stm32f4xx_hal_tim.o(i.TIM_CCxChannelCmd)
    TIM_OC2_SetConfig                        0x08001fb5   Thumb Code    98  stm32f4xx_hal_tim.o(i.TIM_OC2_SetConfig)
    UART1_Init                               0x080020d9   Thumb Code   312  bsp_uart.o(i.UART1_Init)
    UART1_SendData                           0x0800228d   Thumb Code    60  bsp_uart.o(i.UART1_SendData)
    UART4_IRQHandler                         0x080022d1   Thumb Code   158  bsp_uart.o(i.UART4_IRQHandler)
    UART5_IRQHandler                         0x080023ad   Thumb Code   142  bsp_uart.o(i.UART5_IRQHandler)
    USART1_IRQHandler                        0x08002585   Thumb Code   148  bsp_uart.o(i.USART1_IRQHandler)
    USART2_IRQHandler                        0x08002651   Thumb Code   158  bsp_uart.o(i.USART2_IRQHandler)
    USART3_IRQHandler                        0x0800272d   Thumb Code   158  bsp_uart.o(i.USART3_IRQHandler)
    USART6_IRQHandler                        0x08002809   Thumb Code   158  bsp_uart.o(i.USART6_IRQHandler)
    UsageFault_Handler                       0x080028e5   Thumb Code     2  stm32f4xx_it.o(i.UsageFault_Handler)
    W25Q128_ReadData                         0x080028e9   Thumb Code    82  bsp_w25q128.o(i.W25Q128_ReadData)
    W25Q128_ReadFontData                     0x08002945   Thumb Code   150  bsp_w25q128.o(i.W25Q128_ReadFontData)
    _is_digit                                0x08002a09   Thumb Code    14  __printf_wp.o(i._is_digit)
    _sys_exit                                0x08002a17   Thumb Code     2  bsp_uart.o(i._sys_exit)
    fputc                                    0x08002bcd   Thumb Code    14  bsp_uart.o(i.fputc)
    main                                     0x08002bdd   Thumb Code   404  main.o(i.main)
    _fp_init                                 0x08002f5b   Thumb Code    10  fpinit.o(x$fpl$fpinit)
    __fplib_config_fpu_vfp                   0x08002f63   Thumb Code     0  fpinit.o(x$fpl$fpinit)
    __fplib_config_pureend_doubles           0x08002f63   Thumb Code     0  fpinit.o(x$fpl$fpinit)
    AHBPrescTable                            0x08002f64   Data          16  system_stm32f4xx.o(.constdata)
    APBPrescTable                            0x08002f74   Data           8  system_stm32f4xx.o(.constdata)
    aFontChinese12                           0x08002f7c   Data          96  bsp_oled.o(.constdata)
    aFontChinese16                           0x08002fdc   Data         160  bsp_oled.o(.constdata)
    aFontChinese24                           0x0800307c   Data         288  bsp_oled.o(.constdata)
    aFontChinese32                           0x0800319c   Data         512  bsp_oled.o(.constdata)
    aFontASCII12                             0x0800339c   Data        1140  bsp_oled.o(.constdata)
    aFontASCII16                             0x08003810   Data        1520  bsp_oled.o(.constdata)
    aFontASCII24                             0x08003e00   Data        3420  bsp_oled.o(.constdata)
    aFontASCII32                             0x08004b5c   Data        6080  bsp_oled.o(.constdata)
    Region$$Table$$Base                      0x08006374   Number         0  anon$$obj.o(Region$$Table)
    Region$$Table$$Limit                     0x08006394   Number         0  anon$$obj.o(Region$$Table)
    uwTickFreq                               0x20000008   Data           1  stm32f4xx_hal.o(.data)
    uwTickPrio                               0x2000000c   Data           4  stm32f4xx_hal.o(.data)
    uwTick                                   0x20000010   Data           4  stm32f4xx_hal.o(.data)
    SystemCoreClock                          0x20000014   Data           4  system_stm32f4xx.o(.data)
    __stdout                                 0x20000028   Data           4  bsp_uart.o(.data)
    xLCD                                     0x2000003c   Data           6  bsp_oled.o(.data)
    huart1                                   0x2000008c   Data          72  usart.o(.bss)
    OLED_GRAM                                0x20003db4   Data        1024  bsp_oled.o(.bss)
    xW25Q128                                 0x200041b4   Data          24  bsp_w25q128.o(.bss)
    W25Q128_buffer                           0x200041cc   Data        4096  bsp_w25q128.o(.bss)
    __libspace_start                         0x200051cc   Data          96  libspace.o(.bss)
    __temporary_stack_top$libspace           0x2000522c   Data           0  libspace.o(.bss)



==============================================================================

Memory Map of the image

  Image Entry point : 0x08000189

  Load Region LR_IROM1 (Base: 0x08000000, Size: 0x000063d8, Max: 0x00080000, ABSOLUTE)

    Execution Region ER_IROM1 (Exec base: 0x08000000, Load base: 0x08000000, Size: 0x00006394, Max: 0x00080000, ABSOLUTE)

    Exec Addr    Load Addr    Size         Type   Attr      Idx    E Section Name        Object

    0x08000000   0x08000000   0x00000188   Data   RO            3    RESET               startup_stm32f407xx.o
    0x08000188   0x08000188   0x00000008   Code   RO         3576  * !!!main             c_w.l(__main.o)
    0x08000190   0x08000190   0x00000034   Code   RO         3883    !!!scatter          c_w.l(__scatter.o)
    0x080001c4   0x080001c4   0x0000001a   Code   RO         3885    !!handler_copy      c_w.l(__scatter_copy.o)
    0x080001de   0x080001de   0x00000002   PAD
    0x080001e0   0x080001e0   0x0000001c   Code   RO         3887    !!handler_zi        c_w.l(__scatter_zi.o)
    0x080001fc   0x080001fc   0x00000000   Code   RO         3563    .ARM.Collect$$_printf_percent$$00000000  c_w.l(_printf_percent.o)
    0x080001fc   0x080001fc   0x00000006   Code   RO         3561    .ARM.Collect$$_printf_percent$$00000009  c_w.l(_printf_d.o)
    0x08000202   0x08000202   0x00000006   Code   RO         3562    .ARM.Collect$$_printf_percent$$0000000A  c_w.l(_printf_u.o)
    0x08000208   0x08000208   0x00000006   Code   RO         3560    .ARM.Collect$$_printf_percent$$00000014  c_w.l(_printf_s.o)
    0x0800020e   0x0800020e   0x00000004   Code   RO         3643    .ARM.Collect$$_printf_percent$$00000017  c_w.l(_printf_percent_end.o)
    0x08000212   0x08000212   0x00000002   Code   RO         3747    .ARM.Collect$$libinit$$00000000  c_w.l(libinit.o)
    0x08000214   0x08000214   0x00000004   Code   RO         3769    .ARM.Collect$$libinit$$00000001  c_w.l(libinit2.o)
    0x08000218   0x08000218   0x00000000   Code   RO         3772    .ARM.Collect$$libinit$$00000004  c_w.l(libinit2.o)
    0x08000218   0x08000218   0x00000000   Code   RO         3775    .ARM.Collect$$libinit$$0000000A  c_w.l(libinit2.o)
    0x08000218   0x08000218   0x00000000   Code   RO         3777    .ARM.Collect$$libinit$$0000000C  c_w.l(libinit2.o)
    0x08000218   0x08000218   0x00000000   Code   RO         3779    .ARM.Collect$$libinit$$0000000E  c_w.l(libinit2.o)
    0x08000218   0x08000218   0x00000000   Code   RO         3782    .ARM.Collect$$libinit$$00000011  c_w.l(libinit2.o)
    0x08000218   0x08000218   0x00000000   Code   RO         3784    .ARM.Collect$$libinit$$00000013  c_w.l(libinit2.o)
    0x08000218   0x08000218   0x00000000   Code   RO         3786    .ARM.Collect$$libinit$$00000015  c_w.l(libinit2.o)
    0x08000218   0x08000218   0x00000000   Code   RO         3788    .ARM.Collect$$libinit$$00000017  c_w.l(libinit2.o)
    0x08000218   0x08000218   0x00000000   Code   RO         3790    .ARM.Collect$$libinit$$00000019  c_w.l(libinit2.o)
    0x08000218   0x08000218   0x00000000   Code   RO         3792    .ARM.Collect$$libinit$$0000001B  c_w.l(libinit2.o)
    0x08000218   0x08000218   0x00000000   Code   RO         3794    .ARM.Collect$$libinit$$0000001D  c_w.l(libinit2.o)
    0x08000218   0x08000218   0x00000000   Code   RO         3796    .ARM.Collect$$libinit$$0000001F  c_w.l(libinit2.o)
    0x08000218   0x08000218   0x00000000   Code   RO         3798    .ARM.Collect$$libinit$$00000021  c_w.l(libinit2.o)
    0x08000218   0x08000218   0x00000000   Code   RO         3800    .ARM.Collect$$libinit$$00000023  c_w.l(libinit2.o)
    0x08000218   0x08000218   0x00000000   Code   RO         3802    .ARM.Collect$$libinit$$00000025  c_w.l(libinit2.o)
    0x08000218   0x08000218   0x00000000   Code   RO         3806    .ARM.Collect$$libinit$$0000002C  c_w.l(libinit2.o)
    0x08000218   0x08000218   0x00000000   Code   RO         3808    .ARM.Collect$$libinit$$0000002E  c_w.l(libinit2.o)
    0x08000218   0x08000218   0x00000000   Code   RO         3810    .ARM.Collect$$libinit$$00000030  c_w.l(libinit2.o)
    0x08000218   0x08000218   0x00000000   Code   RO         3812    .ARM.Collect$$libinit$$00000032  c_w.l(libinit2.o)
    0x08000218   0x08000218   0x00000002   Code   RO         3813    .ARM.Collect$$libinit$$00000033  c_w.l(libinit2.o)
    0x0800021a   0x0800021a   0x00000002   Code   RO         3839    .ARM.Collect$$libshutdown$$00000000  c_w.l(libshutdown.o)
    0x0800021c   0x0800021c   0x00000000   Code   RO         3866    .ARM.Collect$$libshutdown$$00000002  c_w.l(libshutdown2.o)
    0x0800021c   0x0800021c   0x00000000   Code   RO         3868    .ARM.Collect$$libshutdown$$00000004  c_w.l(libshutdown2.o)
    0x0800021c   0x0800021c   0x00000000   Code   RO         3871    .ARM.Collect$$libshutdown$$00000007  c_w.l(libshutdown2.o)
    0x0800021c   0x0800021c   0x00000000   Code   RO         3874    .ARM.Collect$$libshutdown$$0000000A  c_w.l(libshutdown2.o)
    0x0800021c   0x0800021c   0x00000000   Code   RO         3876    .ARM.Collect$$libshutdown$$0000000C  c_w.l(libshutdown2.o)
    0x0800021c   0x0800021c   0x00000000   Code   RO         3879    .ARM.Collect$$libshutdown$$0000000F  c_w.l(libshutdown2.o)
    0x0800021c   0x0800021c   0x00000002   Code   RO         3880    .ARM.Collect$$libshutdown$$00000010  c_w.l(libshutdown2.o)
    0x0800021e   0x0800021e   0x00000000   Code   RO         3580    .ARM.Collect$$rtentry$$00000000  c_w.l(__rtentry.o)
    0x0800021e   0x0800021e   0x00000000   Code   RO         3664    .ARM.Collect$$rtentry$$00000002  c_w.l(__rtentry2.o)
    0x0800021e   0x0800021e   0x00000006   Code   RO         3676    .ARM.Collect$$rtentry$$00000004  c_w.l(__rtentry4.o)
    0x08000224   0x08000224   0x00000000   Code   RO         3666    .ARM.Collect$$rtentry$$00000009  c_w.l(__rtentry2.o)
    0x08000224   0x08000224   0x00000004   Code   RO         3667    .ARM.Collect$$rtentry$$0000000A  c_w.l(__rtentry2.o)
    0x08000228   0x08000228   0x00000000   Code   RO         3669    .ARM.Collect$$rtentry$$0000000C  c_w.l(__rtentry2.o)
    0x08000228   0x08000228   0x00000008   Code   RO         3670    .ARM.Collect$$rtentry$$0000000D  c_w.l(__rtentry2.o)
    0x08000230   0x08000230   0x00000002   Code   RO         3756    .ARM.Collect$$rtexit$$00000000  c_w.l(rtexit.o)
    0x08000232   0x08000232   0x00000000   Code   RO         3815    .ARM.Collect$$rtexit$$00000002  c_w.l(rtexit2.o)
    0x08000232   0x08000232   0x00000004   Code   RO         3816    .ARM.Collect$$rtexit$$00000003  c_w.l(rtexit2.o)
    0x08000236   0x08000236   0x00000006   Code   RO         3817    .ARM.Collect$$rtexit$$00000004  c_w.l(rtexit2.o)
    0x0800023c   0x0800023c   0x00000040   Code   RO            4    .text               startup_stm32f407xx.o
    0x0800027c   0x0800027c   0x00000002   Code   RO         3514    .text               c_w.l(use_no_semi_2.o)
    0x0800027e   0x0800027e   0x000000ee   Code   RO         3516    .text               c_w.l(lludivv7m.o)
    0x0800036c   0x0800036c   0x00000018   Code   RO         3520    .text               c_w.l(__2printf.o)
    0x08000384   0x08000384   0x00000038   Code   RO         3524    .text               c_w.l(__2snprintf.o)
    0x080003bc   0x080003bc   0x0000004e   Code   RO         3534    .text               c_w.l(_printf_pad.o)
    0x0800040a   0x0800040a   0x00000052   Code   RO         3536    .text               c_w.l(_printf_str.o)
    0x0800045c   0x0800045c   0x00000078   Code   RO         3538    .text               c_w.l(_printf_dec.o)
    0x080004d4   0x080004d4   0x00000188   Code   RO         3557    .text               c_w.l(__printf_flags_ss_wp.o)
    0x0800065c   0x0800065c   0x0000008a   Code   RO         3568    .text               c_w.l(rt_memcpy_v6.o)
    0x080006e6   0x080006e6   0x00000044   Code   RO         3570    .text               c_w.l(rt_memclr.o)
    0x0800072a   0x0800072a   0x0000004e   Code   RO         3572    .text               c_w.l(rt_memclr_w.o)
    0x08000778   0x08000778   0x00000006   Code   RO         3574    .text               c_w.l(heapauxi.o)
    0x0800077e   0x0800077e   0x00000002   Code   RO         3578    .text               c_w.l(use_no_semi.o)
    0x08000780   0x08000780   0x000000b2   Code   RO         3587    .text               c_w.l(_printf_intcommon.o)
    0x08000832   0x08000832   0x00000002   PAD
    0x08000834   0x08000834   0x00000030   Code   RO         3591    .text               c_w.l(_printf_char_common.o)
    0x08000864   0x08000864   0x0000000a   Code   RO         3593    .text               c_w.l(_sputc.o)
    0x0800086e   0x0800086e   0x00000010   Code   RO         3595    .text               c_w.l(_snputc.o)
    0x0800087e   0x0800087e   0x0000002c   Code   RO         3597    .text               c_w.l(_printf_char.o)
    0x080008aa   0x080008aa   0x00000002   PAD
    0x080008ac   0x080008ac   0x00000024   Code   RO         3599    .text               c_w.l(_printf_char_file.o)
    0x080008d0   0x080008d0   0x00000064   Code   RO         3653    .text               c_w.l(rt_memcpy_w.o)
    0x08000934   0x08000934   0x00000008   Code   RO         3691    .text               c_w.l(ferror.o)
    0x0800093c   0x0800093c   0x0000004a   Code   RO         3697    .text               c_w.l(sys_stackheap_outer.o)
    0x08000986   0x08000986   0x00000012   Code   RO         3736    .text               c_w.l(exit.o)
    0x08000998   0x08000998   0x00000008   Code   RO         3753    .text               c_w.l(libspace.o)
    0x080009a0   0x080009a0   0x00000120   Code   RO           13    i.App_ShowDataOnOLED  main.o
    0x08000ac0   0x08000ac0   0x00000002   Code   RO          271    i.BusFault_Handler  stm32f4xx_it.o
    0x08000ac2   0x08000ac2   0x00000002   PAD
    0x08000ac4   0x08000ac4   0x00000068   Code   RO         3465    i.DHT11_Check       dht11.o
    0x08000b2c   0x08000b2c   0x00000028   Code   RO         3466    i.DHT11_DelayUs     dht11.o
    0x08000b54   0x08000b54   0x0000004c   Code   RO         3467    i.DHT11_Init        dht11.o
    0x08000ba0   0x08000ba0   0x00000070   Code   RO         3468    i.DHT11_Read_Byte   dht11.o
    0x08000c10   0x08000c10   0x00000058   Code   RO         3469    i.DHT11_Read_Data   dht11.o
    0x08000c68   0x08000c68   0x00000050   Code   RO         3470    i.DHT11_Rst         dht11.o
    0x08000cb8   0x08000cb8   0x00000002   Code   RO          272    i.DebugMon_Handler  stm32f4xx_it.o
    0x08000cba   0x08000cba   0x00000024   Code   RO           14    i.Door_SetState     main.o
    0x08000cde   0x08000cde   0x00000006   Code   RO          273    i.EXTI0_IRQHandler  stm32f4xx_it.o
    0x08000ce4   0x08000ce4   0x00000006   Code   RO          274    i.EXTI1_IRQHandler  stm32f4xx_it.o
    0x08000cea   0x08000cea   0x00000006   Code   RO          275    i.EXTI4_IRQHandler  stm32f4xx_it.o
    0x08000cf0   0x08000cf0   0x00000004   Code   RO           15    i.Error_Handler     main.o
    0x08000cf4   0x08000cf4   0x00000024   Code   RO         2611    i.HAL_Delay         stm32f4xx_hal.o
    0x08000d18   0x08000d18   0x00000010   Code   RO           16    i.HAL_GPIO_EXTI_Callback  main.o
    0x08000d28   0x08000d28   0x00000018   Code   RO         2078    i.HAL_GPIO_EXTI_IRQHandler  stm32f4xx_hal_gpio.o
    0x08000d40   0x08000d40   0x000001f0   Code   RO         2079    i.HAL_GPIO_Init     stm32f4xx_hal_gpio.o
    0x08000f30   0x08000f30   0x0000000a   Code   RO         2081    i.HAL_GPIO_ReadPin  stm32f4xx_hal_gpio.o
    0x08000f3a   0x08000f3a   0x00000010   Code   RO         2082    i.HAL_GPIO_TogglePin  stm32f4xx_hal_gpio.o
    0x08000f4a   0x08000f4a   0x0000000a   Code   RO         2083    i.HAL_GPIO_WritePin  stm32f4xx_hal_gpio.o
    0x08000f54   0x08000f54   0x0000000c   Code   RO         2617    i.HAL_GetTick       stm32f4xx_hal.o
    0x08000f60   0x08000f60   0x00000010   Code   RO         2623    i.HAL_IncTick       stm32f4xx_hal.o
    0x08000f70   0x08000f70   0x00000034   Code   RO         2624    i.HAL_Init          stm32f4xx_hal.o
    0x08000fa4   0x08000fa4   0x00000040   Code   RO         2625    i.HAL_InitTick      stm32f4xx_hal.o
    0x08000fe4   0x08000fe4   0x00000030   Code   RO          364    i.HAL_MspInit       stm32f4xx_hal_msp.o
    0x08001014   0x08001014   0x0000001a   Code   RO         2469    i.HAL_NVIC_EnableIRQ  stm32f4xx_hal_cortex.o
    0x0800102e   0x0800102e   0x00000002   PAD
    0x08001030   0x08001030   0x00000040   Code   RO         2475    i.HAL_NVIC_SetPriority  stm32f4xx_hal_cortex.o
    0x08001070   0x08001070   0x00000024   Code   RO         2476    i.HAL_NVIC_SetPriorityGrouping  stm32f4xx_hal_cortex.o
    0x08001094   0x08001094   0x00000134   Code   RO         1725    i.HAL_RCC_ClockConfig  stm32f4xx_hal_rcc.o
    0x080011c8   0x080011c8   0x0000000c   Code   RO         1730    i.HAL_RCC_GetHCLKFreq  stm32f4xx_hal_rcc.o
    0x080011d4   0x080011d4   0x00000020   Code   RO         1732    i.HAL_RCC_GetPCLK1Freq  stm32f4xx_hal_rcc.o
    0x080011f4   0x080011f4   0x00000020   Code   RO         1733    i.HAL_RCC_GetPCLK2Freq  stm32f4xx_hal_rcc.o
    0x08001214   0x08001214   0x00000060   Code   RO         1734    i.HAL_RCC_GetSysClockFreq  stm32f4xx_hal_rcc.o
    0x08001274   0x08001274   0x0000036c   Code   RO         1737    i.HAL_RCC_OscConfig  stm32f4xx_hal_rcc.o
    0x080015e0   0x080015e0   0x00000028   Code   RO         2480    i.HAL_SYSTICK_Config  stm32f4xx_hal_cortex.o
    0x08001608   0x08001608   0x000000cc   Code   RO          462    i.HAL_TIM_PWM_ConfigChannel  stm32f4xx_hal_tim.o
    0x080016d4   0x080016d4   0x0000005a   Code   RO          465    i.HAL_TIM_PWM_Init  stm32f4xx_hal_tim.o
    0x0800172e   0x0800172e   0x00000002   Code   RO          467    i.HAL_TIM_PWM_MspInit  stm32f4xx_hal_tim.o
    0x08001730   0x08001730   0x000000c8   Code   RO          470    i.HAL_TIM_PWM_Start  stm32f4xx_hal_tim.o
    0x080017f8   0x080017f8   0x00000064   Code   RO         1391    i.HAL_UART_Init     stm32f4xx_hal_uart.o
    0x0800185c   0x0800185c   0x0000006c   Code   RO          230    i.HAL_UART_MspInit  usart.o
    0x080018c8   0x080018c8   0x00000002   Code   RO          276    i.HardFault_Handler  stm32f4xx_it.o
    0x080018ca   0x080018ca   0x00000002   PAD
    0x080018cc   0x080018cc   0x00000120   Code   RO          205    i.MX_GPIO_Init      gpio.o
    0x080019ec   0x080019ec   0x00000038   Code   RO          231    i.MX_USART1_UART_Init  usart.o
    0x08001a24   0x08001a24   0x00000002   Code   RO          277    i.MemManage_Handler  stm32f4xx_it.o
    0x08001a26   0x08001a26   0x00000002   Code   RO          278    i.NMI_Handler       stm32f4xx_it.o
    0x08001a28   0x08001a28   0x00000018   Code   RO         3242    i.OLED_Clear        bsp_oled.o
    0x08001a40   0x08001a40   0x00000124   Code   RO         3246    i.OLED_Init         bsp_oled.o
    0x08001b64   0x08001b64   0x00000060   Code   RO         3248    i.OLED_Refresh      bsp_oled.o
    0x08001bc4   0x08001bc4   0x00000088   Code   RO         3250    i.OLED_String       bsp_oled.o
    0x08001c4c   0x08001c4c   0x00000002   Code   RO          279    i.PendSV_Handler    stm32f4xx_it.o
    0x08001c4e   0x08001c4e   0x00000002   Code   RO          280    i.SVC_Handler       stm32f4xx_it.o
    0x08001c50   0x08001c50   0x000000b4   Code   RO           17    i.Servo_Init        main.o
    0x08001d04   0x08001d04   0x0000003c   Code   RO           18    i.Servo_SetAngle    main.o
    0x08001d40   0x08001d40   0x00000004   Code   RO          281    i.SysTick_Handler   stm32f4xx_it.o
    0x08001d44   0x08001d44   0x00000094   Code   RO           19    i.SystemClock_Config  main.o
    0x08001dd8   0x08001dd8   0x00000078   Code   RO         2862    i.SystemCoreClockUpdate  system_stm32f4xx.o
    0x08001e50   0x08001e50   0x00000010   Code   RO         2863    i.SystemInit        system_stm32f4xx.o
    0x08001e60   0x08001e60   0x000000d8   Code   RO          483    i.TIM_Base_SetConfig  stm32f4xx_hal_tim.o
    0x08001f38   0x08001f38   0x0000001a   Code   RO          484    i.TIM_CCxChannelCmd  stm32f4xx_hal_tim.o
    0x08001f52   0x08001f52   0x00000002   PAD
    0x08001f54   0x08001f54   0x00000060   Code   RO          496    i.TIM_OC1_SetConfig  stm32f4xx_hal_tim.o
    0x08001fb4   0x08001fb4   0x0000006c   Code   RO          497    i.TIM_OC2_SetConfig  stm32f4xx_hal_tim.o
    0x08002020   0x08002020   0x00000068   Code   RO          498    i.TIM_OC3_SetConfig  stm32f4xx_hal_tim.o
    0x08002088   0x08002088   0x00000050   Code   RO          499    i.TIM_OC4_SetConfig  stm32f4xx_hal_tim.o
    0x080020d8   0x080020d8   0x000001b4   Code   RO         2905    i.UART1_Init        bsp_uart.o
    0x0800228c   0x0800228c   0x00000044   Code   RO         2907    i.UART1_SendData    bsp_uart.o
    0x080022d0   0x080022d0   0x000000dc   Code   RO         2926    i.UART4_IRQHandler  bsp_uart.o
    0x080023ac   0x080023ac   0x000000cc   Code   RO         2934    i.UART5_IRQHandler  bsp_uart.o
    0x08002478   0x08002478   0x0000010c   Code   RO         1417    i.UART_SetConfig    stm32f4xx_hal_uart.o
    0x08002584   0x08002584   0x000000cc   Code   RO         2946    i.USART1_IRQHandler  bsp_uart.o
    0x08002650   0x08002650   0x000000dc   Code   RO         2947    i.USART2_IRQHandler  bsp_uart.o
    0x0800272c   0x0800272c   0x000000dc   Code   RO         2948    i.USART3_IRQHandler  bsp_uart.o
    0x08002808   0x08002808   0x000000dc   Code   RO         2949    i.USART6_IRQHandler  bsp_uart.o
    0x080028e4   0x080028e4   0x00000002   Code   RO          282    i.UsageFault_Handler  stm32f4xx_it.o
    0x080028e6   0x080028e6   0x00000002   PAD
    0x080028e8   0x080028e8   0x0000005c   Code   RO         3384    i.W25Q128_ReadData  bsp_w25q128.o
    0x08002944   0x08002944   0x000000a4   Code   RO         3385    i.W25Q128_ReadFontData  bsp_w25q128.o
    0x080029e8   0x080029e8   0x00000020   Code   RO         2482    i.__NVIC_SetPriority  stm32f4xx_hal_cortex.o
    0x08002a08   0x08002a08   0x0000000e   Code   RO         3550    i._is_digit         c_w.l(__printf_wp.o)
    0x08002a16   0x08002a16   0x00000002   Code   RO         2950    i._sys_exit         bsp_uart.o
    0x08002a18   0x08002a18   0x00000014   Code   RO         3251    i.delay             bsp_oled.o
    0x08002a2c   0x08002a2c   0x000000e0   Code   RO         3252    i.drawAscii         bsp_oled.o
    0x08002b0c   0x08002b0c   0x00000094   Code   RO         3253    i.drawGBK           bsp_oled.o
    0x08002ba0   0x08002ba0   0x0000002c   Code   RO         3254    i.drawPoint         bsp_oled.o
    0x08002bcc   0x08002bcc   0x0000000e   Code   RO         2952    i.fputc             bsp_uart.o
    0x08002bda   0x08002bda   0x00000002   PAD
    0x08002bdc   0x08002bdc   0x00000258   Code   RO           20    i.main              main.o
    0x08002e34   0x08002e34   0x00000048   Code   RO         3255    i.sendByte          bsp_oled.o
    0x08002e7c   0x08002e7c   0x0000003c   Code   RO         3390    i.sendByte          bsp_w25q128.o
    0x08002eb8   0x08002eb8   0x00000030   Code   RO         3256    i.start             bsp_oled.o
    0x08002ee8   0x08002ee8   0x0000001c   Code   RO         3257    i.stop              bsp_oled.o
    0x08002f04   0x08002f04   0x00000028   Code   RO         3258    i.waitACK           bsp_oled.o
    0x08002f2c   0x08002f2c   0x0000002e   Code   RO         3259    i.writeCMD          bsp_oled.o
    0x08002f5a   0x08002f5a   0x0000000a   Code   RO         3827    x$fpl$fpinit        fz_wm.l(fpinit.o)
    0x08002f64   0x08002f64   0x00000010   Data   RO         2864    .constdata          system_stm32f4xx.o
    0x08002f74   0x08002f74   0x00000008   Data   RO         2865    .constdata          system_stm32f4xx.o
    0x08002f7c   0x08002f7c   0x000033a0   Data   RO         3261    .constdata          bsp_oled.o
    0x0800631c   0x0800631c   0x00000011   Data   RO         3558    .constdata          c_w.l(__printf_flags_ss_wp.o)
    0x0800632d   0x0800632d   0x00000003   PAD
    0x08006330   0x08006330   0x00000042   Data   RO         2955    .conststring        bsp_uart.o
    0x08006372   0x08006372   0x00000002   PAD
    0x08006374   0x08006374   0x00000020   Data   RO         3881    Region$$Table       anon$$obj.o


    Execution Region RW_IRAM1 (Exec base: 0x20000000, Load base: 0x08006394, Size: 0x00005830, Max: 0x0001c000, ABSOLUTE)

    Exec Addr    Load Addr    Size         Type   Attr      Idx    E Section Name        Object

    0x20000000   0x08006394   0x00000006   Data   RW           22    .data               main.o
    0x20000006   0x0800639a   0x00000002   PAD
    0x20000008   0x0800639c   0x0000000c   Data   RW         2631    .data               stm32f4xx_hal.o
    0x20000014   0x080063a8   0x00000004   Data   RW         2866    .data               system_stm32f4xx.o
    0x20000018   0x080063ac   0x00000010   Data   RW         2956    .data               bsp_uart.o
    0x20000028   0x080063bc   0x00000004   Data   RW         2957    .data               bsp_uart.o
    0x2000002c   0x080063c0   0x00000016   Data   RW         3263    .data               bsp_oled.o
    0x20000042   0x080063d6   0x00000002   PAD
    0x20000044        -       0x00000048   Zero   RW           21    .bss                main.o
    0x2000008c        -       0x00000048   Zero   RW          232    .bss                usart.o
    0x200000d4        -       0x00003c60   Zero   RW         2953    .bss                bsp_uart.o
    0x20003d34        -       0x00000480   Zero   RW         3260    .bss                bsp_oled.o
    0x200041b4        -       0x00001018   Zero   RW         3393    .bss                bsp_w25q128.o
    0x200051cc        -       0x00000060   Zero   RW         3754    .bss                c_w.l(libspace.o)
    0x2000522c   0x080063d6   0x00000004   PAD
    0x20005230        -       0x00000200   Zero   RW            2    HEAP                startup_stm32f407xx.o
    0x20005430        -       0x00000400   Zero   RW            1    STACK               startup_stm32f407xx.o


    Execution Region RW_IRAM2 (Exec base: 0x2001c000, Load base: 0x080063d8, Size: 0x00000000, Max: 0x00004000, ABSOLUTE)

    **** No section assigned to this execution region ****


==============================================================================

Image component sizes


      Code (inc. data)   RO Data    RW Data    ZI Data      Debug   Object Name

      1218         84      13216         22       1152      10267   bsp_oled.o
      1808        498         66         20      15456      10534   bsp_uart.o
       316         28          0          0       4120       4132   bsp_w25q128.o
       500         40          0          0          0       4251   dht11.o
       288         18          0          0          0       1011   gpio.o
      1332        310          0          6         72     696449   main.o
        64         26        392          0       1536        832   startup_stm32f407xx.o
       180         28          0         12          0       9313   stm32f4xx_hal.o
       198         14          0          0          0      33759   stm32f4xx_hal_cortex.o
       556         52          0          0          0       4051   stm32f4xx_hal_gpio.o
        48          6          0          0          0        830   stm32f4xx_hal_msp.o
      1356         78          0          0          0       5636   stm32f4xx_hal_rcc.o
      1126        110          0          0          0       8844   stm32f4xx_hal_tim.o
       368         10          0          0          0       2012   stm32f4xx_hal_uart.o
        38          0          0          0          0       5423   stm32f4xx_it.o
       136         20         24          4          0       1823   system_stm32f4xx.o
       164         22          0          0         72       1662   usart.o

    ----------------------------------------------------------------------
      9708       1344      13732         68      22408     800829   Object Totals
         0          0         32          0          0          0   (incl. Generated)
        12          0          2          4          0          0   (incl. Padding)

    ----------------------------------------------------------------------

      Code (inc. data)   RO Data    RW Data    ZI Data      Debug   Library Member Name

        24          4          0          0          0         84   __2printf.o
        56          6          0          0          0         88   __2snprintf.o
         8          0          0          0          0         68   __main.o
       392          4         17          0          0         92   __printf_flags_ss_wp.o
        14          0          0          0          0         68   __printf_wp.o
         0          0          0          0          0          0   __rtentry.o
        12          0          0          0          0          0   __rtentry2.o
         6          0          0          0          0          0   __rtentry4.o
        52          8          0          0          0          0   __scatter.o
        26          0          0          0          0          0   __scatter_copy.o
        28          0          0          0          0          0   __scatter_zi.o
        44          0          0          0          0        108   _printf_char.o
        48          6          0          0          0         96   _printf_char_common.o
        36          4          0          0          0         80   _printf_char_file.o
         6          0          0          0          0          0   _printf_d.o
       120         16          0          0          0         92   _printf_dec.o
       178          0          0          0          0         88   _printf_intcommon.o
        78          0          0          0          0        108   _printf_pad.o
         0          0          0          0          0          0   _printf_percent.o
         4          0          0          0          0          0   _printf_percent_end.o
         6          0          0          0          0          0   _printf_s.o
        82          0          0          0          0         80   _printf_str.o
         6          0          0          0          0          0   _printf_u.o
        16          0          0          0          0         68   _snputc.o
        10          0          0          0          0         68   _sputc.o
        18          0          0          0          0         80   exit.o
         8          0          0          0          0         68   ferror.o
         6          0          0          0          0        152   heapauxi.o
         2          0          0          0          0          0   libinit.o
         6          0          0          0          0          0   libinit2.o
         2          0          0          0          0          0   libshutdown.o
         2          0          0          0          0          0   libshutdown2.o
         8          4          0          0         96         68   libspace.o
       238          0          0          0          0        100   lludivv7m.o
        68          0          0          0          0         68   rt_memclr.o
        78          0          0          0          0         80   rt_memclr_w.o
       138          0          0          0          0         68   rt_memcpy_v6.o
       100          0          0          0          0         80   rt_memcpy_w.o
         2          0          0          0          0          0   rtexit.o
        10          0          0          0          0          0   rtexit2.o
        74          0          0          0          0         80   sys_stackheap_outer.o
         2          0          0          0          0         68   use_no_semi.o
         2          0          0          0          0         68   use_no_semi_2.o
        10          0          0          0          0        116   fpinit.o

    ----------------------------------------------------------------------
      2032         52         20          0        100       2284   Library Totals
         6          0          3          0          4          0   (incl. Padding)

    ----------------------------------------------------------------------

      Code (inc. data)   RO Data    RW Data    ZI Data      Debug   Library Name

      2016         52         17          0         96       2168   c_w.l
        10          0          0          0          0        116   fz_wm.l

    ----------------------------------------------------------------------
      2032         52         20          0        100       2284   Library Totals

    ----------------------------------------------------------------------

==============================================================================


      Code (inc. data)   RO Data    RW Data    ZI Data      Debug   

     11740       1396      13752         68      22508     793669   Grand Totals
     11740       1396      13752         68      22508     793669   ELF Image Totals
     11740       1396      13752         68          0          0   ROM Totals

==============================================================================

    Total RO  Size (Code + RO Data)                25492 (  24.89kB)
    Total RW  Size (RW Data + ZI Data)             22576 (  22.05kB)
    Total ROM Size (Code + RO Data + RW Data)      25560 (  24.96kB)

==============================================================================

