Component: ARM Compiler 5.06 update 6 (build 750) Tool: armlink [4d35ed]

==============================================================================

Section Cross References

    startup_stm32f407xx.o(STACK) refers (Special) to heapauxi.o(.text) for __use_two_region_memory
    startup_stm32f407xx.o(HEAP) refers (Special) to heapauxi.o(.text) for __use_two_region_memory
    startup_stm32f407xx.o(RESET) refers (Special) to heapauxi.o(.text) for __use_two_region_memory
    startup_stm32f407xx.o(RESET) refers to startup_stm32f407xx.o(STACK) for __initial_sp
    startup_stm32f407xx.o(RESET) refers to startup_stm32f407xx.o(.text) for Reset_Handler
    startup_stm32f407xx.o(RESET) refers to stm32f4xx_it.o(i.NMI_Handler) for NMI_Handler
    startup_stm32f407xx.o(RESET) refers to stm32f4xx_it.o(i.HardFault_Handler) for HardFault_Handler
    startup_stm32f407xx.o(RESET) refers to stm32f4xx_it.o(i.MemManage_Handler) for MemManage_Handler
    startup_stm32f407xx.o(RESET) refers to stm32f4xx_it.o(i.BusFault_Handler) for BusFault_Handler
    startup_stm32f407xx.o(RESET) refers to stm32f4xx_it.o(i.UsageFault_Handler) for UsageFault_Handler
    startup_stm32f407xx.o(RESET) refers to stm32f4xx_it.o(i.SVC_Handler) for SVC_Handler
    startup_stm32f407xx.o(RESET) refers to stm32f4xx_it.o(i.DebugMon_Handler) for DebugMon_Handler
    startup_stm32f407xx.o(RESET) refers to stm32f4xx_it.o(i.PendSV_Handler) for PendSV_Handler
    startup_stm32f407xx.o(RESET) refers to stm32f4xx_it.o(i.SysTick_Handler) for SysTick_Handler
    startup_stm32f407xx.o(RESET) refers to stm32f4xx_it.o(i.EXTI0_IRQHandler) for EXTI0_IRQHandler
    startup_stm32f407xx.o(RESET) refers to stm32f4xx_it.o(i.EXTI1_IRQHandler) for EXTI1_IRQHandler
    startup_stm32f407xx.o(RESET) refers to stm32f4xx_it.o(i.EXTI4_IRQHandler) for EXTI4_IRQHandler
    startup_stm32f407xx.o(RESET) refers to bsp_uart.o(i.USART1_IRQHandler) for USART1_IRQHandler
    startup_stm32f407xx.o(RESET) refers to bsp_uart.o(i.USART2_IRQHandler) for USART2_IRQHandler
    startup_stm32f407xx.o(RESET) refers to bsp_uart.o(i.USART3_IRQHandler) for USART3_IRQHandler
    startup_stm32f407xx.o(RESET) refers to bsp_uart.o(i.UART4_IRQHandler) for UART4_IRQHandler
    startup_stm32f407xx.o(RESET) refers to bsp_uart.o(i.UART5_IRQHandler) for UART5_IRQHandler
    startup_stm32f407xx.o(RESET) refers to bsp_uart.o(i.USART6_IRQHandler) for USART6_IRQHandler
    startup_stm32f407xx.o(.text) refers (Special) to heapauxi.o(.text) for __use_two_region_memory
    startup_stm32f407xx.o(.text) refers to system_stm32f4xx.o(i.SystemInit) for SystemInit
    startup_stm32f407xx.o(.text) refers to __main.o(!!!main) for __main
    startup_stm32f407xx.o(.text) refers to startup_stm32f407xx.o(HEAP) for Heap_Mem
    startup_stm32f407xx.o(.text) refers to startup_stm32f407xx.o(STACK) for Stack_Mem
    main.o(i.APP_Init) refers to bsp_uart.o(i.UART1_Init) for UART1_Init
    main.o(i.APP_Init) refers to bsp_oled.o(i.OLED_Init) for OLED_Init
    main.o(i.APP_Init) refers to bsp_oled.o(i.OLED_Clear) for OLED_Clear
    main.o(i.APP_Init) refers to app_led.o(i.APP_LED_Init) for APP_LED_Init
    main.o(i.APP_Init) refers to bsp_key.o(i.Key_Init) for Key_Init
    main.o(i.APP_Init) refers to app_pir.o(i.APP_PIR_Init) for APP_PIR_Init
    main.o(i.APP_Init) refers to app_servo.o(i.APP_SERVO_Init) for APP_SERVO_Init
    main.o(i.APP_Init) refers to app_servo.o(i.APP_SERVO_SetDoorState) for APP_SERVO_SetDoorState
    main.o(i.APP_Init) refers to dht11.o(i.DHT11_Init) for DHT11_Init
    main.o(i.APP_Init) refers to __2printf.o(.text) for __2printf
    main.o(i.APP_Init) refers to app_esp8266.o(i.APP_ESP8266_Init) for APP_ESP8266_Init
    main.o(i.APP_Init) refers to main.o(.data) for .data
    main.o(i.APP_TaskProcessEspCommand) refers to _printf_percent.o(.ARM.Collect$$_printf_percent$$00000000) for _printf_percent
    main.o(i.APP_TaskProcessEspCommand) refers to _printf_u.o(.ARM.Collect$$_printf_percent$$0000000A) for _printf_u
    main.o(i.APP_TaskProcessEspCommand) refers to _printf_dec.o(.text) for _printf_int_dec
    main.o(i.APP_TaskProcessEspCommand) refers to _printf_s.o(.ARM.Collect$$_printf_percent$$00000014) for _printf_s
    main.o(i.APP_TaskProcessEspCommand) refers to _printf_str.o(.text) for _printf_str
    main.o(i.APP_TaskProcessEspCommand) refers to app_esp8266.o(i.APP_ESP8266_GetPendingCommand) for APP_ESP8266_GetPendingCommand
    main.o(i.APP_TaskProcessEspCommand) refers to app_esp8266.o(i.APP_ESP8266_SendStatusNow) for APP_ESP8266_SendStatusNow
    main.o(i.APP_TaskProcessEspCommand) refers to app_servo.o(i.APP_SERVO_SetDoorState) for APP_SERVO_SetDoorState
    main.o(i.APP_TaskProcessEspCommand) refers to __2printf.o(.text) for __2printf
    main.o(i.APP_TaskProcessEspCommand) refers to main.o(.data) for .data
    main.o(i.APP_TaskReportUart) refers to _printf_percent.o(.ARM.Collect$$_printf_percent$$00000000) for _printf_percent
[...]
    g_pending_cmd                            0x2000000d   Data           1  app_esp8266.o(.data)
    g_pending_cmd_link_id                    0x2000000e   Data           1  app_esp8266.o(.data)
    g_last_upload_tick                       0x20000010   Data           4  app_esp8266.o(.data)
    g_link_online                            0x20000014   Data           5  app_esp8266.o(.data)
    .data                                    0x2000001c   Section       12  stm32f4xx_hal.o(.data)
    .data                                    0x20000028   Section        4  system_stm32f4xx.o(.data)
    .data                                    0x2000002c   Section       16  bsp_uart.o(.data)
    cnt                                      0x2000002c   Data           2  bsp_uart.o(.data)
    cnt                                      0x2000002e   Data           2  bsp_uart.o(.data)
    cnt                                      0x20000030   Data           2  bsp_uart.o(.data)
    cnt                                      0x20000032   Data           2  bsp_uart.o(.data)
    cnt                                      0x20000034   Data           2  bsp_uart.o(.data)
    cnt                                      0x20000036   Data           2  bsp_uart.o(.data)
    ulTimesMS                                0x20000038   Data           4  bsp_uart.o(.data)
    .data                                    0x2000003c   Section        4  bsp_uart.o(.data)
    .data                                    0x20000040   Section       22  bsp_oled.o(.data)
    temp                                     0x20000040   Data           1  bsp_oled.o(.data)
    csize                                    0x20000041   Data           1  bsp_oled.o(.data)
    temp                                     0x20000042   Data           1  bsp_oled.o(.data)
    csize                                    0x20000043   Data           1  bsp_oled.o(.data)
    y0                                       0x20000044   Data           2  bsp_oled.o(.data)
    y0                                       0x20000046   Data           2  bsp_oled.o(.data)
    ulTimesMS                                0x20000048   Data           4  bsp_oled.o(.data)
    ulTimesUS                                0x2000004c   Data           4  bsp_oled.o(.data)
    .data                                    0x20000056   Section        1  bsp_key.o(.data)
    g_key_event_flag                         0x20000056   Data           1  bsp_key.o(.data)
    .bss                                     0x20000058   Section       72  usart.o(.bss)
    .bss                                     0x200000a0   Section       72  app_servo.o(.bss)
    g_app_servo_tim3                         0x200000a0   Data          72  app_servo.o(.bss)
    .bss                                     0x200000e8   Section    15456  bsp_uart.o(.bss)
    xUART1                                   0x200000e8   Data          16  bsp_uart.o(.bss)
    xUART2                                   0x200000f8   Data          16  bsp_uart.o(.bss)
    xUART3                                   0x20000108   Data          16  bsp_uart.o(.bss)
    xUART4                                   0x20000118   Data          16  bsp_uart.o(.bss)
    xUART5                                   0x20000128   Data          16  bsp_uart.o(.bss)
    xUART6                                   0x20000138   Data          16  bsp_uart.o(.bss)
    rxTemp                                   0x20000148   Data        2048  bsp_uart.o(.bss)
    rxTemp                                   0x20000948   Data         512  bsp_uart.o(.bss)
    rxTemp                                   0x20000b48   Data        1024  bsp_uart.o(.bss)
    rxTemp                                   0x20000f48   Data         512  bsp_uart.o(.bss)
    rxTemp                                   0x20001148   Data         512  bsp_uart.o(.bss)
    rxTemp                                   0x20001348   Data         512  bsp_uart.o(.bss)
    uaUART1RxData                            0x20001548   Data        2048  bsp_uart.o(.bss)
    uaUART1TxFiFoData                        0x20001d48   Data        2048  bsp_uart.o(.bss)
    uaUART2RxData                            0x20002548   Data         512  bsp_uart.o(.bss)
    uaUART2TxFiFoData                        0x20002748   Data         512  bsp_uart.o(.bss)
    uaUart3RxData                            0x20002948   Data        1024  bsp_uart.o(.bss)
    uaUart3TxFiFoData                        0x20002d48   Data        1024  bsp_uart.o(.bss)
    uaUart4RxData                            0x20003148   Data         512  bsp_uart.o(.bss)
    uaUart4TxFiFoData                        0x20003348   Data         512  bsp_uart.o(.bss)
    uaUart5RxData                            0x20003548   Data         512  bsp_uart.o(.bss)
    uaUart5TxFiFoData                        0x20003748   Data         512  bsp_uart.o(.bss)
    uaUart6RxData                            0x20003948   Data         512  bsp_uart.o(.bss)
    uaUart6TxFiFoData                        0x20003b48   Data         512  bsp_uart.o(.bss)
    .bss                                     0x20003d48   Section     1152  bsp_oled.o(.bss)
    GBK                                      0x20003d48   Data         128  bsp_oled.o(.bss)
    .bss                                     0x200041c8   Section     4120  bsp_w25q128.o(.bss)
    .bss                                     0x200051e0   Section       96  libspace.o(.bss)
    HEAP                                     0x20005240   Section      512  startup_stm32f407xx.o(HEAP)
    Heap_Mem                                 0x20005240   Data         512  startup_stm32f407xx.o(HEAP)
    STACK                                    0x20005440   Section     1024  startup_stm32f407xx.o(STACK)
    Stack_Mem                                0x20005440   Data        1024  startup_stm32f407xx.o(STACK)
    __initial_sp                             0x20005840   Data           0  startup_stm32f407xx.o(STACK)

    Global Symbols

    Symbol Name                              Value     Ov Type        Size  Object(Section)

    BuildAttributes$$THM_ISAv4$E$P$D$K$B$S$7EM$VFPi3$EXTD16$VFPS$VFMA$PE$A:L22UL41UL21$X:L11$S22US41US21$IEEE1$IW$USESV6$~STKCKD$USESV7$~SHL$OTIME$ROPI$IEEEJ$EBA8$UX$STANDARDLIB$REQ8$PRES8$EABIv2 0x00000000   Number         0  anon$$obj.o ABSOLUTE
    __ARM_use_no_argv                        0x00000000   Number         0  main.o ABSOLUTE
    _printf_flags                            0x00000000   Number         0  printf_stubs.o ABSOLUTE
    _printf_return_value                     0x00000000   Number         0  printf_stubs.o ABSOLUTE
    _printf_sizespec                         0x00000000   Number         0  printf_stubs.o ABSOLUTE
    _printf_widthprec                        0x00000000   Number         0  printf_stubs.o ABSOLUTE
    __ARM_exceptions_init                     - Undefined Weak Reference
    __alloca_initialize                       - Undefined Weak Reference
    __arm_preinit_                            - Undefined Weak Reference
    __cpp_initialize__aeabi_                  - Undefined Weak Reference
    __cxa_finalize                            - Undefined Weak Reference
    __sigvec_lookup                           - Undefined Weak Reference
    _atexit_init                              - Undefined Weak Reference
    _call_atexit_fns                          - Undefined Weak Reference
    _clock_init                               - Undefined Weak Reference
    _fp_trap_init                             - Undefined Weak Reference
    _fp_trap_shutdown                         - Undefined Weak Reference
    _get_lc_collate                           - Undefined Weak Reference
    _get_lc_monetary                          - Undefined Weak Reference
    _get_lc_time                              - Undefined Weak Reference
    _getenv_init                              - Undefined Weak Reference
    _handle_redirection                       - Undefined Weak Reference
    _init_alloc                               - Undefined Weak Reference
    _init_user_alloc                          - Undefined Weak Reference
    _initio                                   - Undefined Weak Reference
    _mutex_acquire                            - Undefined Weak Reference
    _mutex_release                            - Undefined Weak Reference
    _printf_mbtowc                            - Undefined Weak Reference
    _printf_wc                                - Undefined Weak Reference
    _rand_init                                - Undefined Weak Reference
    _scanf_longlong                           - Undefined Weak Reference
    _scanf_mbtowc                             - Undefined Weak Reference
    _scanf_real                               - Undefined Weak Reference
    _scanf_string                             - Undefined Weak Reference
    _scanf_wctomb                             - Undefined Weak Reference
    _scanf_wstring                            - Undefined Weak Reference
    _signal_finish                            - Undefined Weak Reference
    _signal_init                              - Undefined Weak Reference
    _terminate_alloc                          - Undefined Weak Reference
    _terminate_user_alloc                     - Undefined Weak Reference
    _terminateio                              - Undefined Weak Reference
    __Vectors_Size                           0x00000188   Number         0  startup_stm32f407xx.o ABSOLUTE
    __Vectors                                0x08000000   Data           4  startup_stm32f407xx.o(RESET)
    __Vectors_End                            0x08000188   Data           0  startup_stm32f407xx.o(RESET)
    __main                                   0x08000189   Thumb Code     8  __main.o(!!!main)
    __scatterload                            0x08000191   Thumb Code     0  __scatter.o(!!!scatter)
    __scatterload_rt2                        0x08000191   Thumb Code    44  __scatter.o(!!!scatter)
    __scatterload_rt2_thumb_only             0x08000191   Thumb Code     0  __scatter.o(!!!scatter)
    __scatterload_null                       0x0800019f   Thumb Code     0  __scatter.o(!!!scatter)
    __scatterload_copy                       0x080001c5   Thumb Code    26  __scatter_copy.o(!!handler_copy)
    __scatterload_zeroinit                   0x080001e1   Thumb Code    28  __scatter_zi.o(!!handler_zi)
    _printf_n                                0x080001fd   Thumb Code     0  _printf_n.o(.ARM.Collect$$_printf_percent$$00000001)
    _printf_percent                          0x080001fd   Thumb Code     0  _printf_percent.o(.ARM.Collect$$_printf_percent$$00000000)
    _printf_p                                0x08000203   Thumb Code     0  _printf_p.o(.ARM.Collect$$_printf_percent$$00000002)
    _printf_f                                0x08000209   Thumb Code     0  _printf_f.o(.ARM.Collect$$_printf_percent$$00000003)
    _printf_e                                0x0800020f   Thumb Code     0  _printf_e.o(.ARM.Collect$$_printf_percent$$00000004)
    _printf_g                                0x08000215   Thumb Code     0  _printf_g.o(.ARM.Collect$$_printf_percent$$00000005)
    _printf_a                                0x0800021b   Thumb Code     0  _printf_a.o(.ARM.Collect$$_printf_percent$$00000006)
    _printf_ll                               0x08000221   Thumb Code     0  _printf_ll.o(.ARM.Collect$$_printf_percent$$00000007)
    _printf_i                                0x0800022b   Thumb Code     0  _printf_i.o(.ARM.Collect$$_printf_percent$$00000008)
    _printf_d                                0x08000231   Thumb Code     0  _printf_d.o(.ARM.Collect$$_printf_percent$$00000009)
    _printf_u                                0x08000237   Thumb Code     0  _printf_u.o(.ARM.Collect$$_printf_percent$$0000000A)
    _printf_o                                0x0800023d   Thumb Code     0  _printf_o.o(.ARM.Collect$$_printf_percent$$0000000B)
    _printf_x                                0x08000243   Thumb Code     0  _printf_x.o(.ARM.Collect$$_printf_percent$$0000000C)
    _printf_lli                              0x08000249   Thumb Code     0  _printf_lli.o(.ARM.Collect$$_printf_percent$$0000000D)
    _printf_lld                              0x0800024f   Thumb Code     0  _printf_lld.o(.ARM.Collect$$_printf_percent$$0000000E)
    _printf_llu                              0x08000255   Thumb Code     0  _printf_llu.o(.ARM.Collect$$_printf_percent$$0000000F)
    _printf_llo                              0x0800025b   Thumb Code     0  _printf_llo.o(.ARM.Collect$$_printf_percent$$00000010)
    _printf_llx                              0x08000261   Thumb Code     0  _printf_llx.o(.ARM.Collect$$_printf_percent$$00000011)
    _printf_l                                0x08000267   Thumb Code     0  _printf_l.o(.ARM.Collect$$_printf_percent$$00000012)
    _printf_c                                0x08000271   Thumb Code     0  _printf_c.o(.ARM.Collect$$_printf_percent$$00000013)
    _printf_s                                0x08000277   Thumb Code     0  _printf_s.o(.ARM.Collect$$_printf_percent$$00000014)
    _printf_lc                               0x0800027d   Thumb Code     0  _printf_lc.o(.ARM.Collect$$_printf_percent$$00000015)
    _printf_ls                               0x08000283   Thumb Code     0  _printf_ls.o(.ARM.Collect$$_printf_percent$$00000016)
    _printf_percent_end                      0x08000289   Thumb Code     0  _printf_percent_end.o(.ARM.Collect$$_printf_percent$$00000017)
    __rt_lib_init                            0x0800028d   Thumb Code     0  libinit.o(.ARM.Collect$$libinit$$00000000)
    __rt_lib_init_fp_1                       0x0800028f   Thumb Code     0  libinit2.o(.ARM.Collect$$libinit$$00000001)
    __rt_lib_init_heap_1                     0x08000293   Thumb Code     0  libinit2.o(.ARM.Collect$$libinit$$0000000A)
    __rt_lib_init_lc_common                  0x08000293   Thumb Code     0  libinit2.o(.ARM.Collect$$libinit$$0000000F)
    __rt_lib_init_preinit_1                  0x08000293   Thumb Code     0  libinit2.o(.ARM.Collect$$libinit$$00000004)
    __rt_lib_init_rand_1                     0x08000293   Thumb Code     0  libinit2.o(.ARM.Collect$$libinit$$0000000E)
    __rt_lib_init_user_alloc_1               0x08000293   Thumb Code     0  libinit2.o(.ARM.Collect$$libinit$$0000000C)
    __rt_lib_init_lc_collate_1               0x08000299   Thumb Code     0  libinit2.o(.ARM.Collect$$libinit$$00000011)
    __rt_lib_init_lc_ctype_2                 0x08000299   Thumb Code     0  libinit2.o(.ARM.Collect$$libinit$$00000012)
    __rt_lib_init_lc_ctype_1                 0x080002a5   Thumb Code     0  libinit2.o(.ARM.Collect$$libinit$$00000013)
    __rt_lib_init_lc_monetary_1              0x080002a5   Thumb Code     0  libinit2.o(.ARM.Collect$$libinit$$00000015)
    __rt_lib_init_lc_numeric_2               0x080002a5   Thumb Code     0  libinit2.o(.ARM.Collect$$libinit$$00000016)
    __rt_lib_init_alloca_1                   0x080002af   Thumb Code     0  libinit2.o(.ARM.Collect$$libinit$$0000002E)
    __rt_lib_init_argv_1                     0x080002af   Thumb Code     0  libinit2.o(.ARM.Collect$$libinit$$0000002C)
    __rt_lib_init_atexit_1                   0x080002af   Thumb Code     0  libinit2.o(.ARM.Collect$$libinit$$0000001B)
    __rt_lib_init_clock_1                    0x080002af   Thumb Code     0  libinit2.o(.ARM.Collect$$libinit$$00000021)
    __rt_lib_init_cpp_1                      0x080002af   Thumb Code     0  libinit2.o(.ARM.Collect$$libinit$$00000032)
    __rt_lib_init_exceptions_1               0x080002af   Thumb Code     0  libinit2.o(.ARM.Collect$$libinit$$00000030)
    __rt_lib_init_fp_trap_1                  0x080002af   Thumb Code     0  libinit2.o(.ARM.Collect$$libinit$$0000001F)
    __rt_lib_init_getenv_1                   0x080002af   Thumb Code     0  libinit2.o(.ARM.Collect$$libinit$$00000023)
    __rt_lib_init_lc_numeric_1               0x080002af   Thumb Code     0  libinit2.o(.ARM.Collect$$libinit$$00000017)
    __rt_lib_init_lc_time_1                  0x080002af   Thumb Code     0  libinit2.o(.ARM.Collect$$libinit$$00000019)
    __rt_lib_init_return                     0x080002af   Thumb Code     0  libinit2.o(.ARM.Collect$$libinit$$00000033)
    __rt_lib_init_signal_1                   0x080002af   Thumb Code     0  libinit2.o(.ARM.Collect$$libinit$$0000001D)
    __rt_lib_init_stdio_1                    0x080002af   Thumb Code     0  libinit2.o(.ARM.Collect$$libinit$$00000025)
    __rt_lib_shutdown                        0x080002b1   Thumb Code     0  libshutdown.o(.ARM.Collect$$libshutdown$$00000000)
    __rt_lib_shutdown_cpp_1                  0x080002b3   Thumb Code     0  libshutdown2.o(.ARM.Collect$$libshutdown$$00000002)
    __rt_lib_shutdown_fp_trap_1              0x080002b3   Thumb Code     0  libshutdown2.o(.ARM.Collect$$libshutdown$$00000007)
    __rt_lib_shutdown_heap_1                 0x080002b3   Thumb Code     0  libshutdown2.o(.ARM.Collect$$libshutdown$$0000000F)
    __rt_lib_shutdown_return                 0x080002b3   Thumb Code     0  libshutdown2.o(.ARM.Collect$$libshutdown$$00000010)
    __rt_lib_shutdown_signal_1               0x080002b3   Thumb Code     0  libshutdown2.o(.ARM.Collect$$libshutdown$$0000000A)
    __rt_lib_shutdown_stdio_1                0x080002b3   Thumb Code     0  libshutdown2.o(.ARM.Collect$$libshutdown$$00000004)
    __rt_lib_shutdown_user_alloc_1           0x080002b3   Thumb Code     0  libshutdown2.o(.ARM.Collect$$libshutdown$$0000000C)
    __rt_entry                               0x080002b5   Thumb Code     0  __rtentry.o(.ARM.Collect$$rtentry$$00000000)
    __rt_entry_presh_1                       0x080002b5   Thumb Code     0  __rtentry2.o(.ARM.Collect$$rtentry$$00000002)
    __rt_entry_sh                            0x080002b5   Thumb Code     0  __rtentry4.o(.ARM.Collect$$rtentry$$00000004)
    __rt_entry_li                            0x080002bb   Thumb Code     0  __rtentry2.o(.ARM.Collect$$rtentry$$0000000A)
    __rt_entry_postsh_1                      0x080002bb   Thumb Code     0  __rtentry2.o(.ARM.Collect$$rtentry$$00000009)
    __rt_entry_main                          0x080002bf   Thumb Code     0  __rtentry2.o(.ARM.Collect$$rtentry$$0000000D)
    __rt_entry_postli_1                      0x080002bf   Thumb Code     0  __rtentry2.o(.ARM.Collect$$rtentry$$0000000C)
    __rt_exit                                0x080002c7   Thumb Code     0  rtexit.o(.ARM.Collect$$rtexit$$00000000)
    __rt_exit_ls                             0x080002c9   Thumb Code     0  rtexit2.o(.ARM.Collect$$rtexit$$00000003)
    __rt_exit_prels_1                        0x080002c9   Thumb Code     0  rtexit2.o(.ARM.Collect$$rtexit$$00000002)
    __rt_exit_exit                           0x080002cd   Thumb Code     0  rtexit2.o(.ARM.Collect$$rtexit$$00000004)
    Reset_Handler                            0x080002d5   Thumb Code     8  startup_stm32f407xx.o(.text)
    ADC_IRQHandler                           0x080002ef   Thumb Code     0  startup_stm32f407xx.o(.text)
    CAN1_RX0_IRQHandler                      0x080002ef   Thumb Code     0  startup_stm32f407xx.o(.text)
    CAN1_RX1_IRQHandler                      0x080002ef   Thumb Code     0  startup_stm32f407xx.o(.text)
    CAN1_SCE_IRQHandler                      0x080002ef   Thumb Code     0  startup_stm32f407xx.o(.text)
    CAN1_TX_IRQHandler                       0x080002ef   Thumb Code     0  startup_stm32f407xx.o(.text)
    CAN2_RX0_IRQHandler                      0x080002ef   Thumb Code     0  startup_stm32f407xx.o(.text)
    CAN2_RX1_IRQHandler                      0x080002ef   Thumb Code     0  startup_stm32f407xx.o(.text)
    CAN2_SCE_IRQHandler                      0x080002ef   Thumb Code     0  startup_stm32f407xx.o(.text)
    CAN2_TX_IRQHandler                       0x080002ef   Thumb Code     0  startup_stm32f407xx.o(.text)
    DCMI_IRQHandler                          0x080002ef   Thumb Code     0  startup_stm32f407xx.o(.text)
    DMA1_Stream0_IRQHandler                  0x080002ef   Thumb Code     0  startup_stm32f407xx.o(.text)
    DMA1_Stream1_IRQHandler                  0x080002ef   Thumb Code     0  startup_stm32f407xx.o(.text)
    DMA1_Stream2_IRQHandler                  0x080002ef   Thumb Code     0  startup_stm32f407xx.o(.text)
    DMA1_Stream3_IRQHandler                  0x080002ef   Thumb Code     0  startup_stm32f407xx.o(.text)
    DMA1_Stream4_IRQHandler                  0x080002ef   Thumb Code     0  startup_stm32f407xx.o(.text)
    DMA1_Stream5_IRQHandler                  0x080002ef   Thumb Code     0  startup_stm32f407xx.o(.text)
    DMA1_Stream6_IRQHandler                  0x080002ef   Thumb Code     0  startup_stm32f407xx.o(.text)
    DMA1_Stream7_IRQHandler                  0x080002ef   Thumb Code     0  startup_stm32f407xx.o(.text)
    DMA2_Stream0_IRQHandler                  0x080002ef   Thumb Code     0  startup_stm32f407xx.o(.text)
    DMA2_Stream1_IRQHandler                  0x080002ef   Thumb Code     0  startup_stm32f407xx.o(.text)
    DMA2_Stream2_IRQHandler                  0x080002ef   Thumb Code     0  startup_stm32f407xx.o(.text)
    DMA2_Stream3_IRQHandler                  0x080002ef   Thumb Code     0  startup_stm32f407xx.o(.text)
    DMA2_Stream4_IRQHandler                  0x080002ef   Thumb Code     0  startup_stm32f407xx.o(.text)
    DMA2_Stream5_IRQHandler                  0x080002ef   Thumb Code     0  startup_stm32f407xx.o(.text)
    DMA2_Stream6_IRQHandler                  0x080002ef   Thumb Code     0  startup_stm32f407xx.o(.text)
    DMA2_Stream7_IRQHandler                  0x080002ef   Thumb Code     0  startup_stm32f407xx.o(.text)
    ETH_IRQHandler                           0x080002ef   Thumb Code     0  startup_stm32f407xx.o(.text)
    ETH_WKUP_IRQHandler                      0x080002ef   Thumb Code     0  startup_stm32f407xx.o(.text)
    EXTI15_10_IRQHandler                     0x080002ef   Thumb Code     0  startup_stm32f407xx.o(.text)
    EXTI2_IRQHandler                         0x080002ef   Thumb Code     0  startup_stm32f407xx.o(.text)
    EXTI3_IRQHandler                         0x080002ef   Thumb Code     0  startup_stm32f407xx.o(.text)
    EXTI9_5_IRQHandler                       0x080002ef   Thumb Code     0  startup_stm32f407xx.o(.text)
    FLASH_IRQHandler                         0x080002ef   Thumb Code     0  startup_stm32f407xx.o(.text)
    FMC_IRQHandler                           0x080002ef   Thumb Code     0  startup_stm32f407xx.o(.text)
    FPU_IRQHandler                           0x080002ef   Thumb Code     0  startup_stm32f407xx.o(.text)
    HASH_RNG_IRQHandler                      0x080002ef   Thumb Code     0  startup_stm32f407xx.o(.text)
    I2C1_ER_IRQHandler                       0x080002ef   Thumb Code     0  startup_stm32f407xx.o(.text)
    I2C1_EV_IRQHandler                       0x080002ef   Thumb Code     0  startup_stm32f407xx.o(.text)
    I2C2_ER_IRQHandler                       0x080002ef   Thumb Code     0  startup_stm32f407xx.o(.text)
    I2C2_EV_IRQHandler                       0x080002ef   Thumb Code     0  startup_stm32f407xx.o(.text)
    I2C3_ER_IRQHandler                       0x080002ef   Thumb Code     0  startup_stm32f407xx.o(.text)
    I2C3_EV_IRQHandler                       0x080002ef   Thumb Code     0  startup_stm32f407xx.o(.text)
    OTG_FS_IRQHandler                        0x080002ef   Thumb Code     0  startup_stm32f407xx.o(.text)
    OTG_FS_WKUP_IRQHandler                   0x080002ef   Thumb Code     0  startup_stm32f407xx.o(.text)
    OTG_HS_EP1_IN_IRQHandler                 0x080002ef   Thumb Code     0  startup_stm32f407xx.o(.text)
    OTG_HS_EP1_OUT_IRQHandler                0x080002ef   Thumb Code     0  startup_stm32f407xx.o(.text)
    OTG_HS_IRQHandler                        0x080002ef   Thumb Code     0  startup_stm32f407xx.o(.text)
    OTG_HS_WKUP_IRQHandler                   0x080002ef   Thumb Code     0  startup_stm32f407xx.o(.text)
    PVD_IRQHandler                           0x080002ef   Thumb Code     0  startup_stm32f407xx.o(.text)
    RCC_IRQHandler                           0x080002ef   Thumb Code     0  startup_stm32f407xx.o(.text)
    RTC_Alarm_IRQHandler                     0x080002ef   Thumb Code     0  startup_stm32f407xx.o(.text)
    RTC_WKUP_IRQHandler                      0x080002ef   Thumb Code     0  startup_stm32f407xx.o(.text)
    SDIO_IRQHandler                          0x080002ef   Thumb Code     0  startup_stm32f407xx.o(.text)
    SPI1_IRQHandler                          0x080002ef   Thumb Code     0  startup_stm32f407xx.o(.text)
    SPI2_IRQHandler                          0x080002ef   Thumb Code     0  startup_stm32f407xx.o(.text)
    SPI3_IRQHandler                          0x080002ef   Thumb Code     0  startup_stm32f407xx.o(.text)
    TAMP_STAMP_IRQHandler                    0x080002ef   Thumb Code     0  startup_stm32f407xx.o(.text)
    TIM1_BRK_TIM9_IRQHandler                 0x080002ef   Thumb Code     0  startup_stm32f407xx.o(.text)
    TIM1_CC_IRQHandler                       0x080002ef   Thumb Code     0  startup_stm32f407xx.o(.text)
    TIM1_TRG_COM_TIM11_IRQHandler            0x080002ef   Thumb Code     0  startup_stm32f407xx.o(.text)
    TIM1_UP_TIM10_IRQHandler                 0x080002ef   Thumb Code     0  startup_stm32f407xx.o(.text)
    TIM2_IRQHandler                          0x080002ef   Thumb Code     0  startup_stm32f407xx.o(.text)
    TIM3_IRQHandler                          0x080002ef   Thumb Code     0  startup_stm32f407xx.o(.text)
    TIM4_IRQHandler                          0x080002ef   Thumb Code     0  startup_stm32f407xx.o(.text)
    TIM5_IRQHandler                          0x080002ef   Thumb Code     0  startup_stm32f407xx.o(.text)
    TIM6_DAC_IRQHandler                      0x080002ef   Thumb Code     0  startup_stm32f407xx.o(.text)
    TIM7_IRQHandler                          0x080002ef   Thumb Code     0  startup_stm32f407xx.o(.text)
    TIM8_BRK_TIM12_IRQHandler                0x080002ef   Thumb Code     0  startup_stm32f407xx.o(.text)
    TIM8_CC_IRQHandler                       0x080002ef   Thumb Code     0  startup_stm32f407xx.o(.text)
    TIM8_TRG_COM_TIM14_IRQHandler            0x080002ef   Thumb Code     0  startup_stm32f407xx.o(.text)
    TIM8_UP_TIM13_IRQHandler                 0x080002ef   Thumb Code     0  startup_stm32f407xx.o(.text)
    WWDG_IRQHandler                          0x080002ef   Thumb Code     0  startup_stm32f407xx.o(.text)
    __user_initial_stackheap                 0x080002f1   Thumb Code     0  startup_stm32f407xx.o(.text)
    __use_no_semihosting                     0x08000315   Thumb Code     2  use_no_semi_2.o(.text)
    __aeabi_uldivmod                         0x08000317   Thumb Code     0  lludivv7m.o(.text)
    _ll_udiv                                 0x08000317   Thumb Code   238  lludivv7m.o(.text)
    toupper                                  0x08000405   Thumb Code    30  toupper.o(.text)
    vsnprintf                                0x08000425   Thumb Code    48  vsnprintf.o(.text)
    __2printf                                0x08000459   Thumb Code    20  __2printf.o(.text)
    __2snprintf                              0x08000471   Thumb Code    50  __2snprintf.o(.text)
    _printf_pre_padding                      0x080004a9   Thumb Code    44  _printf_pad.o(.text)
    _printf_post_padding                     0x080004d5   Thumb Code    34  _printf_pad.o(.text)
    _printf_str                              0x080004f7   Thumb Code    82  _printf_str.o(.text)
    _printf_int_dec                          0x08000549   Thumb Code   104  _printf_dec.o(.text)
    __printf                                 0x080005c1   Thumb Code   388  __printf_flags_ss_wp.o(.text)
    __0sscanf                                0x08000749   Thumb Code    52  __0sscanf.o(.text)
    _scanf_int                               0x08000785   Thumb Code   332  _scanf_int.o(.text)
    strchr                                   0x080008d1   Thumb Code    20  strchr.o(.text)
    strstr                                   0x080008e5   Thumb Code    36  strstr.o(.text)
    strlen                                   0x08000909   Thumb Code    62  strlen.o(.text)
    __aeabi_memcpy                           0x08000947   Thumb Code     0  rt_memcpy_v6.o(.text)
    __rt_memcpy                              0x08000947   Thumb Code   138  rt_memcpy_v6.o(.text)
    _memcpy_lastbytes                        0x080009ad   Thumb Code     0  rt_memcpy_v6.o(.text)
    __aeabi_memclr                           0x080009d1   Thumb Code     0  rt_memclr.o(.text)
    __rt_memclr                              0x080009d1   Thumb Code    68  rt_memclr.o(.text)
    _memset                                  0x080009d5   Thumb Code     0  rt_memclr.o(.text)
    __aeabi_memclr4                          0x08000a15   Thumb Code     0  rt_memclr_w.o(.text)
    __aeabi_memclr8                          0x08000a15   Thumb Code     0  rt_memclr_w.o(.text)
    __rt_memclr_w                            0x08000a15   Thumb Code    78  rt_memclr_w.o(.text)
    _memset_w                                0x08000a19   Thumb Code     0  rt_memclr_w.o(.text)
    __use_two_region_memory                  0x08000a63   Thumb Code     2  heapauxi.o(.text)
    __rt_heap_escrow$2region                 0x08000a65   Thumb Code     2  heapauxi.o(.text)
    __rt_heap_expand$2region                 0x08000a67   Thumb Code     2  heapauxi.o(.text)
    __I$use$semihosting                      0x08000a69   Thumb Code     0  use_no_semi.o(.text)
    __use_no_semihosting_swi                 0x08000a69   Thumb Code     2  use_no_semi.o(.text)
    __rt_ctype_table                         0x08000a6d   Thumb Code    16  rt_ctype_table.o(.text)
    _printf_truncate_signed                  0x08000a7d   Thumb Code    18  _printf_truncate.o(.text)
    _printf_truncate_unsigned                0x08000a8f   Thumb Code    18  _printf_truncate.o(.text)
    _printf_int_common                       0x08000aa1   Thumb Code   178  _printf_intcommon.o(.text)
    _printf_charcount                        0x08000b53   Thumb Code    40  _printf_charcount.o(.text)
    _printf_char_common                      0x08000b87   Thumb Code    32  _printf_char_common.o(.text)
    _sputc                                   0x08000bad   Thumb Code    10  _sputc.o(.text)
    _snputc                                  0x08000bb7   Thumb Code    16  _snputc.o(.text)
    _printf_cs_common                        0x08000bc7   Thumb Code    20  _printf_char.o(.text)
    _printf_char                             0x08000bdb   Thumb Code    16  _printf_char.o(.text)
    _printf_string                           0x08000beb   Thumb Code     8  _printf_char.o(.text)
    _printf_char_file                        0x08000bf5   Thumb Code    32  _printf_char_file.o(.text)
    _printf_wctomb                           0x08000c19   Thumb Code   182  _printf_wctomb.o(.text)
    _printf_longlong_dec                     0x08000cd5   Thumb Code   108  _printf_longlong_dec.o(.text)
    _printf_longlong_oct                     0x08000d51   Thumb Code    66  _printf_oct_int_ll.o(.text)
    _printf_int_oct                          0x08000d93   Thumb Code    24  _printf_oct_int_ll.o(.text)
    _printf_ll_oct                           0x08000dab   Thumb Code    12  _printf_oct_int_ll.o(.text)
    _printf_longlong_hex                     0x08000dc1   Thumb Code    86  _printf_hex_int_ll_ptr.o(.text)
    _printf_int_hex                          0x08000e17   Thumb Code    28  _printf_hex_int_ll_ptr.o(.text)
    _printf_ll_hex                           0x08000e33   Thumb Code    12  _printf_hex_int_ll_ptr.o(.text)
    _printf_hex_ptr                          0x08000e3f   Thumb Code    18  _printf_hex_int_ll_ptr.o(.text)
    _chval                                   0x08000e55   Thumb Code    28  _chval.o(.text)
    __vfscanf_char                           0x08000e7d   Thumb Code    24  scanf_char.o(.text)
    _sgetc                                   0x08000e9d   Thumb Code    30  _sgetc.o(.text)
    _sbackspace                              0x08000ebb   Thumb Code    34  _sgetc.o(.text)
    __aeabi_memcpy4                          0x08000edd   Thumb Code     0  rt_memcpy_w.o(.text)
    __aeabi_memcpy8                          0x08000edd   Thumb Code     0  rt_memcpy_w.o(.text)
    __rt_memcpy_w                            0x08000edd   Thumb Code   100  rt_memcpy_w.o(.text)
    _memcpy_lastbytes_aligned                0x08000f25   Thumb Code     0  rt_memcpy_w.o(.text)
    __rt_locale                              0x08000f41   Thumb Code     8  rt_locale_intlibspace.o(.text)
    _ll_udiv10                               0x08000f49   Thumb Code   138  lludiv10.o(.text)
    isspace                                  0x08000fd3   Thumb Code    18  isspace.o(.text)
    __lib_sel_fp_printf                      0x08000fe5   Thumb Code     2  _printf_fp_dec.o(.text)
    _printf_fp_dec_real                      0x08001197   Thumb Code   620  _printf_fp_dec.o(.text)
    _printf_fp_hex_real                      0x08001405   Thumb Code   756  _printf_fp_hex.o(.text)
    _printf_lcs_common                       0x08001701   Thumb Code    20  _printf_wchar.o(.text)
    _printf_wchar                            0x08001715   Thumb Code    16  _printf_wchar.o(.text)
    _printf_wstring                          0x08001725   Thumb Code     8  _printf_wchar.o(.text)
    __vfscanf                                0x0800172d   Thumb Code   878  _scanf.o(.text)
    ferror                                   0x08001aa1   Thumb Code     8  ferror.o(.text)
    _wcrtomb                                 0x08001aa9   Thumb Code    64  _wcrtomb.o(.text)
    __user_libspace                          0x08001ae9   Thumb Code     8  libspace.o(.text)
    __user_perproc_libspace                  0x08001ae9   Thumb Code     0  libspace.o(.text)
    __user_perthread_libspace                0x08001ae9   Thumb Code     0  libspace.o(.text)
    __user_setup_stackheap                   0x08001af1   Thumb Code    74  sys_stackheap_outer.o(.text)
    _printf_fp_infnan                        0x08001b3d   Thumb Code   112  _printf_fp_infnan.o(.text)
    _btod_etento                             0x08001bbd   Thumb Code   224  bigflt0.o(.text)
    exit                                     0x08001ca1   Thumb Code    18  exit.o(.text)
    strcmp                                   0x08001cb5   Thumb Code   128  strcmpv7m.o(.text)
    _btod_d2e                                0x08001d35   Thumb Code    62  btod.o(CL$$btod_d2e)
    _d2e_denorm_low                          0x08001d73   Thumb Code    70  btod.o(CL$$btod_d2e_denorm_low)
    _d2e_norm_op1                            0x08001db9   Thumb Code    96  btod.o(CL$$btod_d2e_norm_op1)
    __btod_div_common                        0x08001e19   Thumb Code   696  btod.o(CL$$btod_div_common)
    _e2e                                     0x08002151   Thumb Code   220  btod.o(CL$$btod_e2e)
    _btod_ediv                               0x0800222d   Thumb Code    42  btod.o(CL$$btod_ediv)
    _btod_emul                               0x08002257   Thumb Code    42  btod.o(CL$$btod_emul)
    __btod_mult_common                       0x08002281   Thumb Code   580  btod.o(CL$$btod_mult_common)
    APP_ESP8266_GetPendingCommand            0x08002519   Thumb Code    32  app_esp8266.o(i.APP_ESP8266_GetPendingCommand)
    APP_ESP8266_Init                         0x0800253d   Thumb Code   208  app_esp8266.o(i.APP_ESP8266_Init)
    APP_ESP8266_SendStatusNow                0x080029e5   Thumb Code    56  app_esp8266.o(i.APP_ESP8266_SendStatusNow)
    APP_ESP8266_TaskProcessRx                0x08002ad9   Thumb Code    46  app_esp8266.o(i.APP_ESP8266_TaskProcessRx)
    APP_ESP8266_TaskUploadStatus             0x08002b0d   Thumb Code   100  app_esp8266.o(i.APP_ESP8266_TaskUploadStatus)
    APP_LED_Init                             0x08002c21   Thumb Code   108  app_led.o(i.APP_LED_Init)
    APP_LED_SetPIRIndicator                  0x08002c99   Thumb Code    20  app_led.o(i.APP_LED_SetPIRIndicator)
    APP_LED_ToggleHeartbeat                  0x08002cb1   Thumb Code     8  app_led.o(i.APP_LED_ToggleHeartbeat)
    APP_PIR_Init                             0x08002cbd   Thumb Code    54  app_pir.o(i.APP_PIR_Init)
    APP_PIR_ReadState                        0x08002cfd   Thumb Code    18  app_pir.o(i.APP_PIR_ReadState)
    APP_SERVO_Init                           0x08002d15   Thumb Code   162  app_servo.o(i.APP_SERVO_Init)
    APP_SERVO_SetDoorState                   0x08002dc9   Thumb Code    38  app_servo.o(i.APP_SERVO_SetDoorState)
    BusFault_Handler                         0x08003139   Thumb Code     2  stm32f4xx_it.o(i.BusFault_Handler)
    DHT11_Init                               0x080031cd   Thumb Code    62  dht11.o(i.DHT11_Init)
    DHT11_Read_Data                          0x08003289   Thumb Code    88  dht11.o(i.DHT11_Read_Data)
    DebugMon_Handler                         0x08003331   Thumb Code     2  stm32f4xx_it.o(i.DebugMon_Handler)
    EXTI0_IRQHandler                         0x08003333   Thumb Code     6  stm32f4xx_it.o(i.EXTI0_IRQHandler)
    EXTI1_IRQHandler                         0x08003339   Thumb Code     6  stm32f4xx_it.o(i.EXTI1_IRQHandler)
    EXTI4_IRQHandler                         0x0800333f   Thumb Code     6  stm32f4xx_it.o(i.EXTI4_IRQHandler)
    Error_Handler                            0x08003345   Thumb Code     4  main.o(i.Error_Handler)
    HAL_Delay                                0x08003349   Thumb Code    32  stm32f4xx_hal.o(i.HAL_Delay)
    HAL_GPIO_EXTI_Callback                   0x0800336d   Thumb Code     4  main.o(i.HAL_GPIO_EXTI_Callback)
    HAL_GPIO_EXTI_IRQHandler                 0x08003371   Thumb Code    18  stm32f4xx_hal_gpio.o(i.HAL_GPIO_EXTI_IRQHandler)
    HAL_GPIO_Init                            0x08003389   Thumb Code   450  stm32f4xx_hal_gpio.o(i.HAL_GPIO_Init)
    HAL_GPIO_ReadPin                         0x08003579   Thumb Code    10  stm32f4xx_hal_gpio.o(i.HAL_GPIO_ReadPin)
    HAL_GPIO_TogglePin                       0x08003583   Thumb Code    16  stm32f4xx_hal_gpio.o(i.HAL_GPIO_TogglePin)
    HAL_GPIO_WritePin                        0x08003593   Thumb Code    10  stm32f4xx_hal_gpio.o(i.HAL_GPIO_WritePin)
    HAL_GetTick                              0x0800359d   Thumb Code     6  stm32f4xx_hal.o(i.HAL_GetTick)
    HAL_IncTick                              0x080035a9   Thumb Code    12  stm32f4xx_hal.o(i.HAL_IncTick)
    HAL_Init                                 0x080035b9   Thumb Code    48  stm32f4xx_hal.o(i.HAL_Init)
    HAL_InitTick                             0x080035ed   Thumb Code    54  stm32f4xx_hal.o(i.HAL_InitTick)
    HAL_MspInit                              0x0800362d   Thumb Code    42  stm32f4xx_hal_msp.o(i.HAL_MspInit)
    HAL_NVIC_EnableIRQ                       0x0800365d   Thumb Code    26  stm32f4xx_hal_cortex.o(i.HAL_NVIC_EnableIRQ)
    HAL_NVIC_SetPriority                     0x08003679   Thumb Code    60  stm32f4xx_hal_cortex.o(i.HAL_NVIC_SetPriority)
    HAL_NVIC_SetPriorityGrouping             0x080036b9   Thumb Code    26  stm32f4xx_hal_cortex.o(i.HAL_NVIC_SetPriorityGrouping)
    HAL_RCC_ClockConfig                      0x080036dd   Thumb Code   288  stm32f4xx_hal_rcc.o(i.HAL_RCC_ClockConfig)
    HAL_RCC_GetHCLKFreq                      0x08003811   Thumb Code     6  stm32f4xx_hal_rcc.o(i.HAL_RCC_GetHCLKFreq)
    HAL_RCC_GetPCLK1Freq                     0x0800381d   Thumb Code    20  stm32f4xx_hal_rcc.o(i.HAL_RCC_GetPCLK1Freq)
    HAL_RCC_GetPCLK2Freq                     0x0800383d   Thumb Code    20  stm32f4xx_hal_rcc.o(i.HAL_RCC_GetPCLK2Freq)
    HAL_RCC_GetSysClockFreq                  0x0800385d   Thumb Code    88  stm32f4xx_hal_rcc.o(i.HAL_RCC_GetSysClockFreq)
    HAL_RCC_OscConfig                        0x080038bd   Thumb Code   856  stm32f4xx_hal_rcc.o(i.HAL_RCC_OscConfig)
    HAL_SYSTICK_Config                       0x08003c29   Thumb Code    40  stm32f4xx_hal_cortex.o(i.HAL_SYSTICK_Config)
    HAL_TIM_PWM_ConfigChannel                0x08003c51   Thumb Code   204  stm32f4xx_hal_tim.o(i.HAL_TIM_PWM_ConfigChannel)
    HAL_TIM_PWM_Init                         0x08003d1d   Thumb Code    90  stm32f4xx_hal_tim.o(i.HAL_TIM_PWM_Init)
    HAL_TIM_PWM_MspInit                      0x08003d77   Thumb Code     2  stm32f4xx_hal_tim.o(i.HAL_TIM_PWM_MspInit)
    HAL_TIM_PWM_Start                        0x08003d79   Thumb Code   172  stm32f4xx_hal_tim.o(i.HAL_TIM_PWM_Start)
    HAL_UART_Init                            0x08003e41   Thumb Code   100  stm32f4xx_hal_uart.o(i.HAL_UART_Init)
    HAL_UART_MspInit                         0x08003ea5   Thumb Code    94  usart.o(i.HAL_UART_MspInit)
    HardFault_Handler                        0x08003f11   Thumb Code     2  stm32f4xx_it.o(i.HardFault_Handler)
    Key_EXTI_Callback                        0x08003f15   Thumb Code    10  bsp_key.o(i.Key_EXTI_Callback)
    Key_GetEventAndClear                     0x08003f25   Thumb Code    10  bsp_key.o(i.Key_GetEventAndClear)
    Key_Init                                 0x08003f35   Thumb Code    76  bsp_key.o(i.Key_Init)
    MX_GPIO_Init                             0x08003f89   Thumb Code    70  gpio.o(i.MX_GPIO_Init)
    MX_USART1_UART_Init                      0x08003fd5   Thumb Code    48  usart.o(i.MX_USART1_UART_Init)
    MemManage_Handler                        0x0800400d   Thumb Code     2  stm32f4xx_it.o(i.MemManage_Handler)
    NMI_Handler                              0x0800400f   Thumb Code     2  stm32f4xx_it.o(i.NMI_Handler)
    OLED_Clear                               0x08004011   Thumb Code    20  bsp_oled.o(i.OLED_Clear)
    OLED_Init                                0x08004029   Thumb Code   276  bsp_oled.o(i.OLED_Init)
    OLED_Refresh                             0x0800414d   Thumb Code    92  bsp_oled.o(i.OLED_Refresh)
    OLED_String                              0x080041ad   Thumb Code   132  bsp_oled.o(i.OLED_String)
    PendSV_Handler                           0x08004235   Thumb Code     2  stm32f4xx_it.o(i.PendSV_Handler)
    SVC_Handler                              0x08004237   Thumb Code     2  stm32f4xx_it.o(i.SVC_Handler)
    SysTick_Handler                          0x08004239   Thumb Code     4  stm32f4xx_it.o(i.SysTick_Handler)
    SystemClock_Config                       0x0800423d   Thumb Code   138  main.o(i.SystemClock_Config)
    SystemCoreClockUpdate                    0x080042d1   Thumb Code   104  system_stm32f4xx.o(i.SystemCoreClockUpdate)
    SystemInit                               0x08004349   Thumb Code    12  system_stm32f4xx.o(i.SystemInit)
    TIM_Base_SetConfig                       0x08004359   Thumb Code   170  stm32f4xx_hal_tim.o(i.TIM_Base_SetConfig)
    TIM_CCxChannelCmd                        0x08004431   Thumb Code    26  stm32f4xx_hal_tim.o(i.TIM_CCxChannelCmd)
    TIM_OC2_SetConfig                        0x080044ad   Thumb Code    98  stm32f4xx_hal_tim.o(i.TIM_OC2_SetConfig)
    UART1_Init                               0x080045d1   Thumb Code   312  bsp_uart.o(i.UART1_Init)
    UART1_SendData                           0x08004785   Thumb Code    60  bsp_uart.o(i.UART1_SendData)
    UART2_ClearRx                            0x080047c9   Thumb Code     8  bsp_uart.o(i.UART2_ClearRx)
    UART2_GetRxData                          0x080047d5   Thumb Code     6  bsp_uart.o(i.UART2_GetRxData)
    UART2_GetRxNum                           0x080047e1   Thumb Code     6  bsp_uart.o(i.UART2_GetRxNum)
    UART2_Init                               0x080047ed   Thumb Code   294  bsp_uart.o(i.UART2_Init)
    UART2_SendAT                             0x08004931   Thumb Code    58  bsp_uart.o(i.UART2_SendAT)
    UART2_SendData                           0x08004971   Thumb Code    60  bsp_uart.o(i.UART2_SendData)
    UART2_SendString                         0x080049b5   Thumb Code    56  bsp_uart.o(i.UART2_SendString)
    UART4_IRQHandler                         0x080049ed   Thumb Code   158  bsp_uart.o(i.UART4_IRQHandler)
    UART5_IRQHandler                         0x08004ac9   Thumb Code   142  bsp_uart.o(i.UART5_IRQHandler)
    USART1_IRQHandler                        0x08004ca1   Thumb Code   148  bsp_uart.o(i.USART1_IRQHandler)
    USART2_IRQHandler                        0x08004d6d   Thumb Code   158  bsp_uart.o(i.USART2_IRQHandler)
    USART3_IRQHandler                        0x08004e49   Thumb Code   158  bsp_uart.o(i.USART3_IRQHandler)
    USART6_IRQHandler                        0x08004f25   Thumb Code   158  bsp_uart.o(i.USART6_IRQHandler)
    UsageFault_Handler                       0x08005001   Thumb Code     2  stm32f4xx_it.o(i.UsageFault_Handler)
    W25Q128_ReadData                         0x08005005   Thumb Code    82  bsp_w25q128.o(i.W25Q128_ReadData)
    W25Q128_ReadFontData                     0x08005061   Thumb Code   150  bsp_w25q128.o(i.W25Q128_ReadFontData)
    __ARM_fpclassify                         0x08005105   Thumb Code    48  fpclassify.o(i.__ARM_fpclassify)
    _is_digit                                0x08005155   Thumb Code    14  __printf_wp.o(i._is_digit)
    _sys_exit                                0x08005163   Thumb Code     2  bsp_uart.o(i._sys_exit)
    fputc                                    0x08005335   Thumb Code    14  bsp_uart.o(i.fputc)
    main                                     0x08005345   Thumb Code   194  main.o(i.main)
    _get_lc_ctype                            0x08005551   Thumb Code    44  lc_ctype_c.o(locale$$code)
    _get_lc_numeric                          0x0800557d   Thumb Code    44  lc_numeric_c.o(locale$$code)
    _fp_init                                 0x080055a9   Thumb Code    10  fpinit.o(x$fpl$fpinit)
    __fplib_config_fpu_vfp                   0x080055b1   Thumb Code     0  fpinit.o(x$fpl$fpinit)
    __fplib_config_pureend_doubles           0x080055b1   Thumb Code     0  fpinit.o(x$fpl$fpinit)
    _printf_fp_dec                           0x080055b3   Thumb Code     4  printf1.o(x$fpl$printf1)
    _printf_fp_hex                           0x080055b7   Thumb Code     4  printf2.o(x$fpl$printf2)
    AHBPrescTable                            0x080055ba   Data          16  system_stm32f4xx.o(.constdata)
    __I$use$fp                               0x080055ba   Number         0  usenofp.o(x$fpl$usenofp)
    APBPrescTable                            0x080055ca   Data           8  system_stm32f4xx.o(.constdata)
    aFontChinese12                           0x080055d2   Data          96  bsp_oled.o(.constdata)
    aFontChinese16                           0x08005632   Data         160  bsp_oled.o(.constdata)
    aFontChinese24                           0x080056d2   Data         288  bsp_oled.o(.constdata)
    aFontChinese32                           0x080057f2   Data         512  bsp_oled.o(.constdata)
    aFontASCII12                             0x080059f2   Data        1140  bsp_oled.o(.constdata)
    aFontASCII16                             0x08005e66   Data        1520  bsp_oled.o(.constdata)
    aFontASCII24                             0x08006456   Data        3420  bsp_oled.o(.constdata)
    aFontASCII32                             0x080071b2   Data        6080  bsp_oled.o(.constdata)
    Region$$Table$$Base                      0x08008af8   Number         0  anon$$obj.o(Region$$Table)
    Region$$Table$$Limit                     0x08008b18   Number         0  anon$$obj.o(Region$$Table)
    __ctype                                  0x08008b25   Data           0  lc_ctype_c.o(locale$$data)
    uwTickFreq                               0x2000001c   Data           1  stm32f4xx_hal.o(.data)
    uwTickPrio                               0x20000020   Data           4  stm32f4xx_hal.o(.data)
    uwTick                                   0x20000024   Data           4  stm32f4xx_hal.o(.data)
    SystemCoreClock                          0x20000028   Data           4  system_stm32f4xx.o(.data)
    __stdout                                 0x2000003c   Data           4  bsp_uart.o(.data)
    xLCD                                     0x20000050   Data           6  bsp_oled.o(.data)
    huart1                                   0x20000058   Data          72  usart.o(.bss)
    OLED_GRAM                                0x20003dc8   Data        1024  bsp_oled.o(.bss)
    xW25Q128                                 0x200041c8   Data          24  bsp_w25q128.o(.bss)
    W25Q128_buffer                           0x200041e0   Data        4096  bsp_w25q128.o(.bss)
    __libspace_start                         0x200051e0   Data          96  libspace.o(.bss)
    __temporary_stack_top$libspace           0x20005240   Data           0  libspace.o(.bss)



==============================================================================

Memory Map of the image

  Image Entry point : 0x08000189

  Load Region LR_IROM1 (Base: 0x08000000, Size: 0x00008c9c, Max: 0x00080000, ABSOLUTE)

    Execution Region ER_IROM1 (Exec base: 0x08000000, Load base: 0x08000000, Size: 0x00008c44, Max: 0x00080000, ABSOLUTE)

    Exec Addr    Load Addr    Size         Type   Attr      Idx    E Section Name        Object

    0x08000000   0x08000000   0x00000188   Data   RO            3    RESET               startup_stm32f407xx.o
    0x08000188   0x08000188   0x00000008   Code   RO         3827  * !!!main             c_w.l(__main.o)
    0x08000190   0x08000190   0x00000034   Code   RO         4144    !!!scatter          c_w.l(__scatter.o)
    0x080001c4   0x080001c4   0x0000001a   Code   RO         4146    !!handler_copy      c_w.l(__scatter_copy.o)
    0x080001de   0x080001de   0x00000002   PAD
    0x080001e0   0x080001e0   0x0000001c   Code   RO         4148    !!handler_zi        c_w.l(__scatter_zi.o)
    0x080001fc   0x080001fc   0x00000000   Code   RO         3808    .ARM.Collect$$_printf_percent$$00000000  c_w.l(_printf_percent.o)
    0x080001fc   0x080001fc   0x00000006   Code   RO         3887    .ARM.Collect$$_printf_percent$$00000001  c_w.l(_printf_n.o)
    0x08000202   0x08000202   0x00000006   Code   RO         3889    .ARM.Collect$$_printf_percent$$00000002  c_w.l(_printf_p.o)
    0x08000208   0x08000208   0x00000006   Code   RO         3892    .ARM.Collect$$_printf_percent$$00000003  c_w.l(_printf_f.o)
    0x0800020e   0x0800020e   0x00000006   Code   RO         3893    .ARM.Collect$$_printf_percent$$00000004  c_w.l(_printf_e.o)
    0x08000214   0x08000214   0x00000006   Code   RO         3894    .ARM.Collect$$_printf_percent$$00000005  c_w.l(_printf_g.o)
    0x0800021a   0x0800021a   0x00000006   Code   RO         3895    .ARM.Collect$$_printf_percent$$00000006  c_w.l(_printf_a.o)
    0x08000220   0x08000220   0x0000000a   Code   RO         3900    .ARM.Collect$$_printf_percent$$00000007  c_w.l(_printf_ll.o)
    0x0800022a   0x0800022a   0x00000006   Code   RO         3891    .ARM.Collect$$_printf_percent$$00000008  c_w.l(_printf_i.o)
    0x08000230   0x08000230   0x00000006   Code   RO         3806    .ARM.Collect$$_printf_percent$$00000009  c_w.l(_printf_d.o)
    0x08000236   0x08000236   0x00000006   Code   RO         3807    .ARM.Collect$$_printf_percent$$0000000A  c_w.l(_printf_u.o)
    0x0800023c   0x0800023c   0x00000006   Code   RO         3890    .ARM.Collect$$_printf_percent$$0000000B  c_w.l(_printf_o.o)
    0x08000242   0x08000242   0x00000006   Code   RO         3888    .ARM.Collect$$_printf_percent$$0000000C  c_w.l(_printf_x.o)
    0x08000248   0x08000248   0x00000006   Code   RO         3897    .ARM.Collect$$_printf_percent$$0000000D  c_w.l(_printf_lli.o)
    0x0800024e   0x0800024e   0x00000006   Code   RO         3898    .ARM.Collect$$_printf_percent$$0000000E  c_w.l(_printf_lld.o)
    0x08000254   0x08000254   0x00000006   Code   RO         3899    .ARM.Collect$$_printf_percent$$0000000F  c_w.l(_printf_llu.o)
    0x0800025a   0x0800025a   0x00000006   Code   RO         3904    .ARM.Collect$$_printf_percent$$00000010  c_w.l(_printf_llo.o)
    0x08000260   0x08000260   0x00000006   Code   RO         3905    .ARM.Collect$$_printf_percent$$00000011  c_w.l(_printf_llx.o)
    0x08000266   0x08000266   0x0000000a   Code   RO         3901    .ARM.Collect$$_printf_percent$$00000012  c_w.l(_printf_l.o)
    0x08000270   0x08000270   0x00000006   Code   RO         3886    .ARM.Collect$$_printf_percent$$00000013  c_w.l(_printf_c.o)
    0x08000276   0x08000276   0x00000006   Code   RO         3805    .ARM.Collect$$_printf_percent$$00000014  c_w.l(_printf_s.o)
    0x0800027c   0x0800027c   0x00000006   Code   RO         3902    .ARM.Collect$$_printf_percent$$00000015  c_w.l(_printf_lc.o)
    0x08000282   0x08000282   0x00000006   Code   RO         3903    .ARM.Collect$$_printf_percent$$00000016  c_w.l(_printf_ls.o)
    0x08000288   0x08000288   0x00000004   Code   RO         3896    .ARM.Collect$$_printf_percent$$00000017  c_w.l(_printf_percent_end.o)
    0x0800028c   0x0800028c   0x00000002   Code   RO         4016    .ARM.Collect$$libinit$$00000000  c_w.l(libinit.o)
    0x0800028e   0x0800028e   0x00000004   Code   RO         4017    .ARM.Collect$$libinit$$00000001  c_w.l(libinit2.o)
    0x08000292   0x08000292   0x00000000   Code   RO         4020    .ARM.Collect$$libinit$$00000004  c_w.l(libinit2.o)
    0x08000292   0x08000292   0x00000000   Code   RO         4023    .ARM.Collect$$libinit$$0000000A  c_w.l(libinit2.o)
    0x08000292   0x08000292   0x00000000   Code   RO         4025    .ARM.Collect$$libinit$$0000000C  c_w.l(libinit2.o)
    0x08000292   0x08000292   0x00000000   Code   RO         4027    .ARM.Collect$$libinit$$0000000E  c_w.l(libinit2.o)
    0x08000292   0x08000292   0x00000006   Code   RO         4028    .ARM.Collect$$libinit$$0000000F  c_w.l(libinit2.o)
    0x08000298   0x08000298   0x00000000   Code   RO         4030    .ARM.Collect$$libinit$$00000011  c_w.l(libinit2.o)
    0x08000298   0x08000298   0x0000000c   Code   RO         4031    .ARM.Collect$$libinit$$00000012  c_w.l(libinit2.o)
    0x080002a4   0x080002a4   0x00000000   Code   RO         4032    .ARM.Collect$$libinit$$00000013  c_w.l(libinit2.o)
    0x080002a4   0x080002a4   0x00000000   Code   RO         4034    .ARM.Collect$$libinit$$00000015  c_w.l(libinit2.o)
    0x080002a4   0x080002a4   0x0000000a   Code   RO         4035    .ARM.Collect$$libinit$$00000016  c_w.l(libinit2.o)
    0x080002ae   0x080002ae   0x00000000   Code   RO         4036    .ARM.Collect$$libinit$$00000017  c_w.l(libinit2.o)
    0x080002ae   0x080002ae   0x00000000   Code   RO         4038    .ARM.Collect$$libinit$$00000019  c_w.l(libinit2.o)
    0x080002ae   0x080002ae   0x00000000   Code   RO         4040    .ARM.Collect$$libinit$$0000001B  c_w.l(libinit2.o)
    0x080002ae   0x080002ae   0x00000000   Code   RO         4042    .ARM.Collect$$libinit$$0000001D  c_w.l(libinit2.o)
    0x080002ae   0x080002ae   0x00000000   Code   RO         4044    .ARM.Collect$$libinit$$0000001F  c_w.l(libinit2.o)
    0x080002ae   0x080002ae   0x00000000   Code   RO         4046    .ARM.Collect$$libinit$$00000021  c_w.l(libinit2.o)
    0x080002ae   0x080002ae   0x00000000   Code   RO         4048    .ARM.Collect$$libinit$$00000023  c_w.l(libinit2.o)
    0x080002ae   0x080002ae   0x00000000   Code   RO         4050    .ARM.Collect$$libinit$$00000025  c_w.l(libinit2.o)
    0x080002ae   0x080002ae   0x00000000   Code   RO         4054    .ARM.Collect$$libinit$$0000002C  c_w.l(libinit2.o)
    0x080002ae   0x080002ae   0x00000000   Code   RO         4056    .ARM.Collect$$libinit$$0000002E  c_w.l(libinit2.o)
    0x080002ae   0x080002ae   0x00000000   Code   RO         4058    .ARM.Collect$$libinit$$00000030  c_w.l(libinit2.o)
    0x080002ae   0x080002ae   0x00000000   Code   RO         4060    .ARM.Collect$$libinit$$00000032  c_w.l(libinit2.o)
    0x080002ae   0x080002ae   0x00000002   Code   RO         4061    .ARM.Collect$$libinit$$00000033  c_w.l(libinit2.o)
    0x080002b0   0x080002b0   0x00000002   Code   RO         4108    .ARM.Collect$$libshutdown$$00000000  c_w.l(libshutdown.o)
    0x080002b2   0x080002b2   0x00000000   Code   RO         4127    .ARM.Collect$$libshutdown$$00000002  c_w.l(libshutdown2.o)
    0x080002b2   0x080002b2   0x00000000   Code   RO         4129    .ARM.Collect$$libshutdown$$00000004  c_w.l(libshutdown2.o)
    0x080002b2   0x080002b2   0x00000000   Code   RO         4132    .ARM.Collect$$libshutdown$$00000007  c_w.l(libshutdown2.o)
    0x080002b2   0x080002b2   0x00000000   Code   RO         4135    .ARM.Collect$$libshutdown$$0000000A  c_w.l(libshutdown2.o)
    0x080002b2   0x080002b2   0x00000000   Code   RO         4137    .ARM.Collect$$libshutdown$$0000000C  c_w.l(libshutdown2.o)
    0x080002b2   0x080002b2   0x00000000   Code   RO         4140    .ARM.Collect$$libshutdown$$0000000F  c_w.l(libshutdown2.o)
    0x080002b2   0x080002b2   0x00000002   Code   RO         4141    .ARM.Collect$$libshutdown$$00000010  c_w.l(libshutdown2.o)
    0x080002b4   0x080002b4   0x00000000   Code   RO         3831    .ARM.Collect$$rtentry$$00000000  c_w.l(__rtentry.o)
    0x080002b4   0x080002b4   0x00000000   Code   RO         3923    .ARM.Collect$$rtentry$$00000002  c_w.l(__rtentry2.o)
    0x080002b4   0x080002b4   0x00000006   Code   RO         3935    .ARM.Collect$$rtentry$$00000004  c_w.l(__rtentry4.o)
    0x080002ba   0x080002ba   0x00000000   Code   RO         3925    .ARM.Collect$$rtentry$$00000009  c_w.l(__rtentry2.o)
    0x080002ba   0x080002ba   0x00000004   Code   RO         3926    .ARM.Collect$$rtentry$$0000000A  c_w.l(__rtentry2.o)
    0x080002be   0x080002be   0x00000000   Code   RO         3928    .ARM.Collect$$rtentry$$0000000C  c_w.l(__rtentry2.o)
    0x080002be   0x080002be   0x00000008   Code   RO         3929    .ARM.Collect$$rtentry$$0000000D  c_w.l(__rtentry2.o)
    0x080002c6   0x080002c6   0x00000002   Code   RO         4067    .ARM.Collect$$rtexit$$00000000  c_w.l(rtexit.o)
    0x080002c8   0x080002c8   0x00000000   Code   RO         4080    .ARM.Collect$$rtexit$$00000002  c_w.l(rtexit2.o)
    0x080002c8   0x080002c8   0x00000004   Code   RO         4081    .ARM.Collect$$rtexit$$00000003  c_w.l(rtexit2.o)
    0x080002cc   0x080002cc   0x00000006   Code   RO         4082    .ARM.Collect$$rtexit$$00000004  c_w.l(rtexit2.o)
    0x080002d2   0x080002d2   0x00000002   PAD
    0x080002d4   0x080002d4   0x00000040   Code   RO            4    .text               startup_stm32f407xx.o
    0x08000314   0x08000314   0x00000002   Code   RO         3757    .text               c_w.l(use_no_semi_2.o)
    0x08000316   0x08000316   0x000000ee   Code   RO         3759    .text               c_w.l(lludivv7m.o)
    0x08000404   0x08000404   0x0000001e   Code   RO         3761    .text               c_w.l(toupper.o)
    0x08000422   0x08000422   0x00000002   PAD
    0x08000424   0x08000424   0x00000034   Code   RO         3763    .text               c_w.l(vsnprintf.o)
    0x08000458   0x08000458   0x00000018   Code   RO         3765    .text               c_w.l(__2printf.o)
    0x08000470   0x08000470   0x00000038   Code   RO         3769    .text               c_w.l(__2snprintf.o)
    0x080004a8   0x080004a8   0x0000004e   Code   RO         3779    .text               c_w.l(_printf_pad.o)
    0x080004f6   0x080004f6   0x00000052   Code   RO         3781    .text               c_w.l(_printf_str.o)
    0x08000548   0x08000548   0x00000078   Code   RO         3783    .text               c_w.l(_printf_dec.o)
    0x080005c0   0x080005c0   0x00000188   Code   RO         3802    .text               c_w.l(__printf_flags_ss_wp.o)
    0x08000748   0x08000748   0x0000003c   Code   RO         3809    .text               c_w.l(__0sscanf.o)
    0x08000784   0x08000784   0x0000014c   Code   RO         3811    .text               c_w.l(_scanf_int.o)
    0x080008d0   0x080008d0   0x00000014   Code   RO         3813    .text               c_w.l(strchr.o)
    0x080008e4   0x080008e4   0x00000024   Code   RO         3815    .text               c_w.l(strstr.o)
    0x08000908   0x08000908   0x0000003e   Code   RO         3817    .text               c_w.l(strlen.o)
    0x08000946   0x08000946   0x0000008a   Code   RO         3819    .text               c_w.l(rt_memcpy_v6.o)
    0x080009d0   0x080009d0   0x00000044   Code   RO         3821    .text               c_w.l(rt_memclr.o)
    0x08000a14   0x08000a14   0x0000004e   Code   RO         3823    .text               c_w.l(rt_memclr_w.o)
    0x08000a62   0x08000a62   0x00000006   Code   RO         3825    .text               c_w.l(heapauxi.o)
    0x08000a68   0x08000a68   0x00000002   Code   RO         3829    .text               c_w.l(use_no_semi.o)
    0x08000a6a   0x08000a6a   0x00000002   PAD
    0x08000a6c   0x08000a6c   0x00000010   Code   RO         3832    .text               c_w.l(rt_ctype_table.o)
    0x08000a7c   0x08000a7c   0x00000024   Code   RO         3838    .text               c_w.l(_printf_truncate.o)
    0x08000aa0   0x08000aa0   0x000000b2   Code   RO         3840    .text               c_w.l(_printf_intcommon.o)
    0x08000b52   0x08000b52   0x00000028   Code   RO         3842    .text               c_w.l(_printf_charcount.o)
    0x08000b7a   0x08000b7a   0x00000002   PAD
    0x08000b7c   0x08000b7c   0x00000030   Code   RO         3844    .text               c_w.l(_printf_char_common.o)
    0x08000bac   0x08000bac   0x0000000a   Code   RO         3846    .text               c_w.l(_sputc.o)
    0x08000bb6   0x08000bb6   0x00000010   Code   RO         3848    .text               c_w.l(_snputc.o)
    0x08000bc6   0x08000bc6   0x0000002c   Code   RO         3850    .text               c_w.l(_printf_char.o)
    0x08000bf2   0x08000bf2   0x00000002   PAD
    0x08000bf4   0x08000bf4   0x00000024   Code   RO         3852    .text               c_w.l(_printf_char_file.o)
    0x08000c18   0x08000c18   0x000000bc   Code   RO         3854    .text               c_w.l(_printf_wctomb.o)
    0x08000cd4   0x08000cd4   0x0000007c   Code   RO         3857    .text               c_w.l(_printf_longlong_dec.o)
    0x08000d50   0x08000d50   0x00000070   Code   RO         3863    .text               c_w.l(_printf_oct_int_ll.o)
    0x08000dc0   0x08000dc0   0x00000094   Code   RO         3883    .text               c_w.l(_printf_hex_int_ll_ptr.o)
    0x08000e54   0x08000e54   0x0000001c   Code   RO         3906    .text               c_w.l(_chval.o)
    0x08000e70   0x08000e70   0x0000002c   Code   RO         3908    .text               c_w.l(scanf_char.o)
    0x08000e9c   0x08000e9c   0x00000040   Code   RO         3910    .text               c_w.l(_sgetc.o)
    0x08000edc   0x08000edc   0x00000064   Code   RO         3912    .text               c_w.l(rt_memcpy_w.o)
    0x08000f40   0x08000f40   0x00000008   Code   RO         3942    .text               c_w.l(rt_locale_intlibspace.o)
    0x08000f48   0x08000f48   0x0000008a   Code   RO         3944    .text               c_w.l(lludiv10.o)
    0x08000fd2   0x08000fd2   0x00000012   Code   RO         3946    .text               c_w.l(isspace.o)
    0x08000fe4   0x08000fe4   0x0000041e   Code   RO         3948    .text               c_w.l(_printf_fp_dec.o)
    0x08001402   0x08001402   0x00000002   PAD
    0x08001404   0x08001404   0x000002fc   Code   RO         3950    .text               c_w.l(_printf_fp_hex.o)
    0x08001700   0x08001700   0x0000002c   Code   RO         3955    .text               c_w.l(_printf_wchar.o)
    0x0800172c   0x0800172c   0x00000374   Code   RO         3957    .text               c_w.l(_scanf.o)
    0x08001aa0   0x08001aa0   0x00000008   Code   RO         3959    .text               c_w.l(ferror.o)
    0x08001aa8   0x08001aa8   0x00000040   Code   RO         3963    .text               c_w.l(_wcrtomb.o)
    0x08001ae8   0x08001ae8   0x00000008   Code   RO         3968    .text               c_w.l(libspace.o)
    0x08001af0   0x08001af0   0x0000004a   Code   RO         3971    .text               c_w.l(sys_stackheap_outer.o)
    0x08001b3a   0x08001b3a   0x00000002   PAD
    0x08001b3c   0x08001b3c   0x00000080   Code   RO         3973    .text               c_w.l(_printf_fp_infnan.o)
    0x08001bbc   0x08001bbc   0x000000e4   Code   RO         3975    .text               c_w.l(bigflt0.o)
    0x08001ca0   0x08001ca0   0x00000012   Code   RO         4003    .text               c_w.l(exit.o)
    0x08001cb2   0x08001cb2   0x00000002   PAD
    0x08001cb4   0x08001cb4   0x00000080   Code   RO         4009    .text               c_w.l(strcmpv7m.o)
    0x08001d34   0x08001d34   0x0000003e   Code   RO         3978    CL$$btod_d2e        c_w.l(btod.o)
    0x08001d72   0x08001d72   0x00000046   Code   RO         3980    CL$$btod_d2e_denorm_low  c_w.l(btod.o)
    0x08001db8   0x08001db8   0x00000060   Code   RO         3979    CL$$btod_d2e_norm_op1  c_w.l(btod.o)
    0x08001e18   0x08001e18   0x00000338   Code   RO         3988    CL$$btod_div_common  c_w.l(btod.o)
    0x08002150   0x08002150   0x000000dc   Code   RO         3985    CL$$btod_e2e        c_w.l(btod.o)
    0x0800222c   0x0800222c   0x0000002a   Code   RO         3982    CL$$btod_ediv       c_w.l(btod.o)
    0x08002256   0x08002256   0x0000002a   Code   RO         3981    CL$$btod_emul       c_w.l(btod.o)
    0x08002280   0x08002280   0x00000244   Code   RO         3987    CL$$btod_mult_common  c_w.l(btod.o)
    0x080024c4   0x080024c4   0x00000054   Code   RO          388    i.APP_ESP8266_FormatStatus  app_esp8266.o
    0x08002518   0x08002518   0x00000024   Code   RO          389    i.APP_ESP8266_GetPendingCommand  app_esp8266.o
    0x0800253c   0x0800253c   0x000001d4   Code   RO          390    i.APP_ESP8266_Init  app_esp8266.o
    0x08002710   0x08002710   0x000001e8   Code   RO          392    i.APP_ESP8266_ParseIPDCommand  app_esp8266.o
    0x080028f8   0x080028f8   0x000000e0   Code   RO          393    i.APP_ESP8266_ParseLinkEvent  app_esp8266.o
    0x080029d8   0x080029d8   0x0000000c   Code   RO          394    i.APP_ESP8266_SendATAndCheck  app_esp8266.o
    0x080029e4   0x080029e4   0x00000038   Code   RO          395    i.APP_ESP8266_SendStatusNow  app_esp8266.o
    0x08002a1c   0x08002a1c   0x000000bc   Code   RO          396    i.APP_ESP8266_SendTextToLink  app_esp8266.o
    0x08002ad8   0x08002ad8   0x00000034   Code   RO          397    i.APP_ESP8266_TaskProcessRx  app_esp8266.o
    0x08002b0c   0x08002b0c   0x00000068   Code   RO          398    i.APP_ESP8266_TaskUploadStatus  app_esp8266.o
    0x08002b74   0x08002b74   0x000000ac   Code   RO           13    i.APP_Init          main.o
    0x08002c20   0x08002c20   0x00000078   Code   RO          285    i.APP_LED_Init      app_led.o
    0x08002c98   0x08002c98   0x00000018   Code   RO          286    i.APP_LED_SetPIRIndicator  app_led.o
    0x08002cb0   0x08002cb0   0x0000000c   Code   RO          287    i.APP_LED_ToggleHeartbeat  app_led.o
    0x08002cbc   0x08002cbc   0x00000040   Code   RO          321    i.APP_PIR_Init      app_pir.o
    0x08002cfc   0x08002cfc   0x00000018   Code   RO          322    i.APP_PIR_ReadState  app_pir.o
    0x08002d14   0x08002d14   0x000000b4   Code   RO          351    i.APP_SERVO_Init    app_servo.o
    0x08002dc8   0x08002dc8   0x00000026   Code   RO          352    i.APP_SERVO_SetDoorState  app_servo.o
    0x08002dee   0x08002dee   0x00000002   PAD
    0x08002df0   0x08002df0   0x0000003c   Code   RO          353    i.APP_SERVO_SetSingleAngle  app_servo.o
    0x08002e2c   0x08002e2c   0x00000134   Code   RO           14    i.APP_TaskProcessEspCommand  main.o
    0x08002f60   0x08002f60   0x000000ac   Code   RO           15    i.APP_TaskReportUart  main.o
    0x0800300c   0x0800300c   0x0000012c   Code   RO           16    i.APP_TaskUpdateOLED  main.o
    0x08003138   0x08003138   0x00000002   Code   RO          482    i.BusFault_Handler  stm32f4xx_it.o
    0x0800313a   0x0800313a   0x00000002   PAD
    0x0800313c   0x0800313c   0x00000068   Code   RO         3670    i.DHT11_Check       dht11.o
    0x080031a4   0x080031a4   0x00000028   Code   RO         3671    i.DHT11_DelayUs     dht11.o
    0x080031cc   0x080031cc   0x0000004c   Code   RO         3672    i.DHT11_Init        dht11.o
    0x08003218   0x08003218   0x00000070   Code   RO         3673    i.DHT11_Read_Byte   dht11.o
    0x08003288   0x08003288   0x00000058   Code   RO         3674    i.DHT11_Read_Data   dht11.o
    0x080032e0   0x080032e0   0x00000050   Code   RO         3675    i.DHT11_Rst         dht11.o
    0x08003330   0x08003330   0x00000002   Code   RO          483    i.DebugMon_Handler  stm32f4xx_it.o
    0x08003332   0x08003332   0x00000006   Code   RO          484    i.EXTI0_IRQHandler  stm32f4xx_it.o
    0x08003338   0x08003338   0x00000006   Code   RO          485    i.EXTI1_IRQHandler  stm32f4xx_it.o
    0x0800333e   0x0800333e   0x00000006   Code   RO          486    i.EXTI4_IRQHandler  stm32f4xx_it.o
    0x08003344   0x08003344   0x00000004   Code   RO           17    i.Error_Handler     main.o
    0x08003348   0x08003348   0x00000024   Code   RO         2822    i.HAL_Delay         stm32f4xx_hal.o
    0x0800336c   0x0800336c   0x00000004   Code   RO           18    i.HAL_GPIO_EXTI_Callback  main.o
    0x08003370   0x08003370   0x00000018   Code   RO         2289    i.HAL_GPIO_EXTI_IRQHandler  stm32f4xx_hal_gpio.o
    0x08003388   0x08003388   0x000001f0   Code   RO         2290    i.HAL_GPIO_Init     stm32f4xx_hal_gpio.o
    0x08003578   0x08003578   0x0000000a   Code   RO         2292    i.HAL_GPIO_ReadPin  stm32f4xx_hal_gpio.o
    0x08003582   0x08003582   0x00000010   Code   RO         2293    i.HAL_GPIO_TogglePin  stm32f4xx_hal_gpio.o
    0x08003592   0x08003592   0x0000000a   Code   RO         2294    i.HAL_GPIO_WritePin  stm32f4xx_hal_gpio.o
    0x0800359c   0x0800359c   0x0000000c   Code   RO         2828    i.HAL_GetTick       stm32f4xx_hal.o
    0x080035a8   0x080035a8   0x00000010   Code   RO         2834    i.HAL_IncTick       stm32f4xx_hal.o
    0x080035b8   0x080035b8   0x00000034   Code   RO         2835    i.HAL_Init          stm32f4xx_hal.o
    0x080035ec   0x080035ec   0x00000040   Code   RO         2836    i.HAL_InitTick      stm32f4xx_hal.o
    0x0800362c   0x0800362c   0x00000030   Code   RO          575    i.HAL_MspInit       stm32f4xx_hal_msp.o
    0x0800365c   0x0800365c   0x0000001a   Code   RO         2680    i.HAL_NVIC_EnableIRQ  stm32f4xx_hal_cortex.o
    0x08003676   0x08003676   0x00000002   PAD
    0x08003678   0x08003678   0x00000040   Code   RO         2686    i.HAL_NVIC_SetPriority  stm32f4xx_hal_cortex.o
    0x080036b8   0x080036b8   0x00000024   Code   RO         2687    i.HAL_NVIC_SetPriorityGrouping  stm32f4xx_hal_cortex.o
    0x080036dc   0x080036dc   0x00000134   Code   RO         1936    i.HAL_RCC_ClockConfig  stm32f4xx_hal_rcc.o
    0x08003810   0x08003810   0x0000000c   Code   RO         1941    i.HAL_RCC_GetHCLKFreq  stm32f4xx_hal_rcc.o
    0x0800381c   0x0800381c   0x00000020   Code   RO         1943    i.HAL_RCC_GetPCLK1Freq  stm32f4xx_hal_rcc.o
    0x0800383c   0x0800383c   0x00000020   Code   RO         1944    i.HAL_RCC_GetPCLK2Freq  stm32f4xx_hal_rcc.o
    0x0800385c   0x0800385c   0x00000060   Code   RO         1945    i.HAL_RCC_GetSysClockFreq  stm32f4xx_hal_rcc.o
    0x080038bc   0x080038bc   0x0000036c   Code   RO         1948    i.HAL_RCC_OscConfig  stm32f4xx_hal_rcc.o
    0x08003c28   0x08003c28   0x00000028   Code   RO         2691    i.HAL_SYSTICK_Config  stm32f4xx_hal_cortex.o
    0x08003c50   0x08003c50   0x000000cc   Code   RO          673    i.HAL_TIM_PWM_ConfigChannel  stm32f4xx_hal_tim.o
    0x08003d1c   0x08003d1c   0x0000005a   Code   RO          676    i.HAL_TIM_PWM_Init  stm32f4xx_hal_tim.o
    0x08003d76   0x08003d76   0x00000002   Code   RO          678    i.HAL_TIM_PWM_MspInit  stm32f4xx_hal_tim.o
    0x08003d78   0x08003d78   0x000000c8   Code   RO          681    i.HAL_TIM_PWM_Start  stm32f4xx_hal_tim.o
    0x08003e40   0x08003e40   0x00000064   Code   RO         1602    i.HAL_UART_Init     stm32f4xx_hal_uart.o
    0x08003ea4   0x08003ea4   0x0000006c   Code   RO          244    i.HAL_UART_MspInit  usart.o
    0x08003f10   0x08003f10   0x00000002   Code   RO          487    i.HardFault_Handler  stm32f4xx_it.o
    0x08003f12   0x08003f12   0x00000002   PAD
    0x08003f14   0x08003f14   0x00000010   Code   RO         3720    i.Key_EXTI_Callback  bsp_key.o
    0x08003f24   0x08003f24   0x00000010   Code   RO         3721    i.Key_GetEventAndClear  bsp_key.o
    0x08003f34   0x08003f34   0x00000054   Code   RO         3722    i.Key_Init          bsp_key.o
    0x08003f88   0x08003f88   0x0000004c   Code   RO          219    i.MX_GPIO_Init      gpio.o
    0x08003fd4   0x08003fd4   0x00000038   Code   RO          245    i.MX_USART1_UART_Init  usart.o
    0x0800400c   0x0800400c   0x00000002   Code   RO          488    i.MemManage_Handler  stm32f4xx_it.o
    0x0800400e   0x0800400e   0x00000002   Code   RO          489    i.NMI_Handler       stm32f4xx_it.o
    0x08004010   0x08004010   0x00000018   Code   RO         3447    i.OLED_Clear        bsp_oled.o
    0x08004028   0x08004028   0x00000124   Code   RO         3451    i.OLED_Init         bsp_oled.o
    0x0800414c   0x0800414c   0x00000060   Code   RO         3453    i.OLED_Refresh      bsp_oled.o
    0x080041ac   0x080041ac   0x00000088   Code   RO         3455    i.OLED_String       bsp_oled.o
    0x08004234   0x08004234   0x00000002   Code   RO          490    i.PendSV_Handler    stm32f4xx_it.o
    0x08004236   0x08004236   0x00000002   Code   RO          491    i.SVC_Handler       stm32f4xx_it.o
    0x08004238   0x08004238   0x00000004   Code   RO          492    i.SysTick_Handler   stm32f4xx_it.o
    0x0800423c   0x0800423c   0x00000094   Code   RO           19    i.SystemClock_Config  main.o
    0x080042d0   0x080042d0   0x00000078   Code   RO         3073    i.SystemCoreClockUpdate  system_stm32f4xx.o
    0x08004348   0x08004348   0x00000010   Code   RO         3074    i.SystemInit        system_stm32f4xx.o
    0x08004358   0x08004358   0x000000d8   Code   RO          694    i.TIM_Base_SetConfig  stm32f4xx_hal_tim.o
    0x08004430   0x08004430   0x0000001a   Code   RO          695    i.TIM_CCxChannelCmd  stm32f4xx_hal_tim.o
    0x0800444a   0x0800444a   0x00000002   PAD
    0x0800444c   0x0800444c   0x00000060   Code   RO          707    i.TIM_OC1_SetConfig  stm32f4xx_hal_tim.o
    0x080044ac   0x080044ac   0x0000006c   Code   RO          708    i.TIM_OC2_SetConfig  stm32f4xx_hal_tim.o
    0x08004518   0x08004518   0x00000068   Code   RO          709    i.TIM_OC3_SetConfig  stm32f4xx_hal_tim.o
    0x08004580   0x08004580   0x00000050   Code   RO          710    i.TIM_OC4_SetConfig  stm32f4xx_hal_tim.o
    0x080045d0   0x080045d0   0x000001b4   Code   RO         3116    i.UART1_Init        bsp_uart.o
    0x08004784   0x08004784   0x00000044   Code   RO         3118    i.UART1_SendData    bsp_uart.o
    0x080047c8   0x080047c8   0x0000000c   Code   RO         3120    i.UART2_ClearRx     bsp_uart.o
    0x080047d4   0x080047d4   0x0000000c   Code   RO         3121    i.UART2_GetRxData   bsp_uart.o
    0x080047e0   0x080047e0   0x0000000c   Code   RO         3122    i.UART2_GetRxNum    bsp_uart.o
    0x080047ec   0x080047ec   0x00000144   Code   RO         3123    i.UART2_Init        bsp_uart.o
    0x08004930   0x08004930   0x00000040   Code   RO         3124    i.UART2_SendAT      bsp_uart.o
    0x08004970   0x08004970   0x00000044   Code   RO         3125    i.UART2_SendData    bsp_uart.o
    0x080049b4   0x080049b4   0x00000038   Code   RO         3126    i.UART2_SendString  bsp_uart.o
    0x080049ec   0x080049ec   0x000000dc   Code   RO         3137    i.UART4_IRQHandler  bsp_uart.o
    0x08004ac8   0x08004ac8   0x000000cc   Code   RO         3145    i.UART5_IRQHandler  bsp_uart.o
    0x08004b94   0x08004b94   0x0000010c   Code   RO         1628    i.UART_SetConfig    stm32f4xx_hal_uart.o
    0x08004ca0   0x08004ca0   0x000000cc   Code   RO         3157    i.USART1_IRQHandler  bsp_uart.o
    0x08004d6c   0x08004d6c   0x000000dc   Code   RO         3158    i.USART2_IRQHandler  bsp_uart.o
    0x08004e48   0x08004e48   0x000000dc   Code   RO         3159    i.USART3_IRQHandler  bsp_uart.o
    0x08004f24   0x08004f24   0x000000dc   Code   RO         3160    i.USART6_IRQHandler  bsp_uart.o
    0x08005000   0x08005000   0x00000002   Code   RO          493    i.UsageFault_Handler  stm32f4xx_it.o
    0x08005002   0x08005002   0x00000002   PAD
    0x08005004   0x08005004   0x0000005c   Code   RO         3589    i.W25Q128_ReadData  bsp_w25q128.o
    0x08005060   0x08005060   0x000000a4   Code   RO         3590    i.W25Q128_ReadFontData  bsp_w25q128.o
    0x08005104   0x08005104   0x00000030   Code   RO         4065    i.__ARM_fpclassify  m_wm.l(fpclassify.o)
    0x08005134   0x08005134   0x00000020   Code   RO         2693    i.__NVIC_SetPriority  stm32f4xx_hal_cortex.o
    0x08005154   0x08005154   0x0000000e   Code   RO         3795    i._is_digit         c_w.l(__printf_wp.o)
    0x08005162   0x08005162   0x00000002   Code   RO         3161    i._sys_exit         bsp_uart.o
    0x08005164   0x08005164   0x00000014   Code   RO         3456    i.delay             bsp_oled.o
    0x08005178   0x08005178   0x0000001c   Code   RO         3162    i.delay_ms          bsp_uart.o
    0x08005194   0x08005194   0x000000e0   Code   RO         3457    i.drawAscii         bsp_oled.o
    0x08005274   0x08005274   0x00000094   Code   RO         3458    i.drawGBK           bsp_oled.o
    0x08005308   0x08005308   0x0000002c   Code   RO         3459    i.drawPoint         bsp_oled.o
    0x08005334   0x08005334   0x0000000e   Code   RO         3163    i.fputc             bsp_uart.o
    0x08005342   0x08005342   0x00000002   PAD
    0x08005344   0x08005344   0x000000e4   Code   RO           20    i.main              main.o
    0x08005428   0x08005428   0x00000048   Code   RO         3460    i.sendByte          bsp_oled.o
    0x08005470   0x08005470   0x0000003c   Code   RO         3595    i.sendByte          bsp_w25q128.o
    0x080054ac   0x080054ac   0x00000030   Code   RO         3461    i.start             bsp_oled.o
    0x080054dc   0x080054dc   0x0000001c   Code   RO         3462    i.stop              bsp_oled.o
    0x080054f8   0x080054f8   0x00000028   Code   RO         3463    i.waitACK           bsp_oled.o
    0x08005520   0x08005520   0x0000002e   Code   RO         3464    i.writeCMD          bsp_oled.o
    0x0800554e   0x0800554e   0x00000002   PAD
    0x08005550   0x08005550   0x0000002c   Code   RO         3966    locale$$code        c_w.l(lc_ctype_c.o)
    0x0800557c   0x0800557c   0x0000002c   Code   RO         4001    locale$$code        c_w.l(lc_numeric_c.o)
    0x080055a8   0x080055a8   0x0000000a   Code   RO         4077    x$fpl$fpinit        fz_wm.l(fpinit.o)
    0x080055b2   0x080055b2   0x00000004   Code   RO         3914    x$fpl$printf1       fz_wm.l(printf1.o)
    0x080055b6   0x080055b6   0x00000004   Code   RO         3916    x$fpl$printf2       fz_wm.l(printf2.o)
    0x080055ba   0x080055ba   0x00000000   Code   RO         4064    x$fpl$usenofp       fz_wm.l(usenofp.o)
    0x080055ba   0x080055ba   0x00000010   Data   RO         3075    .constdata          system_stm32f4xx.o
    0x080055ca   0x080055ca   0x00000008   Data   RO         3076    .constdata          system_stm32f4xx.o
    0x080055d2   0x080055d2   0x000033a0   Data   RO         3466    .constdata          bsp_oled.o
    0x08008972   0x08008972   0x00000011   Data   RO         3803    .constdata          c_w.l(__printf_flags_ss_wp.o)
    0x08008983   0x08008983   0x00000001   PAD
    0x08008984   0x08008984   0x00000008   Data   RO         3855    .constdata          c_w.l(_printf_wctomb.o)
    0x0800898c   0x0800898c   0x00000028   Data   RO         3884    .constdata          c_w.l(_printf_hex_int_ll_ptr.o)
    0x080089b4   0x080089b4   0x00000026   Data   RO         3951    .constdata          c_w.l(_printf_fp_hex.o)
    0x080089da   0x080089da   0x00000002   PAD
    0x080089dc   0x080089dc   0x00000094   Data   RO         3976    .constdata          c_w.l(bigflt0.o)
    0x08008a70   0x08008a70   0x00000086   Data   RO         3166    .conststring        bsp_uart.o
    0x08008af6   0x08008af6   0x00000002   PAD
    0x08008af8   0x08008af8   0x00000020   Data   RO         4142    Region$$Table       anon$$obj.o
    0x08008b18   0x08008b18   0x00000110   Data   RO         3965    locale$$data        c_w.l(lc_ctype_c.o)
    0x08008c28   0x08008c28   0x0000001c   Data   RO         4000    locale$$data        c_w.l(lc_numeric_c.o)


    Execution Region RW_IRAM1 (Exec base: 0x20000000, Load base: 0x08008c44, Size: 0x00005840, Max: 0x0001c000, ABSOLUTE)

    Exec Addr    Load Addr    Size         Type   Attr      Idx    E Section Name        Object

    0x20000000   0x08008c44   0x0000000c   Data   RW           21    .data               main.o
    0x2000000c   0x08008c50   0x0000000d   Data   RW          399    .data               app_esp8266.o
    0x20000019   0x08008c5d   0x00000003   PAD
    0x2000001c   0x08008c60   0x0000000c   Data   RW         2842    .data               stm32f4xx_hal.o
    0x20000028   0x08008c6c   0x00000004   Data   RW         3077    .data               system_stm32f4xx.o
    0x2000002c   0x08008c70   0x00000010   Data   RW         3167    .data               bsp_uart.o
    0x2000003c   0x08008c80   0x00000004   Data   RW         3168    .data               bsp_uart.o
    0x20000040   0x08008c84   0x00000016   Data   RW         3468    .data               bsp_oled.o
    0x20000056   0x08008c9a   0x00000001   Data   RW         3723    .data               bsp_key.o
    0x20000057   0x08008c9b   0x00000001   PAD
    0x20000058        -       0x00000048   Zero   RW          246    .bss                usart.o
    0x200000a0        -       0x00000048   Zero   RW          354    .bss                app_servo.o
    0x200000e8        -       0x00003c60   Zero   RW         3164    .bss                bsp_uart.o
    0x20003d48        -       0x00000480   Zero   RW         3465    .bss                bsp_oled.o
    0x200041c8        -       0x00001018   Zero   RW         3598    .bss                bsp_w25q128.o
    0x200051e0        -       0x00000060   Zero   RW         3969    .bss                c_w.l(libspace.o)
    0x20005240        -       0x00000200   Zero   RW            2    HEAP                startup_stm32f407xx.o
    0x20005440        -       0x00000400   Zero   RW            1    STACK               startup_stm32f407xx.o


    Execution Region RW_IRAM2 (Exec base: 0x2001c000, Load base: 0x08008c9c, Size: 0x00000000, Max: 0x00004000, ABSOLUTE)

    **** No section assigned to this execution region ****


==============================================================================

Image component sizes


      Code (inc. data)   RO Data    RW Data    ZI Data      Debug   Object Name

      1712        670          0         13          0       8686   app_esp8266.o
       156         20          0          0          0       1871   app_led.o
        88         16          0          0          0       1323   app_pir.o
       278         24          0          0         72       2370   app_servo.o
       116         20          0          1          0       1998   bsp_key.o
      1218         84      13216         22       1152      10267   bsp_oled.o
      2384        562        134         20      15456      15050   bsp_uart.o
       316         28          0          0       4120       4132   bsp_w25q128.o
       500         40          0          0          0       4251   dht11.o
        76          6          0          0          0        847   gpio.o
      1336        468          0         12          0     695801   main.o
        64         26        392          0       1536        832   startup_stm32f407xx.o
       180         28          0         12          0       9313   stm32f4xx_hal.o
       198         14          0          0          0      33755   stm32f4xx_hal_cortex.o
       556         52          0          0          0       4051   stm32f4xx_hal_gpio.o
        48          6          0          0          0        830   stm32f4xx_hal_msp.o
      1356         78          0          0          0       5636   stm32f4xx_hal_rcc.o
      1126        110          0          0          0       8844   stm32f4xx_hal_tim.o
       368         10          0          0          0       2012   stm32f4xx_hal_uart.o
        38          0          0          0          0       5423   stm32f4xx_it.o
       136         20         24          4          0       1823   system_stm32f4xx.o
       164         22          0          0         72       1662   usart.o

    ----------------------------------------------------------------------
     12430       2304      13800         88      22408     820777   Object Totals
         0          0         32          0          0          0   (incl. Generated)
        16          0          2          4          0          0   (incl. Padding)

    ----------------------------------------------------------------------

      Code (inc. data)   RO Data    RW Data    ZI Data      Debug   Library Member Name

        60          8          0          0          0         84   __0sscanf.o
        24          4          0          0          0         84   __2printf.o
        56          6          0          0          0         88   __2snprintf.o
         8          0          0          0          0         68   __main.o
       392          4         17          0          0         92   __printf_flags_ss_wp.o
        14          0          0          0          0         68   __printf_wp.o
         0          0          0          0          0          0   __rtentry.o
        12          0          0          0          0          0   __rtentry2.o
         6          0          0          0          0          0   __rtentry4.o
        52          8          0          0          0          0   __scatter.o
        26          0          0          0          0          0   __scatter_copy.o
        28          0          0          0          0          0   __scatter_zi.o
        28          0          0          0          0         68   _chval.o
         6          0          0          0          0          0   _printf_a.o
         6          0          0          0          0          0   _printf_c.o
        44          0          0          0          0        108   _printf_char.o
        48          6          0          0          0         96   _printf_char_common.o
        36          4          0          0          0         80   _printf_char_file.o
        40          0          0          0          0         68   _printf_charcount.o
         6          0          0          0          0          0   _printf_d.o
       120         16          0          0          0         92   _printf_dec.o
         6          0          0          0          0          0   _printf_e.o
         6          0          0          0          0          0   _printf_f.o
      1054          0          0          0          0        216   _printf_fp_dec.o
       764          8         38          0          0        100   _printf_fp_hex.o
       128         16          0          0          0         84   _printf_fp_infnan.o
         6          0          0          0          0          0   _printf_g.o
       148          4         40          0          0        160   _printf_hex_int_ll_ptr.o
         6          0          0          0          0          0   _printf_i.o
       178          0          0          0          0         88   _printf_intcommon.o
        10          0          0          0          0          0   _printf_l.o
         6          0          0          0          0          0   _printf_lc.o
        10          0          0          0          0          0   _printf_ll.o
         6          0          0          0          0          0   _printf_lld.o
         6          0          0          0          0          0   _printf_lli.o
         6          0          0          0          0          0   _printf_llo.o
         6          0          0          0          0          0   _printf_llu.o
         6          0          0          0          0          0   _printf_llx.o
       124         16          0          0          0         92   _printf_longlong_dec.o
         6          0          0          0          0          0   _printf_ls.o
         6          0          0          0          0          0   _printf_n.o
         6          0          0          0          0          0   _printf_o.o
       112         10          0          0          0        124   _printf_oct_int_ll.o
         6          0          0          0          0          0   _printf_p.o
        78          0          0          0          0        108   _printf_pad.o
         0          0          0          0          0          0   _printf_percent.o
         4          0          0          0          0          0   _printf_percent_end.o
         6          0          0          0          0          0   _printf_s.o
        82          0          0          0          0         80   _printf_str.o
        36          0          0          0          0         84   _printf_truncate.o
         6          0          0          0          0          0   _printf_u.o
        44          0          0          0          0        108   _printf_wchar.o
       188          6          8          0          0         92   _printf_wctomb.o
         6          0          0          0          0          0   _printf_x.o
       884          6          0          0          0        100   _scanf.o
       332          0          0          0          0         96   _scanf_int.o
        64          0          0          0          0         84   _sgetc.o
        16          0          0          0          0         68   _snputc.o
        10          0          0          0          0         68   _sputc.o
        64          0          0          0          0         92   _wcrtomb.o
       228          4        148          0          0         96   bigflt0.o
      1936        128          0          0          0        672   btod.o
        18          0          0          0          0         80   exit.o
         8          0          0          0          0         68   ferror.o
         6          0          0          0          0        152   heapauxi.o
        18          0          0          0          0         76   isspace.o
        44         10        272          0          0         76   lc_ctype_c.o
        44         10         28          0          0         76   lc_numeric_c.o
         2          0          0          0          0          0   libinit.o
        34          0          0          0          0          0   libinit2.o
         2          0          0          0          0          0   libshutdown.o
         2          0          0          0          0          0   libshutdown2.o
         8          4          0          0         96         68   libspace.o
       138          0          0          0          0         80   lludiv10.o
       238          0          0          0          0        100   lludivv7m.o
        16          4          0          0          0         76   rt_ctype_table.o
         8          4          0          0          0         68   rt_locale_intlibspace.o
        68          0          0          0          0         68   rt_memclr.o
        78          0          0          0          0         80   rt_memclr_w.o
       138          0          0          0          0         68   rt_memcpy_v6.o
       100          0          0          0          0         80   rt_memcpy_w.o
         2          0          0          0          0          0   rtexit.o
        10          0          0          0          0          0   rtexit2.o
        44          8          0          0          0         84   scanf_char.o
        20          0          0          0          0         68   strchr.o
       128          0          0          0          0         68   strcmpv7m.o
        62          0          0          0          0         76   strlen.o
        36          0          0          0          0         80   strstr.o
        74          0          0          0          0         80   sys_stackheap_outer.o
        30          0          0          0          0         76   toupper.o
         2          0          0          0          0         68   use_no_semi.o
         2          0          0          0          0         68   use_no_semi_2.o
        52          4          0          0          0         80   vsnprintf.o
        10          0          0          0          0        116   fpinit.o
         4          0          0          0          0        116   printf1.o
         4          0          0          0          0        116   printf2.o
         0          0          0          0          0          0   usenofp.o
        48          0          0          0          0        124   fpclassify.o

    ----------------------------------------------------------------------
      9124        298        554          0         96       6044   Library Totals
        18          0          3          0          0          0   (incl. Padding)

    ----------------------------------------------------------------------

      Code (inc. data)   RO Data    RW Data    ZI Data      Debug   Library Name

      9040        298        551          0         96       5572   c_w.l
        18          0          0          0          0        348   fz_wm.l
        48          0          0          0          0        124   m_wm.l

    ----------------------------------------------------------------------
      9124        298        554          0         96       6044   Library Totals

    ----------------------------------------------------------------------

==============================================================================


      Code (inc. data)   RO Data    RW Data    ZI Data      Debug   

     21554       2602      14354         88      22504     812149   Grand Totals
     21554       2602      14354         88      22504     812149   ELF Image Totals
     21554       2602      14354         88          0          0   ROM Totals

==============================================================================

    Total RO  Size (Code + RO Data)                35908 (  35.07kB)
    Total RW  Size (RW Data + ZI Data)             22592 (  22.06kB)
    Total ROM Size (Code + RO Data + RW Data)      35996 (  35.15kB)

==============================================================================

